Component: ARM Compiler 5.06 update 7 (build 960) Tool: armlink [4d3601]

==============================================================================

Section Cross References

    startup_stm32f205xx.o(STACK) refers (Special) to heapauxi.o(.text) for __use_two_region_memory
    startup_stm32f205xx.o(HEAP) refers (Special) to heapauxi.o(.text) for __use_two_region_memory
    startup_stm32f205xx.o(RESET) refers (Special) to heapauxi.o(.text) for __use_two_region_memory
    startup_stm32f205xx.o(RESET) refers to startup_stm32f205xx.o(STACK) for __initial_sp
    startup_stm32f205xx.o(RESET) refers to startup_stm32f205xx.o(.text) for Reset_Handler
    startup_stm32f205xx.o(RESET) refers to stm32f2xx_it.o(i.NMI_Handler) for NMI_Handler
    startup_stm32f205xx.o(RESET) refers to stm32f2xx_it.o(i.HardFault_Handler) for HardFault_Handler
    startup_stm32f205xx.o(RESET) refers to stm32f2xx_it.o(i.MemManage_Handler) for MemManage_Handler
    startup_stm32f205xx.o(RESET) refers to stm32f2xx_it.o(i.BusFault_Handler) for BusFault_Handler
    startup_stm32f205xx.o(RESET) refers to stm32f2xx_it.o(i.UsageFault_Handler) for UsageFault_Handler
    startup_stm32f205xx.o(RESET) refers to stm32f2xx_it.o(i.SVC_Handler) for SVC_Handler
    startup_stm32f205xx.o(RESET) refers to stm32f2xx_it.o(i.DebugMon_Handler) for DebugMon_Handler
    startup_stm32f205xx.o(RESET) refers to stm32f2xx_it.o(i.PendSV_Handler) for PendSV_Handler
    startup_stm32f205xx.o(RESET) refers to stm32f2xx_it.o(i.SysTick_Handler) for SysTick_Handler
    startup_stm32f205xx.o(RESET) refers to stm32f2xx_it.o(i.USART1_IRQHandler) for USART1_IRQHandler
    startup_stm32f205xx.o(RESET) refers to stm32f2xx_it.o(i.DMA2_Stream2_IRQHandler) for DMA2_Stream2_IRQHandler
    startup_stm32f205xx.o(RESET) refers to stm32f2xx_it.o(i.DMA2_Stream7_IRQHandler) for DMA2_Stream7_IRQHandler
    startup_stm32f205xx.o(.text) refers (Special) to heapauxi.o(.text) for __use_two_region_memory
    startup_stm32f205xx.o(.text) refers to system_stm32f2xx.o(i.SystemInit) for SystemInit
    startup_stm32f205xx.o(.text) refers to __main.o(!!!main) for __main
    startup_stm32f205xx.o(.text) refers to startup_stm32f205xx.o(HEAP) for Heap_Mem
    startup_stm32f205xx.o(.text) refers to startup_stm32f205xx.o(STACK) for Stack_Mem
    ms5614t.o(i.ClearRxBuff) refers to usart.o(.bss) for aRxBuffer
    ms5614t.o(i.MS5614T2_SetCode) refers to ms5614t.o(i.MakeFrame) for MakeFrame
    ms5614t.o(i.MS5614T2_SetCode) refers to stm32f2xx_hal_gpio.o(i.HAL_GPIO_WritePin) for HAL_GPIO_WritePin
    ms5614t.o(i.MS5614T2_SetCode) refers to ms5614t.o(i.short_delay) for short_delay
    ms5614t.o(i.MS5614T2_SetCode) refers to stm32f2xx_hal_spi.o(i.HAL_SPI_Transmit) for HAL_SPI_Transmit
    ms5614t.o(i.MS5614T2_SetCode) refers to ms5614t.o(.data) for .data
    ms5614t.o(i.MS5614T2_SetCode) refers to main.o(.bss) for hspi3
    ms5614t.o(i.MS5614T_SetCode) refers to ms5614t.o(i.MakeFrame) for MakeFrame
    ms5614t.o(i.MS5614T_SetCode) refers to stm32f2xx_hal_gpio.o(i.HAL_GPIO_WritePin) for HAL_GPIO_WritePin
    ms5614t.o(i.MS5614T_SetCode) refers to ms5614t.o(i.short_delay) for short_delay
    ms5614t.o(i.MS5614T_SetCode) refers to stm32f2xx_hal_spi.o(i.HAL_SPI_Transmit) for HAL_SPI_Transmit
    ms5614t.o(i.MS5614T_SetCode) refers to ms5614t.o(.data) for .data
    ms5614t.o(i.MS5614T_SetCode) refers to main.o(.bss) for hspi2
    ms5614t.o(i.delay_ms) refers to ms5614t.o(i.delay_us) for delay_us
    ms5614t.o(i.delay_s) refers to ms5614t.o(i.delay_us) for delay_us
    ms5614t.o(i.delay_us) refers to system_stm32f2xx.o(.data) for SystemCoreClock
    ms5614t.o(i.modify_table_loop) refers to ms5614t.o(i.ClearRxBuff) for ClearRxBuff
    ms5614t.o(i.modify_table_loop) refers to usart.o(.bss) for aRxBuffer
    ms5614t.o(i.modify_table_loop) refers to ms5614t.o(.data) for .data
    ms5614t.o(i.modify_table_loop) refers to main.o(.data) for workState
    ms5614t.o(i.modify_table_loop) refers to usart.o(.data) for lastGet
    ms5614t.o(i.modify_table_loop) refers to usart.o(.data) for ReceEndFlag
    ms5614t.o(i.sampleVoltage) refers to ms5614t.o(i.delay_us) for delay_us
    ms5614t.o(i.sampleVoltage) refers to adc.o(i.ADC_Write_Loop) for ADC_Write_Loop
    ms5614t.o(i.sampleVoltage) refers to ms5614t.o(.data) for .data
    ms5614t.o(i.sampleVoltage) refers to main.o(.bss) for txBuffer
    ms5614t.o(i.sampleVoltage) refers to usart.o(.data) for txCount
    ms5614t.o(i.sendTxBuffer) refers to stm32f2xx_hal_uart.o(i.HAL_UART_Transmit_DMA) for HAL_UART_Transmit_DMA
    ms5614t.o(i.sendTxBuffer) refers to main.o(.bss) for txBuffer
    ms5614t.o(i.sendTxBuffer) refers to usart.o(.data) for txCount
    ms5614t.o(i.sendTxBuffer) refers to usart.o(.data) for dma_transfer_complete
    ms5614t.o(i.sendTxBuffer) refers to main.o(.bss) for huart1
    ms5614t.o(i.write_ms5614t_manual) refers to ms5614t.o(i.modify_table_loop) for modify_table_loop
    ms5614t.o(i.write_ms5614t_manual) refers to ms5614t.o(i.ClearRxBuff) for ClearRxBuff
[...]
    ../fplib/ffix.s                          0x00000000   Number         0  ffix.o ABSOLUTE
    ../fplib/fflt.s                          0x00000000   Number         0  fflt_clz.o ABSOLUTE
    ../fplib/fmul.s                          0x00000000   Number         0  fmul.o ABSOLUTE
    ../fplib/fnaninf.s                       0x00000000   Number         0  fnaninf.o ABSOLUTE
    ../fplib/fpinit.s                        0x00000000   Number         0  fpinit.o ABSOLUTE
    ../fplib/fretinf.s                       0x00000000   Number         0  fretinf.o ABSOLUTE
    ../fplib/usenofp.s                       0x00000000   Number         0  usenofp.o ABSOLUTE
    ..\Core\Src\adc.c                        0x00000000   Number         0  adc.o ABSOLUTE
    ..\Core\Src\dac_const.c                  0x00000000   Number         0  dac_const.o ABSOLUTE
    ..\Core\Src\main.c                       0x00000000   Number         0  main.o ABSOLUTE
    ..\Core\Src\ms5614t.c                    0x00000000   Number         0  ms5614t.o ABSOLUTE
    ..\Core\Src\peak_detection.c             0x00000000   Number         0  peak_detection.o ABSOLUTE
    ..\Core\Src\pwr_const.c                  0x00000000   Number         0  pwr_const.o ABSOLUTE
    ..\Core\Src\stm32f2xx_hal_msp.c          0x00000000   Number         0  stm32f2xx_hal_msp.o ABSOLUTE
    ..\Core\Src\stm32f2xx_it.c               0x00000000   Number         0  stm32f2xx_it.o ABSOLUTE
    ..\Core\Src\system_stm32f2xx.c           0x00000000   Number         0  system_stm32f2xx.o ABSOLUTE
    ..\Core\Src\usart.c                      0x00000000   Number         0  usart.o ABSOLUTE
    ..\Core\Src\wave_const.c                 0x00000000   Number         0  wave_const.o ABSOLUTE
    ..\Drivers\STM32F2xx_HAL_Driver\Src\stm32f2xx_hal.c 0x00000000   Number         0  stm32f2xx_hal.o ABSOLUTE
    ..\Drivers\STM32F2xx_HAL_Driver\Src\stm32f2xx_hal_cortex.c 0x00000000   Number         0  stm32f2xx_hal_cortex.o ABSOLUTE
    ..\Drivers\STM32F2xx_HAL_Driver\Src\stm32f2xx_hal_dma.c 0x00000000   Number         0  stm32f2xx_hal_dma.o ABSOLUTE
    ..\Drivers\STM32F2xx_HAL_Driver\Src\stm32f2xx_hal_dma_ex.c 0x00000000   Number         0  stm32f2xx_hal_dma_ex.o ABSOLUTE
    ..\Drivers\STM32F2xx_HAL_Driver\Src\stm32f2xx_hal_exti.c 0x00000000   Number         0  stm32f2xx_hal_exti.o ABSOLUTE
    ..\Drivers\STM32F2xx_HAL_Driver\Src\stm32f2xx_hal_flash.c 0x00000000   Number         0  stm32f2xx_hal_flash.o ABSOLUTE
    ..\Drivers\STM32F2xx_HAL_Driver\Src\stm32f2xx_hal_flash_ex.c 0x00000000   Number         0  stm32f2xx_hal_flash_ex.o ABSOLUTE
    ..\Drivers\STM32F2xx_HAL_Driver\Src\stm32f2xx_hal_gpio.c 0x00000000   Number         0  stm32f2xx_hal_gpio.o ABSOLUTE
    ..\Drivers\STM32F2xx_HAL_Driver\Src\stm32f2xx_hal_pwr.c 0x00000000   Number         0  stm32f2xx_hal_pwr.o ABSOLUTE
    ..\Drivers\STM32F2xx_HAL_Driver\Src\stm32f2xx_hal_pwr_ex.c 0x00000000   Number         0  stm32f2xx_hal_pwr_ex.o ABSOLUTE
    ..\Drivers\STM32F2xx_HAL_Driver\Src\stm32f2xx_hal_rcc.c 0x00000000   Number         0  stm32f2xx_hal_rcc.o ABSOLUTE
    ..\Drivers\STM32F2xx_HAL_Driver\Src\stm32f2xx_hal_rcc_ex.c 0x00000000   Number         0  stm32f2xx_hal_rcc_ex.o ABSOLUTE
    ..\Drivers\STM32F2xx_HAL_Driver\Src\stm32f2xx_hal_spi.c 0x00000000   Number         0  stm32f2xx_hal_spi.o ABSOLUTE
    ..\Drivers\STM32F2xx_HAL_Driver\Src\stm32f2xx_hal_uart.c 0x00000000   Number         0  stm32f2xx_hal_uart.o ABSOLUTE
    ..\\Core\\Src\\adc.c                     0x00000000   Number         0  adc.o ABSOLUTE
    ..\\Core\\Src\\dac_const.c               0x00000000   Number         0  dac_const.o ABSOLUTE
    ..\\Core\\Src\\ms5614t.c                 0x00000000   Number         0  ms5614t.o ABSOLUTE
    ..\\Core\\Src\\peak_detection.c          0x00000000   Number         0  peak_detection.o ABSOLUTE
    ..\\Core\\Src\\pwr_const.c               0x00000000   Number         0  pwr_const.o ABSOLUTE
    ..\\Core\\Src\\usart.c                   0x00000000   Number         0  usart.o ABSOLUTE
    ..\\Core\\Src\\wave_const.c              0x00000000   Number         0  wave_const.o ABSOLUTE
    dc.s                                     0x00000000   Number         0  dc.o ABSOLUTE
    startup_stm32f205xx.s                    0x00000000   Number         0  startup_stm32f205xx.o ABSOLUTE
    RESET                                    0x08000000   Section      388  startup_stm32f205xx.o(RESET)
    !!!main                                  0x08000184   Section        8  __main.o(!!!main)
    !!!scatter                               0x0800018c   Section       52  __scatter.o(!!!scatter)
    !!handler_copy                           0x080001c0   Section       26  __scatter_copy.o(!!handler_copy)
    !!handler_zi                             0x080001dc   Section       28  __scatter_zi.o(!!handler_zi)
    .ARM.Collect$$libinit$$00000000          0x080001f8   Section        2  libinit.o(.ARM.Collect$$libinit$$00000000)
    .ARM.Collect$$libinit$$00000002          0x080001fa   Section        0  libinit2.o(.ARM.Collect$$libinit$$00000002)
    .ARM.Collect$$libinit$$00000004          0x080001fa   Section        0  libinit2.o(.ARM.Collect$$libinit$$00000004)
    .ARM.Collect$$libinit$$0000000A          0x080001fa   Section        0  libinit2.o(.ARM.Collect$$libinit$$0000000A)
    .ARM.Collect$$libinit$$0000000C          0x080001fa   Section        0  libinit2.o(.ARM.Collect$$libinit$$0000000C)
    .ARM.Collect$$libinit$$0000000E          0x080001fa   Section        0  libinit2.o(.ARM.Collect$$libinit$$0000000E)
    .ARM.Collect$$libinit$$00000011          0x080001fa   Section        0  libinit2.o(.ARM.Collect$$libinit$$00000011)
    .ARM.Collect$$libinit$$00000013          0x080001fa   Section        0  libinit2.o(.ARM.Collect$$libinit$$00000013)
    .ARM.Collect$$libinit$$00000015          0x080001fa   Section        0  libinit2.o(.ARM.Collect$$libinit$$00000015)
    .ARM.Collect$$libinit$$00000017          0x080001fa   Section        0  libinit2.o(.ARM.Collect$$libinit$$00000017)
    .ARM.Collect$$libinit$$00000019          0x080001fa   Section        0  libinit2.o(.ARM.Collect$$libinit$$00000019)
    .ARM.Collect$$libinit$$0000001B          0x080001fa   Section        0  libinit2.o(.ARM.Collect$$libinit$$0000001B)
    .ARM.Collect$$libinit$$0000001D          0x080001fa   Section        0  libinit2.o(.ARM.Collect$$libinit$$0000001D)
    .ARM.Collect$$libinit$$0000001F          0x080001fa   Section        0  libinit2.o(.ARM.Collect$$libinit$$0000001F)
    .ARM.Collect$$libinit$$00000021          0x080001fa   Section        0  libinit2.o(.ARM.Collect$$libinit$$00000021)
    .ARM.Collect$$libinit$$00000023          0x080001fa   Section        0  libinit2.o(.ARM.Collect$$libinit$$00000023)
    .ARM.Collect$$libinit$$00000025          0x080001fa   Section        0  libinit2.o(.ARM.Collect$$libinit$$00000025)
    .ARM.Collect$$libinit$$0000002C          0x080001fa   Section        0  libinit2.o(.ARM.Collect$$libinit$$0000002C)
    .ARM.Collect$$libinit$$0000002E          0x080001fa   Section        0  libinit2.o(.ARM.Collect$$libinit$$0000002E)
    .ARM.Collect$$libinit$$00000030          0x080001fa   Section        0  libinit2.o(.ARM.Collect$$libinit$$00000030)
    .ARM.Collect$$libinit$$00000032          0x080001fa   Section        0  libinit2.o(.ARM.Collect$$libinit$$00000032)
    .ARM.Collect$$libinit$$00000033          0x080001fa   Section        2  libinit2.o(.ARM.Collect$$libinit$$00000033)
    .ARM.Collect$$libshutdown$$00000000      0x080001fc   Section        2  libshutdown.o(.ARM.Collect$$libshutdown$$00000000)
    .ARM.Collect$$libshutdown$$00000002      0x080001fe   Section        0  libshutdown2.o(.ARM.Collect$$libshutdown$$00000002)
    .ARM.Collect$$libshutdown$$00000004      0x080001fe   Section        0  libshutdown2.o(.ARM.Collect$$libshutdown$$00000004)
    .ARM.Collect$$libshutdown$$00000006      0x080001fe   Section        0  libshutdown2.o(.ARM.Collect$$libshutdown$$00000006)
    .ARM.Collect$$libshutdown$$00000009      0x080001fe   Section        0  libshutdown2.o(.ARM.Collect$$libshutdown$$00000009)
    .ARM.Collect$$libshutdown$$0000000C      0x080001fe   Section        0  libshutdown2.o(.ARM.Collect$$libshutdown$$0000000C)
    .ARM.Collect$$libshutdown$$0000000E      0x080001fe   Section        0  libshutdown2.o(.ARM.Collect$$libshutdown$$0000000E)
    .ARM.Collect$$libshutdown$$00000011      0x080001fe   Section        0  libshutdown2.o(.ARM.Collect$$libshutdown$$00000011)
    .ARM.Collect$$libshutdown$$00000012      0x080001fe   Section        2  libshutdown2.o(.ARM.Collect$$libshutdown$$00000012)
    .ARM.Collect$$rtentry$$00000000          0x08000200   Section        0  __rtentry.o(.ARM.Collect$$rtentry$$00000000)
    .ARM.Collect$$rtentry$$00000002          0x08000200   Section        0  __rtentry2.o(.ARM.Collect$$rtentry$$00000002)
    .ARM.Collect$$rtentry$$00000004          0x08000200   Section        6  __rtentry4.o(.ARM.Collect$$rtentry$$00000004)
    .ARM.Collect$$rtentry$$00000009          0x08000206   Section        0  __rtentry2.o(.ARM.Collect$$rtentry$$00000009)
    .ARM.Collect$$rtentry$$0000000A          0x08000206   Section        4  __rtentry2.o(.ARM.Collect$$rtentry$$0000000A)
    .ARM.Collect$$rtentry$$0000000C          0x0800020a   Section        0  __rtentry2.o(.ARM.Collect$$rtentry$$0000000C)
    .ARM.Collect$$rtentry$$0000000D          0x0800020a   Section        8  __rtentry2.o(.ARM.Collect$$rtentry$$0000000D)
    .ARM.Collect$$rtexit$$00000000           0x08000212   Section        2  rtexit.o(.ARM.Collect$$rtexit$$00000000)
    .ARM.Collect$$rtexit$$00000002           0x08000214   Section        0  rtexit2.o(.ARM.Collect$$rtexit$$00000002)
    .ARM.Collect$$rtexit$$00000003           0x08000214   Section        4  rtexit2.o(.ARM.Collect$$rtexit$$00000003)
    .ARM.Collect$$rtexit$$00000004           0x08000218   Section        6  rtexit2.o(.ARM.Collect$$rtexit$$00000004)
    .text                                    0x08000220   Section       64  startup_stm32f205xx.o(.text)
    .text                                    0x08000260   Section      238  lludivv7m.o(.text)
    .text                                    0x0800034e   Section      138  rt_memcpy_v6.o(.text)
    .text                                    0x080003d8   Section       68  rt_memclr.o(.text)
    .text                                    0x0800041c   Section       78  rt_memclr_w.o(.text)
    .text                                    0x0800046a   Section        0  heapauxi.o(.text)
    .text                                    0x08000470   Section      100  rt_memcpy_w.o(.text)
    .text                                    0x080004d4   Section       74  sys_stackheap_outer.o(.text)
    .text                                    0x0800051e   Section        0  exit.o(.text)
    .text                                    0x08000530   Section        8  libspace.o(.text)
    .text                                    0x08000538   Section        0  sys_exit.o(.text)
    .text                                    0x08000544   Section        2  use_no_semi.o(.text)
    .text                                    0x08000546   Section        0  indicate_semi.o(.text)
    i.ADC_SPI_Cmd                            0x08000548   Section        0  adc.o(i.ADC_SPI_Cmd)
    i.ADC_Write_Loop                         0x0800058c   Section        0  adc.o(i.ADC_Write_Loop)
    i.BusFault_Handler                       0x08000594   Section        0  stm32f2xx_it.o(i.BusFault_Handler)
    i.ClearRxBuff                            0x08000598   Section        0  ms5614t.o(i.ClearRxBuff)
    i.DMA2_Stream2_IRQHandler                0x080005b0   Section        0  stm32f2xx_it.o(i.DMA2_Stream2_IRQHandler)
    i.DMA2_Stream7_IRQHandler                0x080005bc   Section        0  stm32f2xx_it.o(i.DMA2_Stream7_IRQHandler)
    i.DMA_CalcBaseAndBitshift                0x080005c8   Section        0  stm32f2xx_hal_dma.o(i.DMA_CalcBaseAndBitshift)
    DMA_CalcBaseAndBitshift                  0x080005c9   Thumb Code    34  stm32f2xx_hal_dma.o(i.DMA_CalcBaseAndBitshift)
    i.DMA_CheckFifoParam                     0x080005f0   Section        0  stm32f2xx_hal_dma.o(i.DMA_CheckFifoParam)
    DMA_CheckFifoParam                       0x080005f1   Thumb Code    84  stm32f2xx_hal_dma.o(i.DMA_CheckFifoParam)
    i.DMA_SetConfig                          0x08000644   Section        0  stm32f2xx_hal_dma.o(i.DMA_SetConfig)
    DMA_SetConfig                            0x08000645   Thumb Code    40  stm32f2xx_hal_dma.o(i.DMA_SetConfig)
    i.DebugMon_Handler                       0x0800066c   Section        0  stm32f2xx_it.o(i.DebugMon_Handler)
    i.Error_Handler                          0x0800066e   Section        0  main.o(i.Error_Handler)
    i.FillPeaks                              0x08000674   Section        0  peak_detection.o(i.FillPeaks)
    i.Find_Initial                           0x08000858   Section        0  peak_detection.o(i.Find_Initial)
    i.Find_Peaks                             0x08000900   Section        0  peak_detection.o(i.Find_Peaks)
    i.HAL_DMA_Abort                          0x08000a24   Section        0  stm32f2xx_hal_dma.o(i.HAL_DMA_Abort)
    i.HAL_DMA_Abort_IT                       0x08000ab6   Section        0  stm32f2xx_hal_dma.o(i.HAL_DMA_Abort_IT)
    i.HAL_DMA_IRQHandler                     0x08000adc   Section        0  stm32f2xx_hal_dma.o(i.HAL_DMA_IRQHandler)
    i.HAL_DMA_Init                           0x08000c7c   Section        0  stm32f2xx_hal_dma.o(i.HAL_DMA_Init)
    i.HAL_DMA_Start_IT                       0x08000d50   Section        0  stm32f2xx_hal_dma.o(i.HAL_DMA_Start_IT)
    i.HAL_GPIO_Init                          0x08000dc0   Section        0  stm32f2xx_hal_gpio.o(i.HAL_GPIO_Init)
    i.HAL_GPIO_WritePin                      0x08001048   Section        0  stm32f2xx_hal_gpio.o(i.HAL_GPIO_WritePin)
    i.HAL_GetTick                            0x08001054   Section        0  stm32f2xx_hal.o(i.HAL_GetTick)
    i.HAL_IncTick                            0x08001060   Section        0  stm32f2xx_hal.o(i.HAL_IncTick)
    i.HAL_Init                               0x08001070   Section        0  stm32f2xx_hal.o(i.HAL_Init)
    i.HAL_InitTick                           0x080010a4   Section        0  stm32f2xx_hal.o(i.HAL_InitTick)
    i.HAL_MspInit                            0x080010e4   Section        0  stm32f2xx_hal_msp.o(i.HAL_MspInit)
    i.HAL_NVIC_EnableIRQ                     0x08001118   Section        0  stm32f2xx_hal_cortex.o(i.HAL_NVIC_EnableIRQ)
    i.HAL_NVIC_SetPriority                   0x08001134   Section        0  stm32f2xx_hal_cortex.o(i.HAL_NVIC_SetPriority)
    i.HAL_NVIC_SetPriorityGrouping           0x08001174   Section        0  stm32f2xx_hal_cortex.o(i.HAL_NVIC_SetPriorityGrouping)
    i.HAL_RCC_ClockConfig                    0x08001198   Section        0  stm32f2xx_hal_rcc.o(i.HAL_RCC_ClockConfig)
    i.HAL_RCC_GetPCLK1Freq                   0x080012d4   Section        0  stm32f2xx_hal_rcc.o(i.HAL_RCC_GetPCLK1Freq)
    i.HAL_RCC_GetPCLK2Freq                   0x08001304   Section        0  stm32f2xx_hal_rcc.o(i.HAL_RCC_GetPCLK2Freq)
    i.HAL_RCC_GetSysClockFreq                0x08001334   Section        0  stm32f2xx_hal_rcc.o(i.HAL_RCC_GetSysClockFreq)
    i.HAL_RCC_OscConfig                      0x08001398   Section        0  stm32f2xx_hal_rcc.o(i.HAL_RCC_OscConfig)
    i.HAL_SPI_Init                           0x080016e4   Section        0  stm32f2xx_hal_spi.o(i.HAL_SPI_Init)
    i.HAL_SPI_MspInit                        0x080017a0   Section        0  stm32f2xx_hal_msp.o(i.HAL_SPI_MspInit)
    i.HAL_SPI_Transmit                       0x08001884   Section        0  stm32f2xx_hal_spi.o(i.HAL_SPI_Transmit)
    i.HAL_SPI_TransmitReceive                0x080019ea   Section        0  stm32f2xx_hal_spi.o(i.HAL_SPI_TransmitReceive)
    i.HAL_SYSTICK_Config                     0x08001bda   Section        0  stm32f2xx_hal_cortex.o(i.HAL_SYSTICK_Config)
    i.HAL_UARTEx_RxEventCallback             0x08001c02   Section        0  stm32f2xx_hal_uart.o(i.HAL_UARTEx_RxEventCallback)
    i.HAL_UART_ErrorCallback                 0x08001c04   Section        0  stm32f2xx_hal_uart.o(i.HAL_UART_ErrorCallback)
    i.HAL_UART_IRQHandler                    0x08001c08   Section        0  stm32f2xx_hal_uart.o(i.HAL_UART_IRQHandler)
    i.HAL_UART_Init                          0x08001e78   Section        0  stm32f2xx_hal_uart.o(i.HAL_UART_Init)
    i.HAL_UART_MspInit                       0x08001edc   Section        0  stm32f2xx_hal_msp.o(i.HAL_UART_MspInit)
    i.HAL_UART_Receive_DMA                   0x08001fc8   Section        0  stm32f2xx_hal_uart.o(i.HAL_UART_Receive_DMA)
    i.HAL_UART_RxCpltCallback                0x08001fe4   Section        0  usart.o(i.HAL_UART_RxCpltCallback)
    i.HAL_UART_RxHalfCpltCallback            0x08002020   Section        0  stm32f2xx_hal_uart.o(i.HAL_UART_RxHalfCpltCallback)
    i.HAL_UART_Transmit_DMA                  0x08002024   Section        0  stm32f2xx_hal_uart.o(i.HAL_UART_Transmit_DMA)
    i.HAL_UART_TxCpltCallback                0x0800209c   Section        0  usart.o(i.HAL_UART_TxCpltCallback)
    i.HAL_UART_TxHalfCpltCallback            0x080020c8   Section        0  stm32f2xx_hal_uart.o(i.HAL_UART_TxHalfCpltCallback)
    i.HardFault_Handler                      0x080020ca   Section        0  stm32f2xx_it.o(i.HardFault_Handler)
    i.MS5614T2_SetCode                       0x080020cc   Section        0  ms5614t.o(i.MS5614T2_SetCode)
    i.MS5614T_SetCode                        0x08002180   Section        0  ms5614t.o(i.MS5614T_SetCode)
    i.MX_GPIO_Init                           0x08002230   Section        0  main.o(i.MX_GPIO_Init)
    MX_GPIO_Init                             0x08002231   Thumb Code   266  main.o(i.MX_GPIO_Init)
    i.MX_SPI1_Init                           0x08002350   Section        0  main.o(i.MX_SPI1_Init)
    MX_SPI1_Init                             0x08002351   Thumb Code    60  main.o(i.MX_SPI1_Init)
    i.MX_SPI2_Init                           0x08002394   Section        0  main.o(i.MX_SPI2_Init)
    MX_SPI2_Init                             0x08002395   Thumb Code    62  main.o(i.MX_SPI2_Init)
    i.MX_SPI3_Init                           0x080023dc   Section        0  main.o(i.MX_SPI3_Init)
    MX_SPI3_Init                             0x080023dd   Thumb Code    62  main.o(i.MX_SPI3_Init)
    i.MakeFrame                              0x08002424   Section        0  ms5614t.o(i.MakeFrame)
    MakeFrame                                0x08002425   Thumb Code    38  ms5614t.o(i.MakeFrame)
    i.MemManage_Handler                      0x0800244a   Section        0  stm32f2xx_it.o(i.MemManage_Handler)
    i.NMI_Handler                            0x0800244c   Section        0  stm32f2xx_it.o(i.NMI_Handler)
    i.PendSV_Handler                         0x0800244e   Section        0  stm32f2xx_it.o(i.PendSV_Handler)
    i.SPI_EndRxTxTransaction                 0x08002450   Section        0  stm32f2xx_hal_spi.o(i.SPI_EndRxTxTransaction)
    SPI_EndRxTxTransaction                   0x08002451   Thumb Code    52  stm32f2xx_hal_spi.o(i.SPI_EndRxTxTransaction)
    i.SPI_WaitFlagStateUntilTimeout          0x08002484   Section        0  stm32f2xx_hal_spi.o(i.SPI_WaitFlagStateUntilTimeout)
    SPI_WaitFlagStateUntilTimeout            0x08002485   Thumb Code   180  stm32f2xx_hal_spi.o(i.SPI_WaitFlagStateUntilTimeout)
    i.SVC_Handler                            0x0800253c   Section        0  stm32f2xx_it.o(i.SVC_Handler)
    i.SysTick_Handler                        0x0800253e   Section        0  stm32f2xx_it.o(i.SysTick_Handler)
    i.SystemClock_Config                     0x08002542   Section        0  main.o(i.SystemClock_Config)
    i.SystemInit                             0x080025aa   Section        0  system_stm32f2xx.o(i.SystemInit)
    i.UART_DMAAbortOnError                   0x080025ac   Section        0  stm32f2xx_hal_uart.o(i.UART_DMAAbortOnError)
    UART_DMAAbortOnError                     0x080025ad   Thumb Code    16  stm32f2xx_hal_uart.o(i.UART_DMAAbortOnError)
    i.UART_DMAError                          0x080025bc   Section        0  stm32f2xx_hal_uart.o(i.UART_DMAError)
    UART_DMAError                            0x080025bd   Thumb Code    74  stm32f2xx_hal_uart.o(i.UART_DMAError)
    i.UART_DMAReceiveCplt                    0x08002606   Section        0  stm32f2xx_hal_uart.o(i.UART_DMAReceiveCplt)
    UART_DMAReceiveCplt                      0x08002607   Thumb Code   134  stm32f2xx_hal_uart.o(i.UART_DMAReceiveCplt)
    i.UART_DMARxHalfCplt                     0x0800268c   Section        0  stm32f2xx_hal_uart.o(i.UART_DMARxHalfCplt)
    UART_DMARxHalfCplt                       0x0800268d   Thumb Code    30  stm32f2xx_hal_uart.o(i.UART_DMARxHalfCplt)
    i.UART_DMATransmitCplt                   0x080026aa   Section        0  stm32f2xx_hal_uart.o(i.UART_DMATransmitCplt)
    UART_DMATransmitCplt                     0x080026ab   Thumb Code    66  stm32f2xx_hal_uart.o(i.UART_DMATransmitCplt)
    i.UART_DMATxHalfCplt                     0x080026ec   Section        0  stm32f2xx_hal_uart.o(i.UART_DMATxHalfCplt)
    UART_DMATxHalfCplt                       0x080026ed   Thumb Code    10  stm32f2xx_hal_uart.o(i.UART_DMATxHalfCplt)
    i.UART_EndRxTransfer                     0x080026f6   Section        0  stm32f2xx_hal_uart.o(i.UART_EndRxTransfer)
    UART_EndRxTransfer                       0x080026f7   Thumb Code    78  stm32f2xx_hal_uart.o(i.UART_EndRxTransfer)
    i.UART_EndTxTransfer                     0x08002744   Section        0  stm32f2xx_hal_uart.o(i.UART_EndTxTransfer)
    UART_EndTxTransfer                       0x08002745   Thumb Code    28  stm32f2xx_hal_uart.o(i.UART_EndTxTransfer)
    i.UART_Receive_IT                        0x08002760   Section        0  stm32f2xx_hal_uart.o(i.UART_Receive_IT)
    UART_Receive_IT                          0x08002761   Thumb Code   194  stm32f2xx_hal_uart.o(i.UART_Receive_IT)
    i.UART_SetConfig                         0x08002824   Section        0  stm32f2xx_hal_uart.o(i.UART_SetConfig)
    UART_SetConfig                           0x08002825   Thumb Code   284  stm32f2xx_hal_uart.o(i.UART_SetConfig)
    i.UART_Start_Receive_DMA                 0x08002948   Section        0  stm32f2xx_hal_uart.o(i.UART_Start_Receive_DMA)
    i.USART1_IRQHandler                      0x080029d8   Section        0  stm32f2xx_it.o(i.USART1_IRQHandler)
    i.USART_DMA_Send                         0x080029e4   Section        0  usart.o(i.USART_DMA_Send)
    i.USART_Queue_Send                       0x08002a2c   Section        0  usart.o(i.USART_Queue_Send)
    i.UsageFault_Handler                     0x08002a78   Section        0  stm32f2xx_it.o(i.UsageFault_Handler)
    i.__NVIC_SetPriority                     0x08002a7a   Section        0  stm32f2xx_hal_cortex.o(i.__NVIC_SetPriority)
    __NVIC_SetPriority                       0x08002a7b   Thumb Code    32  stm32f2xx_hal_cortex.o(i.__NVIC_SetPriority)
    i.delay_us                               0x08002a9c   Section        0  ms5614t.o(i.delay_us)
    i.main                                   0x08002af0   Section        0  main.o(i.main)
    i.modify_table_loop                      0x08002bc4   Section        0  ms5614t.o(i.modify_table_loop)
    i.sampleVoltage                          0x08002c18   Section        0  ms5614t.o(i.sampleVoltage)
    i.sendTxBuffer                           0x08002c68   Section        0  ms5614t.o(i.sendTxBuffer)
    i.short_delay                            0x08002cbc   Section        0  ms5614t.o(i.short_delay)
    i.write_ms5614t_manual                   0x08002ccc   Section        0  ms5614t.o(i.write_ms5614t_manual)
    i.write_ms5614t_table                    0x08002d78   Section        0  ms5614t.o(i.write_ms5614t_table)
    x$fpl$d2f                                0x08002f1c   Section       98  d2f.o(x$fpl$d2f)
    x$fpl$dadd                               0x08002f80   Section      336  daddsub_clz.o(x$fpl$dadd)
    _dadd1                                   0x08002f91   Thumb Code     0  daddsub_clz.o(x$fpl$dadd)
    x$fpl$dfltu                              0x080030d0   Section       38  dflt_clz.o(x$fpl$dfltu)
    x$fpl$dmul                               0x080030f8   Section      340  dmul.o(x$fpl$dmul)
    x$fpl$dnaninf                            0x0800324c   Section      156  dnaninf.o(x$fpl$dnaninf)
    x$fpl$dretinf                            0x080032e8   Section       12  dretinf.o(x$fpl$dretinf)
    x$fpl$dsub                               0x080032f4   Section      468  daddsub_clz.o(x$fpl$dsub)
    _dsub1                                   0x08003305   Thumb Code     0  daddsub_clz.o(x$fpl$dsub)
    x$fpl$f2d                                0x080034c8   Section       86  f2d.o(x$fpl$f2d)
    x$fpl$fadd                               0x08003520   Section      196  faddsub_clz.o(x$fpl$fadd)
    _fadd1                                   0x0800352f   Thumb Code     0  faddsub_clz.o(x$fpl$fadd)
    x$fpl$fdiv                               0x080035e4   Section      388  fdiv.o(x$fpl$fdiv)
    _fdiv1                                   0x080035e5   Thumb Code     0  fdiv.o(x$fpl$fdiv)
    x$fpl$ffix                               0x08003768   Section       54  ffix.o(x$fpl$ffix)
    x$fpl$fflt                               0x080037a0   Section       48  fflt_clz.o(x$fpl$fflt)
    x$fpl$fmul                               0x080037d0   Section      258  fmul.o(x$fpl$fmul)
    x$fpl$fnaninf                            0x080038d2   Section      140  fnaninf.o(x$fpl$fnaninf)
    x$fpl$fretinf                            0x0800395e   Section       10  fretinf.o(x$fpl$fretinf)
    x$fpl$frsb                               0x08003968   Section       20  faddsub_clz.o(x$fpl$frsb)
    x$fpl$fsub                               0x0800397c   Section      234  faddsub_clz.o(x$fpl$fsub)
    _fsub1                                   0x0800398b   Thumb Code     0  faddsub_clz.o(x$fpl$fsub)
    .constdata                               0x08003a66   Section        8  stm32f2xx_hal_dma.o(.constdata)
    x$fpl$usenofp                            0x08003a66   Section        0  usenofp.o(x$fpl$usenofp)
    flagBitshiftOffset                       0x08003a66   Data           8  stm32f2xx_hal_dma.o(.constdata)
    .constdata                               0x08003a6e   Section       16  system_stm32f2xx.o(.constdata)
    .constdata                               0x08003a7e   Section        8  system_stm32f2xx.o(.constdata)
    .ARM.__AT_0x08020000                     0x08020000   Section    40000  dac_const.o(.ARM.__AT_0x08020000)
    .ARM.__AT_0x08030000                     0x08030000   Section    16000  wave_const.o(.ARM.__AT_0x08030000)
    .ARM.__AT_0x08040000                     0x08040000   Section    16000  pwr_const.o(.ARM.__AT_0x08040000)
    .data                                    0x20000000   Section       16  ms5614t.o(.data)
    .data                                    0x20000010   Section        8  peak_detection.o(.data)
    .data                                    0x20000018   Section        1  usart.o(.data)
    .data                                    0x20000019   Section        4  usart.o(.data)
    .data                                    0x2000001e   Section        2  usart.o(.data)
    .data                                    0x20000020   Section        1  main.o(.data)
    .data                                    0x20000024   Section       12  stm32f2xx_hal.o(.data)
    .data                                    0x20000030   Section        4  system_stm32f2xx.o(.data)
    .bss                                     0x20000034   Section       10  ms5614t.o(.bss)
    .bss                                     0x2000003e   Section     8000  peak_detection.o(.bss)
    .bss                                     0x20001f7e   Section     8000  peak_detection.o(.bss)
    .bss                                     0x20003ebe   Section     8000  peak_detection.o(.bss)
    .bss                                     0x20005dfe   Section     8000  peak_detection.o(.bss)
    .bss                                     0x20007d40   Section    16240  peak_detection.o(.bss)
    .bss                                     0x2000bcb0   Section      118  usart.o(.bss)
    .bss                                     0x2000bd26   Section    32071  main.o(.bss)
    .bss                                     0x20013a70   Section      336  main.o(.bss)
    .bss                                     0x20013bc0   Section       96  main.o(.bss)
    .bss                                     0x20013c20   Section       96  main.o(.bss)
    .bss                                     0x20013c80   Section       96  libspace.o(.bss)
    HEAP                                     0x20013ce0   Section      512  startup_stm32f205xx.o(HEAP)
    Heap_Mem                                 0x20013ce0   Data         512  startup_stm32f205xx.o(HEAP)
    STACK                                    0x20013ee0   Section     1024  startup_stm32f205xx.o(STACK)
    Stack_Mem                                0x20013ee0   Data        1024  startup_stm32f205xx.o(STACK)
    __initial_sp                             0x200142e0   Data           0  startup_stm32f205xx.o(STACK)

    Global Symbols

    Symbol Name                              Value     Ov Type        Size  Object(Section)

    BuildAttributes$$THM_ISAv4$P$D$K$B$S$PE$A:L22UL41UL21$X:L11$S22US41US21$IEEE1$IW$USESV6$~STKCKD$USESV7$~SHL$OSPACE$ROPI$EBA8$UX$STANDARDLIB$REQ8$PRES8$EABIv2 0x00000000   Number         0  anon$$obj.o ABSOLUTE
    __ARM_use_no_argv                        0x00000000   Number         0  main.o ABSOLUTE
    __ARM_exceptions_init                     - Undefined Weak Reference
    __alloca_initialize                       - Undefined Weak Reference
    __arm_fini_                               - Undefined Weak Reference
    __arm_preinit_                            - Undefined Weak Reference
    __cpp_initialize__aeabi_                  - Undefined Weak Reference
    __cxa_finalize                            - Undefined Weak Reference
    __rt_locale                               - Undefined Weak Reference
    __sigvec_lookup                           - Undefined Weak Reference
    _atexit_init                              - Undefined Weak Reference
    _call_atexit_fns                          - Undefined Weak Reference
    _clock_init                               - Undefined Weak Reference
    _fp_trap_init                             - Undefined Weak Reference
    _fp_trap_shutdown                         - Undefined Weak Reference
    _get_lc_collate                           - Undefined Weak Reference
    _get_lc_ctype                             - Undefined Weak Reference
    _get_lc_monetary                          - Undefined Weak Reference
    _get_lc_numeric                           - Undefined Weak Reference
    _get_lc_time                              - Undefined Weak Reference
    _getenv_init                              - Undefined Weak Reference
    _handle_redirection                       - Undefined Weak Reference
    _init_alloc                               - Undefined Weak Reference
    _init_user_alloc                          - Undefined Weak Reference
    _initio                                   - Undefined Weak Reference
    _rand_init                                - Undefined Weak Reference
    _signal_finish                            - Undefined Weak Reference
    _signal_init                              - Undefined Weak Reference
    _terminate_alloc                          - Undefined Weak Reference
    _terminate_user_alloc                     - Undefined Weak Reference
    _terminateio                              - Undefined Weak Reference
    __Vectors_Size                           0x00000184   Number         0  startup_stm32f205xx.o ABSOLUTE
    __Vectors                                0x08000000   Data           4  startup_stm32f205xx.o(RESET)
    __Vectors_End                            0x08000184   Data           0  startup_stm32f205xx.o(RESET)
    __main                                   0x08000185   Thumb Code     8  __main.o(!!!main)
    __scatterload                            0x0800018d   Thumb Code     0  __scatter.o(!!!scatter)
    __scatterload_rt2                        0x0800018d   Thumb Code    44  __scatter.o(!!!scatter)
    __scatterload_rt2_thumb_only             0x0800018d   Thumb Code     0  __scatter.o(!!!scatter)
    __scatterload_null                       0x0800019b   Thumb Code     0  __scatter.o(!!!scatter)
    __scatterload_copy                       0x080001c1   Thumb Code    26  __scatter_copy.o(!!handler_copy)
    __scatterload_zeroinit                   0x080001dd   Thumb Code    28  __scatter_zi.o(!!handler_zi)
    __rt_lib_init                            0x080001f9   Thumb Code     0  libinit.o(.ARM.Collect$$libinit$$00000000)
    __rt_lib_init_alloca_1                   0x080001fb   Thumb Code     0  libinit2.o(.ARM.Collect$$libinit$$0000002E)
    __rt_lib_init_argv_1                     0x080001fb   Thumb Code     0  libinit2.o(.ARM.Collect$$libinit$$0000002C)
    __rt_lib_init_atexit_1                   0x080001fb   Thumb Code     0  libinit2.o(.ARM.Collect$$libinit$$0000001B)
    __rt_lib_init_clock_1                    0x080001fb   Thumb Code     0  libinit2.o(.ARM.Collect$$libinit$$00000021)
    __rt_lib_init_cpp_1                      0x080001fb   Thumb Code     0  libinit2.o(.ARM.Collect$$libinit$$00000032)
    __rt_lib_init_exceptions_1               0x080001fb   Thumb Code     0  libinit2.o(.ARM.Collect$$libinit$$00000030)
    __rt_lib_init_fp_1                       0x080001fb   Thumb Code     0  libinit2.o(.ARM.Collect$$libinit$$00000002)
    __rt_lib_init_fp_trap_1                  0x080001fb   Thumb Code     0  libinit2.o(.ARM.Collect$$libinit$$0000001F)
    __rt_lib_init_getenv_1                   0x080001fb   Thumb Code     0  libinit2.o(.ARM.Collect$$libinit$$00000023)
    __rt_lib_init_heap_1                     0x080001fb   Thumb Code     0  libinit2.o(.ARM.Collect$$libinit$$0000000A)
    __rt_lib_init_lc_collate_1               0x080001fb   Thumb Code     0  libinit2.o(.ARM.Collect$$libinit$$00000011)
    __rt_lib_init_lc_ctype_1                 0x080001fb   Thumb Code     0  libinit2.o(.ARM.Collect$$libinit$$00000013)
    __rt_lib_init_lc_monetary_1              0x080001fb   Thumb Code     0  libinit2.o(.ARM.Collect$$libinit$$00000015)
    __rt_lib_init_lc_numeric_1               0x080001fb   Thumb Code     0  libinit2.o(.ARM.Collect$$libinit$$00000017)
    __rt_lib_init_lc_time_1                  0x080001fb   Thumb Code     0  libinit2.o(.ARM.Collect$$libinit$$00000019)
    __rt_lib_init_preinit_1                  0x080001fb   Thumb Code     0  libinit2.o(.ARM.Collect$$libinit$$00000004)
    __rt_lib_init_rand_1                     0x080001fb   Thumb Code     0  libinit2.o(.ARM.Collect$$libinit$$0000000E)
    __rt_lib_init_return                     0x080001fb   Thumb Code     0  libinit2.o(.ARM.Collect$$libinit$$00000033)
    __rt_lib_init_signal_1                   0x080001fb   Thumb Code     0  libinit2.o(.ARM.Collect$$libinit$$0000001D)
    __rt_lib_init_stdio_1                    0x080001fb   Thumb Code     0  libinit2.o(.ARM.Collect$$libinit$$00000025)
    __rt_lib_init_user_alloc_1               0x080001fb   Thumb Code     0  libinit2.o(.ARM.Collect$$libinit$$0000000C)
    __rt_lib_shutdown                        0x080001fd   Thumb Code     0  libshutdown.o(.ARM.Collect$$libshutdown$$00000000)
    __rt_lib_shutdown_cpp_1                  0x080001ff   Thumb Code     0  libshutdown2.o(.ARM.Collect$$libshutdown$$00000004)
    __rt_lib_shutdown_fini_1                 0x080001ff   Thumb Code     0  libshutdown2.o(.ARM.Collect$$libshutdown$$00000002)
    __rt_lib_shutdown_fp_trap_1              0x080001ff   Thumb Code     0  libshutdown2.o(.ARM.Collect$$libshutdown$$00000009)
    __rt_lib_shutdown_heap_1                 0x080001ff   Thumb Code     0  libshutdown2.o(.ARM.Collect$$libshutdown$$00000011)
    __rt_lib_shutdown_return                 0x080001ff   Thumb Code     0  libshutdown2.o(.ARM.Collect$$libshutdown$$00000012)
    __rt_lib_shutdown_signal_1               0x080001ff   Thumb Code     0  libshutdown2.o(.ARM.Collect$$libshutdown$$0000000C)
    __rt_lib_shutdown_stdio_1                0x080001ff   Thumb Code     0  libshutdown2.o(.ARM.Collect$$libshutdown$$00000006)
    __rt_lib_shutdown_user_alloc_1           0x080001ff   Thumb Code     0  libshutdown2.o(.ARM.Collect$$libshutdown$$0000000E)
    __rt_entry                               0x08000201   Thumb Code     0  __rtentry.o(.ARM.Collect$$rtentry$$00000000)
    __rt_entry_presh_1                       0x08000201   Thumb Code     0  __rtentry2.o(.ARM.Collect$$rtentry$$00000002)
    __rt_entry_sh                            0x08000201   Thumb Code     0  __rtentry4.o(.ARM.Collect$$rtentry$$00000004)
    __rt_entry_li                            0x08000207   Thumb Code     0  __rtentry2.o(.ARM.Collect$$rtentry$$0000000A)
    __rt_entry_postsh_1                      0x08000207   Thumb Code     0  __rtentry2.o(.ARM.Collect$$rtentry$$00000009)
    __rt_entry_main                          0x0800020b   Thumb Code     0  __rtentry2.o(.ARM.Collect$$rtentry$$0000000D)
    __rt_entry_postli_1                      0x0800020b   Thumb Code     0  __rtentry2.o(.ARM.Collect$$rtentry$$0000000C)
    __rt_exit                                0x08000213   Thumb Code     0  rtexit.o(.ARM.Collect$$rtexit$$00000000)
    __rt_exit_ls                             0x08000215   Thumb Code     0  rtexit2.o(.ARM.Collect$$rtexit$$00000003)
    __rt_exit_prels_1                        0x08000215   Thumb Code     0  rtexit2.o(.ARM.Collect$$rtexit$$00000002)
    __rt_exit_exit                           0x08000219   Thumb Code     0  rtexit2.o(.ARM.Collect$$rtexit$$00000004)
    Reset_Handler                            0x08000221   Thumb Code     8  startup_stm32f205xx.o(.text)
    ADC_IRQHandler                           0x0800023b   Thumb Code     0  startup_stm32f205xx.o(.text)
    CAN1_RX0_IRQHandler                      0x0800023b   Thumb Code     0  startup_stm32f205xx.o(.text)
    CAN1_RX1_IRQHandler                      0x0800023b   Thumb Code     0  startup_stm32f205xx.o(.text)
    CAN1_SCE_IRQHandler                      0x0800023b   Thumb Code     0  startup_stm32f205xx.o(.text)
    CAN1_TX_IRQHandler                       0x0800023b   Thumb Code     0  startup_stm32f205xx.o(.text)
    CAN2_RX0_IRQHandler                      0x0800023b   Thumb Code     0  startup_stm32f205xx.o(.text)
    CAN2_RX1_IRQHandler                      0x0800023b   Thumb Code     0  startup_stm32f205xx.o(.text)
    CAN2_SCE_IRQHandler                      0x0800023b   Thumb Code     0  startup_stm32f205xx.o(.text)
    CAN2_TX_IRQHandler                       0x0800023b   Thumb Code     0  startup_stm32f205xx.o(.text)
    DMA1_Stream0_IRQHandler                  0x0800023b   Thumb Code     0  startup_stm32f205xx.o(.text)
    DMA1_Stream1_IRQHandler                  0x0800023b   Thumb Code     0  startup_stm32f205xx.o(.text)
    DMA1_Stream2_IRQHandler                  0x0800023b   Thumb Code     0  startup_stm32f205xx.o(.text)
    DMA1_Stream3_IRQHandler                  0x0800023b   Thumb Code     0  startup_stm32f205xx.o(.text)
    DMA1_Stream4_IRQHandler                  0x0800023b   Thumb Code     0  startup_stm32f205xx.o(.text)
    DMA1_Stream5_IRQHandler                  0x0800023b   Thumb Code     0  startup_stm32f205xx.o(.text)
    DMA1_Stream6_IRQHandler                  0x0800023b   Thumb Code     0  startup_stm32f205xx.o(.text)
    DMA1_Stream7_IRQHandler                  0x0800023b   Thumb Code     0  startup_stm32f205xx.o(.text)
    DMA2_Stream0_IRQHandler                  0x0800023b   Thumb Code     0  startup_stm32f205xx.o(.text)
    DMA2_Stream1_IRQHandler                  0x0800023b   Thumb Code     0  startup_stm32f205xx.o(.text)
    DMA2_Stream3_IRQHandler                  0x0800023b   Thumb Code     0  startup_stm32f205xx.o(.text)
    DMA2_Stream4_IRQHandler                  0x0800023b   Thumb Code     0  startup_stm32f205xx.o(.text)
    DMA2_Stream5_IRQHandler                  0x0800023b   Thumb Code     0  startup_stm32f205xx.o(.text)
    DMA2_Stream6_IRQHandler                  0x0800023b   Thumb Code     0  startup_stm32f205xx.o(.text)
    EXTI0_IRQHandler                         0x0800023b   Thumb Code     0  startup_stm32f205xx.o(.text)
    EXTI15_10_IRQHandler                     0x0800023b   Thumb Code     0  startup_stm32f205xx.o(.text)
    EXTI1_IRQHandler                         0x0800023b   Thumb Code     0  startup_stm32f205xx.o(.text)
    EXTI2_IRQHandler                         0x0800023b   Thumb Code     0  startup_stm32f205xx.o(.text)
    EXTI3_IRQHandler                         0x0800023b   Thumb Code     0  startup_stm32f205xx.o(.text)
    EXTI4_IRQHandler                         0x0800023b   Thumb Code     0  startup_stm32f205xx.o(.text)
    EXTI9_5_IRQHandler                       0x0800023b   Thumb Code     0  startup_stm32f205xx.o(.text)
    FLASH_IRQHandler                         0x0800023b   Thumb Code     0  startup_stm32f205xx.o(.text)
    FSMC_IRQHandler                          0x0800023b   Thumb Code     0  startup_stm32f205xx.o(.text)
    HASH_RNG_IRQHandler                      0x0800023b   Thumb Code     0  startup_stm32f205xx.o(.text)
    I2C1_ER_IRQHandler                       0x0800023b   Thumb Code     0  startup_stm32f205xx.o(.text)
    I2C1_EV_IRQHandler                       0x0800023b   Thumb Code     0  startup_stm32f205xx.o(.text)
    I2C2_ER_IRQHandler                       0x0800023b   Thumb Code     0  startup_stm32f205xx.o(.text)
    I2C2_EV_IRQHandler                       0x0800023b   Thumb Code     0  startup_stm32f205xx.o(.text)
    I2C3_ER_IRQHandler                       0x0800023b   Thumb Code     0  startup_stm32f205xx.o(.text)
    I2C3_EV_IRQHandler                       0x0800023b   Thumb Code     0  startup_stm32f205xx.o(.text)
    OTG_FS_IRQHandler                        0x0800023b   Thumb Code     0  startup_stm32f205xx.o(.text)
    OTG_FS_WKUP_IRQHandler                   0x0800023b   Thumb Code     0  startup_stm32f205xx.o(.text)
    OTG_HS_EP1_IN_IRQHandler                 0x0800023b   Thumb Code     0  startup_stm32f205xx.o(.text)
    OTG_HS_EP1_OUT_IRQHandler                0x0800023b   Thumb Code     0  startup_stm32f205xx.o(.text)
    OTG_HS_IRQHandler                        0x0800023b   Thumb Code     0  startup_stm32f205xx.o(.text)
    OTG_HS_WKUP_IRQHandler                   0x0800023b   Thumb Code     0  startup_stm32f205xx.o(.text)
    PVD_IRQHandler                           0x0800023b   Thumb Code     0  startup_stm32f205xx.o(.text)
    RCC_IRQHandler                           0x0800023b   Thumb Code     0  startup_stm32f205xx.o(.text)
    RTC_Alarm_IRQHandler                     0x0800023b   Thumb Code     0  startup_stm32f205xx.o(.text)
    RTC_WKUP_IRQHandler                      0x0800023b   Thumb Code     0  startup_stm32f205xx.o(.text)
    SDIO_IRQHandler                          0x0800023b   Thumb Code     0  startup_stm32f205xx.o(.text)
    SPI1_IRQHandler                          0x0800023b   Thumb Code     0  startup_stm32f205xx.o(.text)
    SPI2_IRQHandler                          0x0800023b   Thumb Code     0  startup_stm32f205xx.o(.text)
    SPI3_IRQHandler                          0x0800023b   Thumb Code     0  startup_stm32f205xx.o(.text)
    TAMP_STAMP_IRQHandler                    0x0800023b   Thumb Code     0  startup_stm32f205xx.o(.text)
    TIM1_BRK_TIM9_IRQHandler                 0x0800023b   Thumb Code     0  startup_stm32f205xx.o(.text)
    TIM1_CC_IRQHandler                       0x0800023b   Thumb Code     0  startup_stm32f205xx.o(.text)
    TIM1_TRG_COM_TIM11_IRQHandler            0x0800023b   Thumb Code     0  startup_stm32f205xx.o(.text)
    TIM1_UP_TIM10_IRQHandler                 0x0800023b   Thumb Code     0  startup_stm32f205xx.o(.text)
    TIM2_IRQHandler                          0x0800023b   Thumb Code     0  startup_stm32f205xx.o(.text)
    TIM3_IRQHandler                          0x0800023b   Thumb Code     0  startup_stm32f205xx.o(.text)
    TIM4_IRQHandler                          0x0800023b   Thumb Code     0  startup_stm32f205xx.o(.text)
    TIM5_IRQHandler                          0x0800023b   Thumb Code     0  startup_stm32f205xx.o(.text)
    TIM6_DAC_IRQHandler                      0x0800023b   Thumb Code     0  startup_stm32f205xx.o(.text)
    TIM7_IRQHandler                          0x0800023b   Thumb Code     0  startup_stm32f205xx.o(.text)
    TIM8_BRK_TIM12_IRQHandler                0x0800023b   Thumb Code     0  startup_stm32f205xx.o(.text)
    TIM8_CC_IRQHandler                       0x0800023b   Thumb Code     0  startup_stm32f205xx.o(.text)
    TIM8_TRG_COM_TIM14_IRQHandler            0x0800023b   Thumb Code     0  startup_stm32f205xx.o(.text)
    TIM8_UP_TIM13_IRQHandler                 0x0800023b   Thumb Code     0  startup_stm32f205xx.o(.text)
    UART4_IRQHandler                         0x0800023b   Thumb Code     0  startup_stm32f205xx.o(.text)
    UART5_IRQHandler                         0x0800023b   Thumb Code     0  startup_stm32f205xx.o(.text)
    USART2_IRQHandler                        0x0800023b   Thumb Code     0  startup_stm32f205xx.o(.text)
    USART3_IRQHandler                        0x0800023b   Thumb Code     0  startup_stm32f205xx.o(.text)
    USART6_IRQHandler                        0x0800023b   Thumb Code     0  startup_stm32f205xx.o(.text)
    WWDG_IRQHandler                          0x0800023b   Thumb Code     0  startup_stm32f205xx.o(.text)
    __user_initial_stackheap                 0x0800023d   Thumb Code     0  startup_stm32f205xx.o(.text)
    __aeabi_uldivmod                         0x08000261   Thumb Code     0  lludivv7m.o(.text)
    _ll_udiv                                 0x08000261   Thumb Code   238  lludivv7m.o(.text)
    __aeabi_memcpy                           0x0800034f   Thumb Code     0  rt_memcpy_v6.o(.text)
    __rt_memcpy                              0x0800034f   Thumb Code   138  rt_memcpy_v6.o(.text)
    _memcpy_lastbytes                        0x080003b5   Thumb Code     0  rt_memcpy_v6.o(.text)
    __aeabi_memclr                           0x080003d9   Thumb Code     0  rt_memclr.o(.text)
    __rt_memclr                              0x080003d9   Thumb Code    68  rt_memclr.o(.text)
    _memset                                  0x080003dd   Thumb Code     0  rt_memclr.o(.text)
    __aeabi_memclr4                          0x0800041d   Thumb Code     0  rt_memclr_w.o(.text)
    __aeabi_memclr8                          0x0800041d   Thumb Code     0  rt_memclr_w.o(.text)
    __rt_memclr_w                            0x0800041d   Thumb Code    78  rt_memclr_w.o(.text)
    _memset_w                                0x08000421   Thumb Code     0  rt_memclr_w.o(.text)
    __use_two_region_memory                  0x0800046b   Thumb Code     2  heapauxi.o(.text)
    __rt_heap_escrow$2region                 0x0800046d   Thumb Code     2  heapauxi.o(.text)
    __rt_heap_expand$2region                 0x0800046f   Thumb Code     2  heapauxi.o(.text)
    __aeabi_memcpy4                          0x08000471   Thumb Code     0  rt_memcpy_w.o(.text)
    __aeabi_memcpy8                          0x08000471   Thumb Code     0  rt_memcpy_w.o(.text)
    __rt_memcpy_w                            0x08000471   Thumb Code   100  rt_memcpy_w.o(.text)
    _memcpy_lastbytes_aligned                0x080004b9   Thumb Code     0  rt_memcpy_w.o(.text)
    __user_setup_stackheap                   0x080004d5   Thumb Code    74  sys_stackheap_outer.o(.text)
    exit                                     0x0800051f   Thumb Code    18  exit.o(.text)
    __user_libspace                          0x08000531   Thumb Code     8  libspace.o(.text)
    __user_perproc_libspace                  0x08000531   Thumb Code     0  libspace.o(.text)
    __user_perthread_libspace                0x08000531   Thumb Code     0  libspace.o(.text)
    _sys_exit                                0x08000539   Thumb Code     8  sys_exit.o(.text)
    __I$use$semihosting                      0x08000545   Thumb Code     0  use_no_semi.o(.text)
    __use_no_semihosting_swi                 0x08000545   Thumb Code     2  use_no_semi.o(.text)
    __semihosting_library_function           0x08000547   Thumb Code     0  indicate_semi.o(.text)
    ADC_SPI_Cmd                              0x08000549   Thumb Code    56  adc.o(i.ADC_SPI_Cmd)
    ADC_Write_Loop                           0x0800058d   Thumb Code     8  adc.o(i.ADC_Write_Loop)
    BusFault_Handler                         0x08000595   Thumb Code     2  stm32f2xx_it.o(i.BusFault_Handler)
    ClearRxBuff                              0x08000599   Thumb Code    18  ms5614t.o(i.ClearRxBuff)
    DMA2_Stream2_IRQHandler                  0x080005b1   Thumb Code     6  stm32f2xx_it.o(i.DMA2_Stream2_IRQHandler)
    DMA2_Stream7_IRQHandler                  0x080005bd   Thumb Code     6  stm32f2xx_it.o(i.DMA2_Stream7_IRQHandler)
    DebugMon_Handler                         0x0800066d   Thumb Code     2  stm32f2xx_it.o(i.DebugMon_Handler)
    Error_Handler                            0x0800066f   Thumb Code     4  main.o(i.Error_Handler)
    FillPeaks                                0x08000675   Thumb Code   462  peak_detection.o(i.FillPeaks)
    Find_Initial                             0x08000859   Thumb Code   164  peak_detection.o(i.Find_Initial)
    Find_Peaks                               0x08000901   Thumb Code   276  peak_detection.o(i.Find_Peaks)
    HAL_DMA_Abort                            0x08000a25   Thumb Code   146  stm32f2xx_hal_dma.o(i.HAL_DMA_Abort)
    HAL_DMA_Abort_IT                         0x08000ab7   Thumb Code    36  stm32f2xx_hal_dma.o(i.HAL_DMA_Abort_IT)
    HAL_DMA_IRQHandler                       0x08000add   Thumb Code   412  stm32f2xx_hal_dma.o(i.HAL_DMA_IRQHandler)
    HAL_DMA_Init                             0x08000c7d   Thumb Code   206  stm32f2xx_hal_dma.o(i.HAL_DMA_Init)
    HAL_DMA_Start_IT                         0x08000d51   Thumb Code   110  stm32f2xx_hal_dma.o(i.HAL_DMA_Start_IT)
    HAL_GPIO_Init                            0x08000dc1   Thumb Code   598  stm32f2xx_hal_gpio.o(i.HAL_GPIO_Init)
    HAL_GPIO_WritePin                        0x08001049   Thumb Code    10  stm32f2xx_hal_gpio.o(i.HAL_GPIO_WritePin)
    HAL_GetTick                              0x08001055   Thumb Code     6  stm32f2xx_hal.o(i.HAL_GetTick)
    HAL_IncTick                              0x08001061   Thumb Code    12  stm32f2xx_hal.o(i.HAL_IncTick)
    HAL_Init                                 0x08001071   Thumb Code    48  stm32f2xx_hal.o(i.HAL_Init)
    HAL_InitTick                             0x080010a5   Thumb Code    54  stm32f2xx_hal.o(i.HAL_InitTick)
    HAL_MspInit                              0x080010e5   Thumb Code    48  stm32f2xx_hal_msp.o(i.HAL_MspInit)
    HAL_NVIC_EnableIRQ                       0x08001119   Thumb Code    26  stm32f2xx_hal_cortex.o(i.HAL_NVIC_EnableIRQ)
    HAL_NVIC_SetPriority                     0x08001135   Thumb Code    60  stm32f2xx_hal_cortex.o(i.HAL_NVIC_SetPriority)
    HAL_NVIC_SetPriorityGrouping             0x08001175   Thumb Code    26  stm32f2xx_hal_cortex.o(i.HAL_NVIC_SetPriorityGrouping)
    HAL_RCC_ClockConfig                      0x08001199   Thumb Code   296  stm32f2xx_hal_rcc.o(i.HAL_RCC_ClockConfig)
    HAL_RCC_GetPCLK1Freq                     0x080012d5   Thumb Code    34  stm32f2xx_hal_rcc.o(i.HAL_RCC_GetPCLK1Freq)
    HAL_RCC_GetPCLK2Freq                     0x08001305   Thumb Code    34  stm32f2xx_hal_rcc.o(i.HAL_RCC_GetPCLK2Freq)
    HAL_RCC_GetSysClockFreq                  0x08001335   Thumb Code    88  stm32f2xx_hal_rcc.o(i.HAL_RCC_GetSysClockFreq)
    HAL_RCC_OscConfig                        0x08001399   Thumb Code   818  stm32f2xx_hal_rcc.o(i.HAL_RCC_OscConfig)
    HAL_SPI_Init                             0x080016e5   Thumb Code   188  stm32f2xx_hal_spi.o(i.HAL_SPI_Init)
    HAL_SPI_MspInit                          0x080017a1   Thumb Code   198  stm32f2xx_hal_msp.o(i.HAL_SPI_MspInit)
    HAL_SPI_Transmit                         0x08001885   Thumb Code   358  stm32f2xx_hal_spi.o(i.HAL_SPI_Transmit)
    HAL_SPI_TransmitReceive                  0x080019eb   Thumb Code   496  stm32f2xx_hal_spi.o(i.HAL_SPI_TransmitReceive)
    HAL_SYSTICK_Config                       0x08001bdb   Thumb Code    40  stm32f2xx_hal_cortex.o(i.HAL_SYSTICK_Config)
    HAL_UARTEx_RxEventCallback               0x08001c03   Thumb Code     2  stm32f2xx_hal_uart.o(i.HAL_UARTEx_RxEventCallback)
    HAL_UART_ErrorCallback                   0x08001c05   Thumb Code     2  stm32f2xx_hal_uart.o(i.HAL_UART_ErrorCallback)
    HAL_UART_IRQHandler                      0x08001c09   Thumb Code   618  stm32f2xx_hal_uart.o(i.HAL_UART_IRQHandler)
    HAL_UART_Init                            0x08001e79   Thumb Code   100  stm32f2xx_hal_uart.o(i.HAL_UART_Init)
    HAL_UART_MspInit                         0x08001edd   Thumb Code   212  stm32f2xx_hal_msp.o(i.HAL_UART_MspInit)
    HAL_UART_Receive_DMA                     0x08001fc9   Thumb Code    28  stm32f2xx_hal_uart.o(i.HAL_UART_Receive_DMA)
    HAL_UART_RxCpltCallback                  0x08001fe5   Thumb Code    44  usart.o(i.HAL_UART_RxCpltCallback)
    HAL_UART_RxHalfCpltCallback              0x08002021   Thumb Code     2  stm32f2xx_hal_uart.o(i.HAL_UART_RxHalfCpltCallback)
    HAL_UART_Transmit_DMA                    0x08002025   Thumb Code   106  stm32f2xx_hal_uart.o(i.HAL_UART_Transmit_DMA)
    HAL_UART_TxCpltCallback                  0x0800209d   Thumb Code    30  usart.o(i.HAL_UART_TxCpltCallback)
    HAL_UART_TxHalfCpltCallback              0x080020c9   Thumb Code     2  stm32f2xx_hal_uart.o(i.HAL_UART_TxHalfCpltCallback)
    HardFault_Handler                        0x080020cb   Thumb Code     2  stm32f2xx_it.o(i.HardFault_Handler)
    MS5614T2_SetCode                         0x080020cd   Thumb Code   156  ms5614t.o(i.MS5614T2_SetCode)
    MS5614T_SetCode                          0x08002181   Thumb Code   154  ms5614t.o(i.MS5614T_SetCode)
    MemManage_Handler                        0x0800244b   Thumb Code     2  stm32f2xx_it.o(i.MemManage_Handler)
    NMI_Handler                              0x0800244d   Thumb Code     2  stm32f2xx_it.o(i.NMI_Handler)
    PendSV_Handler                           0x0800244f   Thumb Code     2  stm32f2xx_it.o(i.PendSV_Handler)
    SVC_Handler                              0x0800253d   Thumb Code     2  stm32f2xx_it.o(i.SVC_Handler)
    SysTick_Handler                          0x0800253f   Thumb Code     4  stm32f2xx_it.o(i.SysTick_Handler)
    SystemClock_Config                       0x08002543   Thumb Code   104  main.o(i.SystemClock_Config)
    SystemInit                               0x080025ab   Thumb Code     2  system_stm32f2xx.o(i.SystemInit)
    UART_Start_Receive_DMA                   0x08002949   Thumb Code   130  stm32f2xx_hal_uart.o(i.UART_Start_Receive_DMA)
    USART1_IRQHandler                        0x080029d9   Thumb Code     6  stm32f2xx_it.o(i.USART1_IRQHandler)
    USART_DMA_Send                           0x080029e5   Thumb Code    60  usart.o(i.USART_DMA_Send)
    USART_Queue_Send                         0x08002a2d   Thumb Code    68  usart.o(i.USART_Queue_Send)
    UsageFault_Handler                       0x08002a79   Thumb Code     2  stm32f2xx_it.o(i.UsageFault_Handler)
    delay_us                                 0x08002a9d   Thumb Code    70  ms5614t.o(i.delay_us)
    main                                     0x08002af1   Thumb Code   184  main.o(i.main)
    modify_table_loop                        0x08002bc5   Thumb Code    64  ms5614t.o(i.modify_table_loop)
    sampleVoltage                            0x08002c19   Thumb Code    66  ms5614t.o(i.sampleVoltage)
    sendTxBuffer                             0x08002c69   Thumb Code    66  ms5614t.o(i.sendTxBuffer)
    short_delay                              0x08002cbd   Thumb Code    16  ms5614t.o(i.short_delay)
    write_ms5614t_manual                     0x08002ccd   Thumb Code   164  ms5614t.o(i.write_ms5614t_manual)
    write_ms5614t_table                      0x08002d79   Thumb Code   350  ms5614t.o(i.write_ms5614t_table)
    __aeabi_d2f                              0x08002f1d   Thumb Code     0  d2f.o(x$fpl$d2f)
    _d2f                                     0x08002f1d   Thumb Code    98  d2f.o(x$fpl$d2f)
    __aeabi_dadd                             0x08002f81   Thumb Code     0  daddsub_clz.o(x$fpl$dadd)
    _dadd                                    0x08002f81   Thumb Code   332  daddsub_clz.o(x$fpl$dadd)
    __aeabi_ui2d                             0x080030d1   Thumb Code     0  dflt_clz.o(x$fpl$dfltu)
    _dfltu                                   0x080030d1   Thumb Code    38  dflt_clz.o(x$fpl$dfltu)
    __aeabi_dmul                             0x080030f9   Thumb Code     0  dmul.o(x$fpl$dmul)
    _dmul                                    0x080030f9   Thumb Code   332  dmul.o(x$fpl$dmul)
    __fpl_dnaninf                            0x0800324d   Thumb Code   156  dnaninf.o(x$fpl$dnaninf)
    __fpl_dretinf                            0x080032e9   Thumb Code    12  dretinf.o(x$fpl$dretinf)
    __aeabi_dsub                             0x080032f5   Thumb Code     0  daddsub_clz.o(x$fpl$dsub)
    _dsub                                    0x080032f5   Thumb Code   464  daddsub_clz.o(x$fpl$dsub)
    __aeabi_f2d                              0x080034c9   Thumb Code     0  f2d.o(x$fpl$f2d)
    _f2d                                     0x080034c9   Thumb Code    86  f2d.o(x$fpl$f2d)
    __aeabi_fadd                             0x08003521   Thumb Code     0  faddsub_clz.o(x$fpl$fadd)
    _fadd                                    0x08003521   Thumb Code   196  faddsub_clz.o(x$fpl$fadd)
    __aeabi_fdiv                             0x080035e5   Thumb Code     0  fdiv.o(x$fpl$fdiv)
    _fdiv                                    0x080035e5   Thumb Code   384  fdiv.o(x$fpl$fdiv)
    __aeabi_f2iz                             0x08003769   Thumb Code     0  ffix.o(x$fpl$ffix)
    _ffix                                    0x08003769   Thumb Code    54  ffix.o(x$fpl$ffix)
    __aeabi_i2f                              0x080037a1   Thumb Code     0  fflt_clz.o(x$fpl$fflt)
    _fflt                                    0x080037a1   Thumb Code    48  fflt_clz.o(x$fpl$fflt)
    __aeabi_fmul                             0x080037d1   Thumb Code     0  fmul.o(x$fpl$fmul)
    _fmul                                    0x080037d1   Thumb Code   258  fmul.o(x$fpl$fmul)
    __fpl_fnaninf                            0x080038d3   Thumb Code   140  fnaninf.o(x$fpl$fnaninf)
    __fpl_fretinf                            0x0800395f   Thumb Code    10  fretinf.o(x$fpl$fretinf)
    __aeabi_frsub                            0x08003969   Thumb Code     0  faddsub_clz.o(x$fpl$frsb)
    _frsb                                    0x08003969   Thumb Code    20  faddsub_clz.o(x$fpl$frsb)
    __aeabi_fsub                             0x0800397d   Thumb Code     0  faddsub_clz.o(x$fpl$fsub)
    _fsub                                    0x0800397d   Thumb Code   234  faddsub_clz.o(x$fpl$fsub)
    __I$use$fp                               0x08003a66   Number         0  usenofp.o(x$fpl$usenofp)
    AHBPrescTable                            0x08003a6e   Data          16  system_stm32f2xx.o(.constdata)
    APBPrescTable                            0x08003a7e   Data           8  system_stm32f2xx.o(.constdata)
    Region$$Table$$Base                      0x08003a88   Number         0  anon$$obj.o(Region$$Table)
    Region$$Table$$Limit                     0x08003aa8   Number         0  anon$$obj.o(Region$$Table)
    Wave_DAC                                 0x08020000   Data       40000  dac_const.o(.ARM.__AT_0x08020000)
    Wave_DATA                                0x08030000   Data       16000  wave_const.o(.ARM.__AT_0x08030000)
    Pwr_DATA                                 0x08040000   Data       16000  pwr_const.o(.ARM.__AT_0x08040000)
    frame                                    0x20000000   Data           2  ms5614t.o(.data)
    adcData                                  0x20000002   Data           2  ms5614t.o(.data)
    wave_time                                0x20000004   Data           4  ms5614t.o(.data)
    uADCOriginvalues                         0x20000008   Data           8  ms5614t.o(.data)
    int_part                                 0x20000010   Data           4  peak_detection.o(.data)
    decimal_part                             0x20000014   Data           4  peak_detection.o(.data)
    lastGet                                  0x20000018   Data           1  usart.o(.data)
    ReceEndFlag                              0x20000019   Data           1  usart.o(.data)
    txHead                                   0x2000001a   Data           1  usart.o(.data)
    txTail                                   0x2000001b   Data           1  usart.o(.data)
    dma_transfer_complete                    0x2000001c   Data           1  usart.o(.data)
    txCount                                  0x2000001e   Data           2  usart.o(.data)
    workState                                0x20000020   Data           1  main.o(.data)
    uwTickFreq                               0x20000024   Data           1  stm32f2xx_hal.o(.data)
    uwTickPrio                               0x20000028   Data           4  stm32f2xx_hal.o(.data)
    uwTick                                   0x2000002c   Data           4  stm32f2xx_hal.o(.data)
    SystemCoreClock                          0x20000030   Data           4  system_stm32f2xx.o(.data)
    IDACData                                 0x20000034   Data          10  ms5614t.o(.bss)
    adc1                                     0x2000003e   Data        8000  peak_detection.o(.bss)
    adc2                                     0x20001f7e   Data        8000  peak_detection.o(.bss)
    adc3                                     0x20003ebe   Data        8000  peak_detection.o(.bss)
    adc4                                     0x20005dfe   Data        8000  peak_detection.o(.bss)
    adc_norvec                               0x20007d40   Data       16000  peak_detection.o(.bss)
    peaks1                                   0x2000bbc0   Data          60  peak_detection.o(.bss)
    peaks2                                   0x2000bbfc   Data          60  peak_detection.o(.bss)
    peaks3                                   0x2000bc38   Data          60  peak_detection.o(.bss)
    peaks4                                   0x2000bc74   Data          60  peak_detection.o(.bss)
    aRxBuffer                                0x2000bcb0   Data          13  usart.o(.bss)
    uartFrame                                0x2000bcbd   Data          13  usart.o(.bss)
    txQueue                                  0x2000bcca   Data          65  usart.o(.bss)
    txLen                                    0x2000bd0c   Data          26  usart.o(.bss)
    txBuffer                                 0x2000bd26   Data       32071  main.o(.bss)
    hspi1                                    0x20013a70   Data          88  main.o(.bss)
    hspi2                                    0x20013ac8   Data          88  main.o(.bss)
    hspi3                                    0x20013b20   Data          88  main.o(.bss)
    huart1                                   0x20013b78   Data          72  main.o(.bss)
    hdma_usart1_tx                           0x20013bc0   Data          96  main.o(.bss)
    hdma_usart1_rx                           0x20013c20   Data          96  main.o(.bss)
    __libspace_start                         0x20013c80   Data          96  libspace.o(.bss)
    __temporary_stack_top$libspace           0x20013ce0   Data           0  libspace.o(.bss)



==============================================================================

Memory Map of the image

  Image Entry point : 0x08000185

  Load Region LR_IROM1 (Base: 0x08000000, Size: 0x00043eb4, Max: 0x00080000, ABSOLUTE)

    Execution Region ER_IROM1 (Exec base: 0x08000000, Load base: 0x08000000, Size: 0x00043e80, Max: 0x00080000, ABSOLUTE)

    Exec Addr    Load Addr    Size         Type   Attr      Idx    E Section Name        Object

    0x08000000   0x08000000   0x00000184   Data   RO            3    RESET               startup_stm32f205xx.o
    0x08000184   0x08000184   0x00000008   Code   RO         2523  * !!!main             c_w.l(__main.o)
    0x0800018c   0x0800018c   0x00000034   Code   RO         2743    !!!scatter          c_w.l(__scatter.o)
    0x080001c0   0x080001c0   0x0000001a   Code   RO         2745    !!handler_copy      c_w.l(__scatter_copy.o)
    0x080001da   0x080001da   0x00000002   PAD
    0x080001dc   0x080001dc   0x0000001c   Code   RO         2747    !!handler_zi        c_w.l(__scatter_zi.o)
    0x080001f8   0x080001f8   0x00000002   Code   RO         2611    .ARM.Collect$$libinit$$00000000  c_w.l(libinit.o)
    0x080001fa   0x080001fa   0x00000000   Code   RO         2624    .ARM.Collect$$libinit$$00000002  c_w.l(libinit2.o)
    0x080001fa   0x080001fa   0x00000000   Code   RO         2626    .ARM.Collect$$libinit$$00000004  c_w.l(libinit2.o)
    0x080001fa   0x080001fa   0x00000000   Code   RO         2629    .ARM.Collect$$libinit$$0000000A  c_w.l(libinit2.o)
    0x080001fa   0x080001fa   0x00000000   Code   RO         2631    .ARM.Collect$$libinit$$0000000C  c_w.l(libinit2.o)
    0x080001fa   0x080001fa   0x00000000   Code   RO         2633    .ARM.Collect$$libinit$$0000000E  c_w.l(libinit2.o)
    0x080001fa   0x080001fa   0x00000000   Code   RO         2636    .ARM.Collect$$libinit$$00000011  c_w.l(libinit2.o)
    0x080001fa   0x080001fa   0x00000000   Code   RO         2638    .ARM.Collect$$libinit$$00000013  c_w.l(libinit2.o)
    0x080001fa   0x080001fa   0x00000000   Code   RO         2640    .ARM.Collect$$libinit$$00000015  c_w.l(libinit2.o)
    0x080001fa   0x080001fa   0x00000000   Code   RO         2642    .ARM.Collect$$libinit$$00000017  c_w.l(libinit2.o)
    0x080001fa   0x080001fa   0x00000000   Code   RO         2644    .ARM.Collect$$libinit$$00000019  c_w.l(libinit2.o)
    0x080001fa   0x080001fa   0x00000000   Code   RO         2646    .ARM.Collect$$libinit$$0000001B  c_w.l(libinit2.o)
    0x080001fa   0x080001fa   0x00000000   Code   RO         2648    .ARM.Collect$$libinit$$0000001D  c_w.l(libinit2.o)
    0x080001fa   0x080001fa   0x00000000   Code   RO         2650    .ARM.Collect$$libinit$$0000001F  c_w.l(libinit2.o)
    0x080001fa   0x080001fa   0x00000000   Code   RO         2652    .ARM.Collect$$libinit$$00000021  c_w.l(libinit2.o)
    0x080001fa   0x080001fa   0x00000000   Code   RO         2654    .ARM.Collect$$libinit$$00000023  c_w.l(libinit2.o)
    0x080001fa   0x080001fa   0x00000000   Code   RO         2656    .ARM.Collect$$libinit$$00000025  c_w.l(libinit2.o)
    0x080001fa   0x080001fa   0x00000000   Code   RO         2660    .ARM.Collect$$libinit$$0000002C  c_w.l(libinit2.o)
    0x080001fa   0x080001fa   0x00000000   Code   RO         2662    .ARM.Collect$$libinit$$0000002E  c_w.l(libinit2.o)
    0x080001fa   0x080001fa   0x00000000   Code   RO         2664    .ARM.Collect$$libinit$$00000030  c_w.l(libinit2.o)
    0x080001fa   0x080001fa   0x00000000   Code   RO         2666    .ARM.Collect$$libinit$$00000032  c_w.l(libinit2.o)
    0x080001fa   0x080001fa   0x00000002   Code   RO         2667    .ARM.Collect$$libinit$$00000033  c_w.l(libinit2.o)
    0x080001fc   0x080001fc   0x00000002   Code   RO         2698    .ARM.Collect$$libshutdown$$00000000  c_w.l(libshutdown.o)
    0x080001fe   0x080001fe   0x00000000   Code   RO         2724    .ARM.Collect$$libshutdown$$00000002  c_w.l(libshutdown2.o)
    0x080001fe   0x080001fe   0x00000000   Code   RO         2726    .ARM.Collect$$libshutdown$$00000004  c_w.l(libshutdown2.o)
    0x080001fe   0x080001fe   0x00000000   Code   RO         2728    .ARM.Collect$$libshutdown$$00000006  c_w.l(libshutdown2.o)
    0x080001fe   0x080001fe   0x00000000   Code   RO         2731    .ARM.Collect$$libshutdown$$00000009  c_w.l(libshutdown2.o)
    0x080001fe   0x080001fe   0x00000000   Code   RO         2734    .ARM.Collect$$libshutdown$$0000000C  c_w.l(libshutdown2.o)
    0x080001fe   0x080001fe   0x00000000   Code   RO         2736    .ARM.Collect$$libshutdown$$0000000E  c_w.l(libshutdown2.o)
    0x080001fe   0x080001fe   0x00000000   Code   RO         2739    .ARM.Collect$$libshutdown$$00000011  c_w.l(libshutdown2.o)
    0x080001fe   0x080001fe   0x00000002   Code   RO         2740    .ARM.Collect$$libshutdown$$00000012  c_w.l(libshutdown2.o)
    0x08000200   0x08000200   0x00000000   Code   RO         2565    .ARM.Collect$$rtentry$$00000000  c_w.l(__rtentry.o)
    0x08000200   0x08000200   0x00000000   Code   RO         2582    .ARM.Collect$$rtentry$$00000002  c_w.l(__rtentry2.o)
    0x08000200   0x08000200   0x00000006   Code   RO         2594    .ARM.Collect$$rtentry$$00000004  c_w.l(__rtentry4.o)
    0x08000206   0x08000206   0x00000000   Code   RO         2584    .ARM.Collect$$rtentry$$00000009  c_w.l(__rtentry2.o)
    0x08000206   0x08000206   0x00000004   Code   RO         2585    .ARM.Collect$$rtentry$$0000000A  c_w.l(__rtentry2.o)
    0x0800020a   0x0800020a   0x00000000   Code   RO         2587    .ARM.Collect$$rtentry$$0000000C  c_w.l(__rtentry2.o)
    0x0800020a   0x0800020a   0x00000008   Code   RO         2588    .ARM.Collect$$rtentry$$0000000D  c_w.l(__rtentry2.o)
    0x08000212   0x08000212   0x00000002   Code   RO         2615    .ARM.Collect$$rtexit$$00000000  c_w.l(rtexit.o)
    0x08000214   0x08000214   0x00000000   Code   RO         2671    .ARM.Collect$$rtexit$$00000002  c_w.l(rtexit2.o)
    0x08000214   0x08000214   0x00000004   Code   RO         2672    .ARM.Collect$$rtexit$$00000003  c_w.l(rtexit2.o)
    0x08000218   0x08000218   0x00000006   Code   RO         2673    .ARM.Collect$$rtexit$$00000004  c_w.l(rtexit2.o)
    0x0800021e   0x0800021e   0x00000002   PAD
    0x08000220   0x08000220   0x00000040   Code   RO            4    .text               startup_stm32f205xx.o
    0x08000260   0x08000260   0x000000ee   Code   RO         2513    .text               c_w.l(lludivv7m.o)
    0x0800034e   0x0800034e   0x0000008a   Code   RO         2515    .text               c_w.l(rt_memcpy_v6.o)
    0x080003d8   0x080003d8   0x00000044   Code   RO         2517    .text               c_w.l(rt_memclr.o)
    0x0800041c   0x0800041c   0x0000004e   Code   RO         2519    .text               c_w.l(rt_memclr_w.o)
    0x0800046a   0x0800046a   0x00000006   Code   RO         2521    .text               c_w.l(heapauxi.o)
    0x08000470   0x08000470   0x00000064   Code   RO         2570    .text               c_w.l(rt_memcpy_w.o)
    0x080004d4   0x080004d4   0x0000004a   Code   RO         2598    .text               c_w.l(sys_stackheap_outer.o)
    0x0800051e   0x0800051e   0x00000012   Code   RO         2600    .text               c_w.l(exit.o)
    0x08000530   0x08000530   0x00000008   Code   RO         2612    .text               c_w.l(libspace.o)
    0x08000538   0x08000538   0x0000000c   Code   RO         2668    .text               c_w.l(sys_exit.o)
    0x08000544   0x08000544   0x00000002   Code   RO         2687    .text               c_w.l(use_no_semi.o)
    0x08000546   0x08000546   0x00000000   Code   RO         2689    .text               c_w.l(indicate_semi.o)
    0x08000546   0x08000546   0x00000002   PAD
    0x08000548   0x08000548   0x00000044   Code   RO          299    i.ADC_SPI_Cmd       adc.o
    0x0800058c   0x0800058c   0x00000008   Code   RO          301    i.ADC_Write_Loop    adc.o
    0x08000594   0x08000594   0x00000002   Code   RO          549    i.BusFault_Handler  stm32f2xx_it.o
    0x08000596   0x08000596   0x00000002   PAD
    0x08000598   0x08000598   0x00000018   Code   RO           13    i.ClearRxBuff       ms5614t.o
    0x080005b0   0x080005b0   0x0000000c   Code   RO          550    i.DMA2_Stream2_IRQHandler  stm32f2xx_it.o
    0x080005bc   0x080005bc   0x0000000c   Code   RO          551    i.DMA2_Stream7_IRQHandler  stm32f2xx_it.o
    0x080005c8   0x080005c8   0x00000028   Code   RO         1894    i.DMA_CalcBaseAndBitshift  stm32f2xx_hal_dma.o
    0x080005f0   0x080005f0   0x00000054   Code   RO         1895    i.DMA_CheckFifoParam  stm32f2xx_hal_dma.o
    0x08000644   0x08000644   0x00000028   Code   RO         1896    i.DMA_SetConfig     stm32f2xx_hal_dma.o
    0x0800066c   0x0800066c   0x00000002   Code   RO          552    i.DebugMon_Handler  stm32f2xx_it.o
    0x0800066e   0x0800066e   0x00000004   Code   RO          481    i.Error_Handler     main.o
    0x08000672   0x08000672   0x00000002   PAD
    0x08000674   0x08000674   0x000001e4   Code   RO          238    i.FillPeaks         peak_detection.o
    0x08000858   0x08000858   0x000000a8   Code   RO          239    i.Find_Initial      peak_detection.o
    0x08000900   0x08000900   0x00000124   Code   RO          240    i.Find_Peaks        peak_detection.o
    0x08000a24   0x08000a24   0x00000092   Code   RO         1897    i.HAL_DMA_Abort     stm32f2xx_hal_dma.o
    0x08000ab6   0x08000ab6   0x00000024   Code   RO         1898    i.HAL_DMA_Abort_IT  stm32f2xx_hal_dma.o
    0x08000ada   0x08000ada   0x00000002   PAD
    0x08000adc   0x08000adc   0x000001a0   Code   RO         1902    i.HAL_DMA_IRQHandler  stm32f2xx_hal_dma.o
    0x08000c7c   0x08000c7c   0x000000d4   Code   RO         1903    i.HAL_DMA_Init      stm32f2xx_hal_dma.o
    0x08000d50   0x08000d50   0x0000006e   Code   RO         1907    i.HAL_DMA_Start_IT  stm32f2xx_hal_dma.o
    0x08000dbe   0x08000dbe   0x00000002   PAD
    0x08000dc0   0x08000dc0   0x00000288   Code   RO         1831    i.HAL_GPIO_Init     stm32f2xx_hal_gpio.o
    0x08001048   0x08001048   0x0000000a   Code   RO         1835    i.HAL_GPIO_WritePin  stm32f2xx_hal_gpio.o
    0x08001052   0x08001052   0x00000002   PAD
    0x08001054   0x08001054   0x0000000c   Code   RO         1024    i.HAL_GetTick       stm32f2xx_hal.o
    0x08001060   0x08001060   0x00000010   Code   RO         1030    i.HAL_IncTick       stm32f2xx_hal.o
    0x08001070   0x08001070   0x00000034   Code   RO         1031    i.HAL_Init          stm32f2xx_hal.o
    0x080010a4   0x080010a4   0x00000040   Code   RO         1032    i.HAL_InitTick      stm32f2xx_hal.o
    0x080010e4   0x080010e4   0x00000034   Code   RO          640    i.HAL_MspInit       stm32f2xx_hal_msp.o
    0x08001118   0x08001118   0x0000001a   Code   RO         1348    i.HAL_NVIC_EnableIRQ  stm32f2xx_hal_cortex.o
    0x08001132   0x08001132   0x00000002   PAD
    0x08001134   0x08001134   0x00000040   Code   RO         1354    i.HAL_NVIC_SetPriority  stm32f2xx_hal_cortex.o
    0x08001174   0x08001174   0x00000024   Code   RO         1355    i.HAL_NVIC_SetPriorityGrouping  stm32f2xx_hal_cortex.o
    0x08001198   0x08001198   0x0000013c   Code   RO         1198    i.HAL_RCC_ClockConfig  stm32f2xx_hal_rcc.o
    0x080012d4   0x080012d4   0x00000030   Code   RO         1205    i.HAL_RCC_GetPCLK1Freq  stm32f2xx_hal_rcc.o
    0x08001304   0x08001304   0x00000030   Code   RO         1206    i.HAL_RCC_GetPCLK2Freq  stm32f2xx_hal_rcc.o
    0x08001334   0x08001334   0x00000064   Code   RO         1207    i.HAL_RCC_GetSysClockFreq  stm32f2xx_hal_rcc.o
    0x08001398   0x08001398   0x0000034c   Code   RO         1210    i.HAL_RCC_OscConfig  stm32f2xx_hal_rcc.o
    0x080016e4   0x080016e4   0x000000bc   Code   RO          700    i.HAL_SPI_Init      stm32f2xx_hal_spi.o
    0x080017a0   0x080017a0   0x000000e4   Code   RO          642    i.HAL_SPI_MspInit   stm32f2xx_hal_msp.o
    0x08001884   0x08001884   0x00000166   Code   RO          708    i.HAL_SPI_Transmit  stm32f2xx_hal_spi.o
    0x080019ea   0x080019ea   0x000001f0   Code   RO          709    i.HAL_SPI_TransmitReceive  stm32f2xx_hal_spi.o
    0x08001bda   0x08001bda   0x00000028   Code   RO         1359    i.HAL_SYSTICK_Config  stm32f2xx_hal_cortex.o
    0x08001c02   0x08001c02   0x00000002   Code   RO         2125    i.HAL_UARTEx_RxEventCallback  stm32f2xx_hal_uart.o
    0x08001c04   0x08001c04   0x00000002   Code   RO         2139    i.HAL_UART_ErrorCallback  stm32f2xx_hal_uart.o
    0x08001c06   0x08001c06   0x00000002   PAD
    0x08001c08   0x08001c08   0x00000270   Code   RO         2142    i.HAL_UART_IRQHandler  stm32f2xx_hal_uart.o
    0x08001e78   0x08001e78   0x00000064   Code   RO         2143    i.HAL_UART_Init     stm32f2xx_hal_uart.o
    0x08001edc   0x08001edc   0x000000ec   Code   RO          644    i.HAL_UART_MspInit  stm32f2xx_hal_msp.o
    0x08001fc8   0x08001fc8   0x0000001c   Code   RO         2147    i.HAL_UART_Receive_DMA  stm32f2xx_hal_uart.o
    0x08001fe4   0x08001fe4   0x0000003c   Code   RO          427    i.HAL_UART_RxCpltCallback  usart.o
    0x08002020   0x08002020   0x00000002   Code   RO         2150    i.HAL_UART_RxHalfCpltCallback  stm32f2xx_hal_uart.o
    0x08002022   0x08002022   0x00000002   PAD
    0x08002024   0x08002024   0x00000078   Code   RO         2152    i.HAL_UART_Transmit_DMA  stm32f2xx_hal_uart.o
    0x0800209c   0x0800209c   0x0000002c   Code   RO          428    i.HAL_UART_TxCpltCallback  usart.o
    0x080020c8   0x080020c8   0x00000002   Code   RO         2155    i.HAL_UART_TxHalfCpltCallback  stm32f2xx_hal_uart.o
    0x080020ca   0x080020ca   0x00000002   Code   RO          553    i.HardFault_Handler  stm32f2xx_it.o
    0x080020cc   0x080020cc   0x000000b4   Code   RO           14    i.MS5614T2_SetCode  ms5614t.o
    0x08002180   0x08002180   0x000000b0   Code   RO           15    i.MS5614T_SetCode   ms5614t.o
    0x08002230   0x08002230   0x00000120   Code   RO          482    i.MX_GPIO_Init      main.o
    0x08002350   0x08002350   0x00000044   Code   RO          483    i.MX_SPI1_Init      main.o
    0x08002394   0x08002394   0x00000048   Code   RO          484    i.MX_SPI2_Init      main.o
    0x080023dc   0x080023dc   0x00000048   Code   RO          485    i.MX_SPI3_Init      main.o
    0x08002424   0x08002424   0x00000026   Code   RO           16    i.MakeFrame         ms5614t.o
    0x0800244a   0x0800244a   0x00000002   Code   RO          554    i.MemManage_Handler  stm32f2xx_it.o
    0x0800244c   0x0800244c   0x00000002   Code   RO          555    i.NMI_Handler       stm32f2xx_it.o
    0x0800244e   0x0800244e   0x00000002   Code   RO          556    i.PendSV_Handler    stm32f2xx_it.o
    0x08002450   0x08002450   0x00000034   Code   RO          738    i.SPI_EndRxTxTransaction  stm32f2xx_hal_spi.o
    0x08002484   0x08002484   0x000000b8   Code   RO          743    i.SPI_WaitFlagStateUntilTimeout  stm32f2xx_hal_spi.o
    0x0800253c   0x0800253c   0x00000002   Code   RO          557    i.SVC_Handler       stm32f2xx_it.o
    0x0800253e   0x0800253e   0x00000004   Code   RO          558    i.SysTick_Handler   stm32f2xx_it.o
    0x08002542   0x08002542   0x00000068   Code   RO          486    i.SystemClock_Config  main.o
    0x080025aa   0x080025aa   0x00000002   Code   RO         2477    i.SystemInit        system_stm32f2xx.o
    0x080025ac   0x080025ac   0x00000010   Code   RO         2156    i.UART_DMAAbortOnError  stm32f2xx_hal_uart.o
    0x080025bc   0x080025bc   0x0000004a   Code   RO         2157    i.UART_DMAError     stm32f2xx_hal_uart.o
    0x08002606   0x08002606   0x00000086   Code   RO         2158    i.UART_DMAReceiveCplt  stm32f2xx_hal_uart.o
    0x0800268c   0x0800268c   0x0000001e   Code   RO         2160    i.UART_DMARxHalfCplt  stm32f2xx_hal_uart.o
    0x080026aa   0x080026aa   0x00000042   Code   RO         2162    i.UART_DMATransmitCplt  stm32f2xx_hal_uart.o
    0x080026ec   0x080026ec   0x0000000a   Code   RO         2164    i.UART_DMATxHalfCplt  stm32f2xx_hal_uart.o
    0x080026f6   0x080026f6   0x0000004e   Code   RO         2166    i.UART_EndRxTransfer  stm32f2xx_hal_uart.o
    0x08002744   0x08002744   0x0000001c   Code   RO         2167    i.UART_EndTxTransfer  stm32f2xx_hal_uart.o
    0x08002760   0x08002760   0x000000c2   Code   RO         2168    i.UART_Receive_IT   stm32f2xx_hal_uart.o
    0x08002822   0x08002822   0x00000002   PAD
    0x08002824   0x08002824   0x00000124   Code   RO         2169    i.UART_SetConfig    stm32f2xx_hal_uart.o
    0x08002948   0x08002948   0x00000090   Code   RO         2170    i.UART_Start_Receive_DMA  stm32f2xx_hal_uart.o
    0x080029d8   0x080029d8   0x0000000c   Code   RO          559    i.USART1_IRQHandler  stm32f2xx_it.o
    0x080029e4   0x080029e4   0x00000048   Code   RO          429    i.USART_DMA_Send    usart.o
    0x08002a2c   0x08002a2c   0x0000004c   Code   RO          430    i.USART_Queue_Send  usart.o
    0x08002a78   0x08002a78   0x00000002   Code   RO          560    i.UsageFault_Handler  stm32f2xx_it.o
    0x08002a7a   0x08002a7a   0x00000020   Code   RO         1361    i.__NVIC_SetPriority  stm32f2xx_hal_cortex.o
    0x08002a9a   0x08002a9a   0x00000002   PAD
    0x08002a9c   0x08002a9c   0x00000054   Code   RO           19    i.delay_us          ms5614t.o
    0x08002af0   0x08002af0   0x000000d4   Code   RO          487    i.main              main.o
    0x08002bc4   0x08002bc4   0x00000054   Code   RO           20    i.modify_table_loop  ms5614t.o
    0x08002c18   0x08002c18   0x00000050   Code   RO           21    i.sampleVoltage     ms5614t.o
    0x08002c68   0x08002c68   0x00000054   Code   RO           22    i.sendTxBuffer      ms5614t.o
    0x08002cbc   0x08002cbc   0x00000010   Code   RO           99    i.short_delay       ms5614t.o
    0x08002ccc   0x08002ccc   0x000000ac   Code   RO           23    i.write_ms5614t_manual  ms5614t.o
    0x08002d78   0x08002d78   0x000001a4   Code   RO           24    i.write_ms5614t_table  ms5614t.o
    0x08002f1c   0x08002f1c   0x00000062   Code   RO         2525    x$fpl$d2f           fz_ws.l(d2f.o)
    0x08002f7e   0x08002f7e   0x00000002   PAD
    0x08002f80   0x08002f80   0x00000150   Code   RO         2527    x$fpl$dadd          fz_ws.l(daddsub_clz.o)
    0x080030d0   0x080030d0   0x00000026   Code   RO         2533    x$fpl$dfltu         fz_ws.l(dflt_clz.o)
    0x080030f6   0x080030f6   0x00000002   PAD
    0x080030f8   0x080030f8   0x00000154   Code   RO         2539    x$fpl$dmul          fz_ws.l(dmul.o)
    0x0800324c   0x0800324c   0x0000009c   Code   RO         2572    x$fpl$dnaninf       fz_ws.l(dnaninf.o)
    0x080032e8   0x080032e8   0x0000000c   Code   RO         2574    x$fpl$dretinf       fz_ws.l(dretinf.o)
    0x080032f4   0x080032f4   0x000001d4   Code   RO         2529    x$fpl$dsub          fz_ws.l(daddsub_clz.o)
    0x080034c8   0x080034c8   0x00000056   Code   RO         2541    x$fpl$f2d           fz_ws.l(f2d.o)
    0x0800351e   0x0800351e   0x00000002   PAD
    0x08003520   0x08003520   0x000000c4   Code   RO         2543    x$fpl$fadd          fz_ws.l(faddsub_clz.o)
    0x080035e4   0x080035e4   0x00000184   Code   RO         2550    x$fpl$fdiv          fz_ws.l(fdiv.o)
    0x08003768   0x08003768   0x00000036   Code   RO         2553    x$fpl$ffix          fz_ws.l(ffix.o)
    0x0800379e   0x0800379e   0x00000002   PAD
    0x080037a0   0x080037a0   0x00000030   Code   RO         2558    x$fpl$fflt          fz_ws.l(fflt_clz.o)
    0x080037d0   0x080037d0   0x00000102   Code   RO         2563    x$fpl$fmul          fz_ws.l(fmul.o)
    0x080038d2   0x080038d2   0x0000008c   Code   RO         2576    x$fpl$fnaninf       fz_ws.l(fnaninf.o)
    0x0800395e   0x0800395e   0x0000000a   Code   RO         2578    x$fpl$fretinf       fz_ws.l(fretinf.o)
    0x08003968   0x08003968   0x00000014   Code   RO         2544    x$fpl$frsb          fz_ws.l(faddsub_clz.o)
    0x0800397c   0x0800397c   0x000000ea   Code   RO         2545    x$fpl$fsub          fz_ws.l(faddsub_clz.o)
    0x08003a66   0x08003a66   0x00000000   Code   RO         2580    x$fpl$usenofp       fz_ws.l(usenofp.o)
    0x08003a66   0x08003a66   0x00000008   Data   RO         1909    .constdata          stm32f2xx_hal_dma.o
    0x08003a6e   0x08003a6e   0x00000010   Data   RO         2478    .constdata          system_stm32f2xx.o
    0x08003a7e   0x08003a7e   0x00000008   Data   RO         2479    .constdata          system_stm32f2xx.o
    0x08003a86   0x08003a86   0x00000002   PAD
    0x08003a88   0x08003a88   0x00000020   Data   RO         2741    Region$$Table       anon$$obj.o
    0x08003aa8   0x08003aa8   0x0001c558   PAD
    0x08020000   0x08020000   0x00009c40   Data   RO          352    .ARM.__AT_0x08020000  dac_const.o
    0x08029c40   0x08029c40   0x000063c0   PAD
    0x08030000   0x08030000   0x00003e80   Data   RO          402    .ARM.__AT_0x08030000  wave_const.o
    0x08033e80   0x08033e80   0x0000c180   PAD
    0x08040000   0x08040000   0x00003e80   Data   RO          377    .ARM.__AT_0x08040000  pwr_const.o


    Execution Region RW_IRAM1 (Exec base: 0x20000000, Load base: 0x08043e80, Size: 0x000142e0, Max: 0x0001c000, ABSOLUTE)

    Exec Addr    Load Addr    Size         Type   Attr      Idx    E Section Name        Object

    0x20000000   0x08043e80   0x00000010   Data   RW           26    .data               ms5614t.o
    0x20000010   0x08043e90   0x00000008   Data   RW          247    .data               peak_detection.o
    0x20000018   0x08043e98   0x00000001   Data   RW          434    .data               usart.o
    0x20000019   0x08043e99   0x00000004   Data   RW          435    .data               usart.o
    0x2000001d   0x08043e9d   0x00000001   PAD
    0x2000001e   0x08043e9e   0x00000002   Data   RW          437    .data               usart.o
    0x20000020   0x08043ea0   0x00000001   Data   RW          493    .data               main.o
    0x20000021   0x08043ea1   0x00000003   PAD
    0x20000024   0x08043ea4   0x0000000c   Data   RW         1038    .data               stm32f2xx_hal.o
    0x20000030   0x08043eb0   0x00000004   Data   RW         2480    .data               system_stm32f2xx.o
    0x20000034        -       0x0000000a   Zero   RW           25    .bss                ms5614t.o
    0x2000003e        -       0x00001f40   Zero   RW          241    .bss                peak_detection.o
    0x20001f7e        -       0x00001f40   Zero   RW          242    .bss                peak_detection.o
    0x20003ebe        -       0x00001f40   Zero   RW          243    .bss                peak_detection.o
    0x20005dfe        -       0x00001f40   Zero   RW          244    .bss                peak_detection.o
    0x20007d3e   0x08043eb4   0x00000002   PAD
    0x20007d40        -       0x00003f70   Zero   RW          245    .bss                peak_detection.o
    0x2000bcb0        -       0x00000076   Zero   RW          431    .bss                usart.o
    0x2000bd26        -       0x00007d47   Zero   RW          488    .bss                main.o
    0x20013a6d   0x08043eb4   0x00000003   PAD
    0x20013a70        -       0x00000150   Zero   RW          489    .bss                main.o
    0x20013bc0        -       0x00000060   Zero   RW          490    .bss                main.o
    0x20013c20        -       0x00000060   Zero   RW          491    .bss                main.o
    0x20013c80        -       0x00000060   Zero   RW         2613    .bss                c_w.l(libspace.o)
    0x20013ce0        -       0x00000200   Zero   RW            2    HEAP                startup_stm32f205xx.o
    0x20013ee0        -       0x00000400   Zero   RW            1    STACK               startup_stm32f205xx.o


    Execution Region RW_IRAM2 (Exec base: 0x2001c000, Load base: 0x08043eb4, Size: 0x00000000, Max: 0x00004000, ABSOLUTE)

    **** No section assigned to this execution region ****


==============================================================================

Image component sizes


      Code (inc. data)   RO Data    RW Data    ZI Data      Debug   Object Name

        76         12          0          0          0        935   adc.o
         0          0      40000          0          0        515   dac_const.o
       820         78          0          1      32599       4593   main.o
      1358        202          0         16         10     623499   ms5614t.o
       944         42          0          8      48240       4408   peak_detection.o
         0          0      16000          0          0        515   pwr_const.o
        64         26        388          0       1536        804   startup_stm32f205xx.o
       144         24          0         12          0       8461   stm32f2xx_hal.o
       198         14          0          0          0      30607   stm32f2xx_hal_cortex.o
      1084         16          8          0          0       7046   stm32f2xx_hal_dma.o
       658         50          0          0          0       2244   stm32f2xx_hal_gpio.o
       516         58          0          0          0       2608   stm32f2xx_hal_msp.o
      1356         86          0          0          0       5064   stm32f2xx_hal_rcc.o
      1278          4          0          0          0       6044   stm32f2xx_hal_spi.o
      1946         42          0          0          0      13944   stm32f2xx_hal_uart.o
        56         18          0          0          0       5130   stm32f2xx_it.o
         2          0         24          4          0       1095   system_stm32f2xx.o
       252         50          0          7        118       3100   usart.o
         0          0      16000          0          0        520   wave_const.o

    ----------------------------------------------------------------------
     10772        722     263582         52      82508     721132   Object Totals
         0          0         32          0          0          0   (incl. Generated)
        20          0     191130          4          5          0   (incl. Padding)

    ----------------------------------------------------------------------

      Code (inc. data)   RO Data    RW Data    ZI Data      Debug   Library Member Name

         8          0          0          0          0         68   __main.o
         0          0          0          0          0          0   __rtentry.o
        12          0          0          0          0          0   __rtentry2.o
         6          0          0          0          0          0   __rtentry4.o
        52          8          0          0          0          0   __scatter.o
        26          0          0          0          0          0   __scatter_copy.o
        28          0          0          0          0          0   __scatter_zi.o
        18          0          0          0          0         80   exit.o
         6          0          0          0          0        152   heapauxi.o
         0          0          0          0          0          0   indicate_semi.o
         2          0          0          0          0          0   libinit.o
         2          0          0          0          0          0   libinit2.o
         2          0          0          0          0          0   libshutdown.o
         2          0          0          0          0          0   libshutdown2.o
         8          4          0          0         96         68   libspace.o
       238          0          0          0          0        100   lludivv7m.o
        68          0          0          0          0         68   rt_memclr.o
        78          0          0          0          0         80   rt_memclr_w.o
       138          0          0          0          0         68   rt_memcpy_v6.o
       100          0          0          0          0         80   rt_memcpy_w.o
         2          0          0          0          0          0   rtexit.o
        10          0          0          0          0          0   rtexit2.o
        12          4          0          0          0         68   sys_exit.o
        74          0          0          0          0         80   sys_stackheap_outer.o
         2          0          0          0          0         68   use_no_semi.o
        98          4          0          0          0         92   d2f.o
       804         16          0          0          0        272   daddsub_clz.o
        38          0          0          0          0         68   dflt_clz.o
       340         12          0          0          0        104   dmul.o
       156          4          0          0          0         92   dnaninf.o
        12          0          0          0          0         68   dretinf.o
        86          4          0          0          0         84   f2d.o
       450          8          0          0          0        236   faddsub_clz.o
       388         76          0          0          0         96   fdiv.o
        54          4          0          0          0         84   ffix.o
        48          0          0          0          0         68   fflt_clz.o
       258          4          0          0          0         84   fmul.o
       140          4          0          0          0         84   fnaninf.o
        10          0          0          0          0         68   fretinf.o
         0          0          0          0          0          0   usenofp.o

    ----------------------------------------------------------------------
      3790        152          0          0         96       2480   Library Totals
        14          0          0          0          0          0   (incl. Padding)

    ----------------------------------------------------------------------

      Code (inc. data)   RO Data    RW Data    ZI Data      Debug   Library Name

       894         16          0          0         96        980   c_w.l
      2882        136          0          0          0       1500   fz_ws.l

    ----------------------------------------------------------------------
      3790        152          0          0         96       2480   Library Totals

    ----------------------------------------------------------------------

==============================================================================


      Code (inc. data)   RO Data    RW Data    ZI Data      Debug   

     14562        874     263582         52      82604     717784   Grand Totals
     14562        874     263582         52      82604     717784   ELF Image Totals
     14562        874     263582         52          0          0   ROM Totals

==============================================================================

    Total RO  Size (Code + RO Data)               278144 ( 271.63kB)
    Total RW  Size (RW Data + ZI Data)             82656 (  80.72kB)
    Total ROM Size (Code + RO Data + RW Data)     278196 ( 271.68kB)

==============================================================================

