Component: Arm Compiler for Embedded 6.24 Tool: armlink [5f371500]

==============================================================================

Section Cross References

    main.o(.text.main) refers to init.o(.text.NVIC_Config) for NVIC_Config
    main.o(.text.main) refers to init.o(.text.USART_Config) for USART_Config
    main.o(.text.main) refers to ms5614t.o(.text.MS5614T_Init) for MS5614T_Init
    main.o(.text.main) refers to ms5614t.o(.text.MS5614T2_Init) for MS5614T2_Init
    main.o(.text.main) refers to adc.o(.text.ADC_SPI_Init) for ADC_SPI_Init
    main.o(.text.main) refers to init.o(.text.BUTTON_Config) for BUTTON_Config
    main.o(.text.main) refers to init.o(.text.LED_Config) for LED_Config
    main.o(.text.main) refers to main.o(.bss.workState) for workState
    main.o(.text.main) refers to stm32f2xx_gpio.o(.text.GPIO_ResetBits) for GPIO_ResetBits
    main.o(.text.main) refers to stm32f2xx_gpio.o(.text.GPIO_SetBits) for GPIO_SetBits
    main.o(.text.main) refers to ms5614t.o(.text.write_ms5614t_manual) for write_ms5614t_manual
    main.o(.text.main) refers to ms5614t.o(.text.write_ms5614t_table) for write_ms5614t_table
    main.o(.text.main) refers to init.o(.text.delay_us) for delay_us
    main.o(.ARM.exidx.text.main) refers to main.o(.text.main) for [Anonymous Symbol]
    stm32f2xx_it.o(.ARM.exidx.text.NMI_Handler) refers to stm32f2xx_it.o(.text.NMI_Handler) for [Anonymous Symbol]
    stm32f2xx_it.o(.ARM.exidx.text.HardFault_Handler) refers to stm32f2xx_it.o(.text.HardFault_Handler) for [Anonymous Symbol]
    stm32f2xx_it.o(.ARM.exidx.text.MemManage_Handler) refers to stm32f2xx_it.o(.text.MemManage_Handler) for [Anonymous Symbol]
    stm32f2xx_it.o(.ARM.exidx.text.BusFault_Handler) refers to stm32f2xx_it.o(.text.BusFault_Handler) for [Anonymous Symbol]
    stm32f2xx_it.o(.ARM.exidx.text.UsageFault_Handler) refers to stm32f2xx_it.o(.text.UsageFault_Handler) for [Anonymous Symbol]
    stm32f2xx_it.o(.ARM.exidx.text.SVC_Handler) refers to stm32f2xx_it.o(.text.SVC_Handler) for [Anonymous Symbol]
    stm32f2xx_it.o(.ARM.exidx.text.DebugMon_Handler) refers to stm32f2xx_it.o(.text.DebugMon_Handler) for [Anonymous Symbol]
    stm32f2xx_it.o(.ARM.exidx.text.PendSV_Handler) refers to stm32f2xx_it.o(.text.PendSV_Handler) for [Anonymous Symbol]
    stm32f2xx_it.o(.ARM.exidx.text.SysTick_Handler) refers to stm32f2xx_it.o(.text.SysTick_Handler) for [Anonymous Symbol]
    stm32f2xx_it.o(.text.EXTI1_IRQHandler) refers to stm32f2xx_exti.o(.text.EXTI_GetITStatus) for EXTI_GetITStatus
    stm32f2xx_it.o(.text.EXTI1_IRQHandler) refers to main.o(.bss.workState) for workState
    stm32f2xx_it.o(.text.EXTI1_IRQHandler) refers to ms5614t.o(.text.ClearRxBuff) for ClearRxBuff
    stm32f2xx_it.o(.text.EXTI1_IRQHandler) refers to stm32f2xx_it.o(.bss.lastGet) for lastGet
    stm32f2xx_it.o(.text.EXTI1_IRQHandler) refers to stm32f2xx_exti.o(.text.EXTI_ClearITPendingBit) for EXTI_ClearITPendingBit
    stm32f2xx_it.o(.ARM.exidx.text.EXTI1_IRQHandler) refers to stm32f2xx_it.o(.text.EXTI1_IRQHandler) for [Anonymous Symbol]
    stm32f2xx_it.o(.text.USART1_IRQHandler) refers to stm32f2xx_usart.o(.text.USART_GetITStatus) for USART_GetITStatus
    stm32f2xx_it.o(.text.USART1_IRQHandler) refers to stm32f2xx_usart.o(.text.USART_ReceiveData) for USART_ReceiveData
    stm32f2xx_it.o(.text.USART1_IRQHandler) refers to main.o(.bss.getData) for getData
    stm32f2xx_it.o(.text.USART1_IRQHandler) refers to stm32f2xx_it.o(.bss.lastGet) for lastGet
    stm32f2xx_it.o(.text.USART1_IRQHandler) refers to stm32f2xx_it.o(.bss.uhRxCounter) for uhRxCounter
    stm32f2xx_it.o(.text.USART1_IRQHandler) refers to stm32f2xx_it.o(.bss.aRxBuffer) for aRxBuffer
    stm32f2xx_it.o(.text.USART1_IRQHandler) refers to stm32f2xx_it.o(.bss.ReceEndFlag) for ReceEndFlag
    stm32f2xx_it.o(.ARM.exidx.text.USART1_IRQHandler) refers to stm32f2xx_it.o(.text.USART1_IRQHandler) for [Anonymous Symbol]
    stm32f2xx_it.o(.text.DMA2_Stream7_IRQHandler) refers to stm32f2xx_dma.o(.text.DMA_GetFlagStatus) for DMA_GetFlagStatus
    stm32f2xx_it.o(.text.DMA2_Stream7_IRQHandler) refers to stm32f2xx_dma.o(.text.DMA_ClearFlag) for DMA_ClearFlag
    stm32f2xx_it.o(.text.DMA2_Stream7_IRQHandler) refers to stm32f2xx_dma.o(.text.DMA_Cmd) for DMA_Cmd
    stm32f2xx_it.o(.ARM.exidx.text.DMA2_Stream7_IRQHandler) refers to stm32f2xx_it.o(.text.DMA2_Stream7_IRQHandler) for [Anonymous Symbol]
    ms5614t.o(.text.MS5614T_Init) refers to stm32f2xx_rcc.o(.text.RCC_AHB1PeriphClockCmd) for RCC_AHB1PeriphClockCmd
    ms5614t.o(.text.MS5614T_Init) refers to stm32f2xx_rcc.o(.text.RCC_APB1PeriphClockCmd) for RCC_APB1PeriphClockCmd
    ms5614t.o(.text.MS5614T_Init) refers to stm32f2xx_gpio.o(.text.GPIO_PinAFConfig) for GPIO_PinAFConfig
    ms5614t.o(.text.MS5614T_Init) refers to stm32f2xx_gpio.o(.text.GPIO_Init) for GPIO_Init
    ms5614t.o(.text.MS5614T_Init) refers to stm32f2xx_spi.o(.text.SPI_I2S_DeInit) for SPI_I2S_DeInit
[...]
    Removing stm32f2xx_wwdg.o(.text.WWDG_SetCounter), (28 bytes).
    Removing stm32f2xx_wwdg.o(.ARM.exidx.text.WWDG_SetCounter), (8 bytes).
    Removing stm32f2xx_wwdg.o(.text.WWDG_Enable), (28 bytes).
    Removing stm32f2xx_wwdg.o(.ARM.exidx.text.WWDG_Enable), (8 bytes).
    Removing stm32f2xx_wwdg.o(.text.WWDG_GetFlagStatus), (46 bytes).
    Removing stm32f2xx_wwdg.o(.ARM.exidx.text.WWDG_GetFlagStatus), (8 bytes).
    Removing stm32f2xx_wwdg.o(.text.WWDG_ClearFlag), (14 bytes).
    Removing stm32f2xx_wwdg.o(.ARM.exidx.text.WWDG_ClearFlag), (8 bytes).

1237 unused section(s) (total 64249 bytes) removed from the image.

==============================================================================

Image Symbol Table

    Local Symbols

    Symbol Name                              Value     Ov Type        Size  Object(Section)

    ../clib/angel/boardlib.s                 0x00000000   Number         0  boardinit1.o ABSOLUTE
    ../clib/angel/boardlib.s                 0x00000000   Number         0  boardinit2.o ABSOLUTE
    ../clib/angel/boardlib.s                 0x00000000   Number         0  boardinit3.o ABSOLUTE
    ../clib/angel/boardlib.s                 0x00000000   Number         0  boardshut.o ABSOLUTE
    ../clib/angel/handlers.s                 0x00000000   Number         0  __scatter_copy.o ABSOLUTE
    ../clib/angel/handlers.s                 0x00000000   Number         0  __scatter_zi.o ABSOLUTE
    ../clib/angel/kernel.s                   0x00000000   Number         0  __rtentry.o ABSOLUTE
    ../clib/angel/kernel.s                   0x00000000   Number         0  __rtentry2.o ABSOLUTE
    ../clib/angel/kernel.s                   0x00000000   Number         0  __rtentry4.o ABSOLUTE
    ../clib/angel/kernel.s                   0x00000000   Number         0  rtexit.o ABSOLUTE
    ../clib/angel/kernel.s                   0x00000000   Number         0  rtexit2.o ABSOLUTE
    ../clib/angel/rt.s                       0x00000000   Number         0  rt_raise.o ABSOLUTE
    ../clib/angel/scatter.s                  0x00000000   Number         0  __scatter.o ABSOLUTE
    ../clib/angel/startup.s                  0x00000000   Number         0  __main.o ABSOLUTE
    ../clib/angel/sys.s                      0x00000000   Number         0  sys_stackheap_outer.o ABSOLUTE
    ../clib/angel/sys.s                      0x00000000   Number         0  libspace.o ABSOLUTE
    ../clib/angel/sys.s                      0x00000000   Number         0  use_no_semi.o ABSOLUTE
    ../clib/angel/sys.s                      0x00000000   Number         0  indicate_semi.o ABSOLUTE
    ../clib/angel/sysapp.c                   0x00000000   Number         0  sys_exit.o ABSOLUTE
    ../clib/angel/sysapp.c                   0x00000000   Number         0  sys_exit_hlt.o ABSOLUTE
    ../clib/angel/sysapp.c                   0x00000000   Number         0  sys_command.o ABSOLUTE
    ../clib/angel/sysapp.c                   0x00000000   Number         0  sys_command_hlt.o ABSOLUTE
    ../clib/angel/sysapp.c                   0x00000000   Number         0  sys_wrch.o ABSOLUTE
    ../clib/angel/sysapp.c                   0x00000000   Number         0  sys_wrch_hlt.o ABSOLUTE
    ../clib/armsys.c                         0x00000000   Number         0  argv_veneer.o ABSOLUTE
    ../clib/armsys.c                         0x00000000   Number         0  argv_veneer.o ABSOLUTE
    ../clib/armsys.c                         0x00000000   Number         0  _get_argv_nomalloc.o ABSOLUTE
    ../clib/armsys.c                         0x00000000   Number         0  no_argv.o ABSOLUTE
    ../clib/heapalloc.c                      0x00000000   Number         0  hrguard.o ABSOLUTE
    ../clib/heapaux.c                        0x00000000   Number         0  heapauxi.o ABSOLUTE
    ../clib/libinit.s                        0x00000000   Number         0  libinit.o ABSOLUTE
    ../clib/libinit.s                        0x00000000   Number         0  libinit2.o ABSOLUTE
    ../clib/libinit.s                        0x00000000   Number         0  libshutdown.o ABSOLUTE
    ../clib/libinit.s                        0x00000000   Number         0  libshutdown2.o ABSOLUTE
    ../clib/memcpset.s                       0x00000000   Number         0  rt_memcpy_v6.o ABSOLUTE
    ../clib/memcpset.s                       0x00000000   Number         0  rt_memclr.o ABSOLUTE
    ../clib/memcpset.s                       0x00000000   Number         0  rt_memclr_w.o ABSOLUTE
    ../clib/memcpset.s                       0x00000000   Number         0  rt_memcpy_w.o ABSOLUTE
    ../clib/signal.c                         0x00000000   Number         0  defsig_rtmem_outer.o ABSOLUTE
    ../clib/signal.c                         0x00000000   Number         0  defsig_rtmem_formal.o ABSOLUTE
    ../clib/signal.c                         0x00000000   Number         0  defsig_exit.o ABSOLUTE
    ../clib/signal.c                         0x00000000   Number         0  defsig_rtmem_inner.o ABSOLUTE
    ../clib/signal.c                         0x00000000   Number         0  __raise.o ABSOLUTE
    ../clib/signal.c                         0x00000000   Number         0  defsig_general.o ABSOLUTE
    ../clib/signal.c                         0x00000000   Number         0  defsig_abrt_inner.o ABSOLUTE
    ../clib/signal.c                         0x00000000   Number         0  defsig_fpe_inner.o ABSOLUTE
    ../clib/signal.c                         0x00000000   Number         0  defsig_rtred_inner.o ABSOLUTE
    ../clib/signal.c                         0x00000000   Number         0  defsig_stak_inner.o ABSOLUTE
    ../clib/signal.c                         0x00000000   Number         0  defsig_pvfn_inner.o ABSOLUTE
    ../clib/signal.c                         0x00000000   Number         0  defsig_cppl_inner.o ABSOLUTE
    ../clib/signal.c                         0x00000000   Number         0  defsig_segv_inner.o ABSOLUTE
    ../clib/signal.c                         0x00000000   Number         0  defsig_other.o ABSOLUTE
    ../clib/signal.s                         0x00000000   Number         0  defsig.o ABSOLUTE
    ../clib/stdlib.c                         0x00000000   Number         0  exit.o ABSOLUTE
    ../fplib/d2f.s                           0x00000000   Number         0  d2f.o ABSOLUTE
    ../fplib/daddsub.s                       0x00000000   Number         0  daddsub_clz.o ABSOLUTE
    ../fplib/dflt.s                          0x00000000   Number         0  dflt_clz.o ABSOLUTE
    ../fplib/dmul.s                          0x00000000   Number         0  dmul.o ABSOLUTE
    ../fplib/dnaninf.s                       0x00000000   Number         0  dnaninf.o ABSOLUTE
    ../fplib/dretinf.s                       0x00000000   Number         0  dretinf.o ABSOLUTE
    ../fplib/faddsub.s                       0x00000000   Number         0  faddsub_clz.o ABSOLUTE
    ../fplib/fdiv.s                          0x00000000   Number         0  fdiv.o ABSOLUTE
    ../fplib/ffix.s                          0x00000000   Number         0  ffix.o ABSOLUTE
    ../fplib/fflt.s                          0x00000000   Number         0  fflt_clz.o ABSOLUTE
    ../fplib/fmul.s                          0x00000000   Number         0  fmul.o ABSOLUTE
    ../fplib/fnaninf.s                       0x00000000   Number         0  fnaninf.o ABSOLUTE
    ../fplib/fpinit.s                        0x00000000   Number         0  fpinit.o ABSOLUTE
    ../fplib/fpinit_empty.s                  0x00000000   Number         0  fpinit_empty.o ABSOLUTE
    ../fplib/fretinf.s                       0x00000000   Number         0  fretinf.o ABSOLUTE
    ../fplib/usenofp.s                       0x00000000   Number         0  usenofp.o ABSOLUTE
    Libraries/CMSIS/DeviceSupport/startup/startup_stm32f2xx.s 0x00000000   Number         0  startup_stm32f2xx.o ABSOLUTE
    adc.c                                    0x00000000   Number         0  adc.o ABSOLUTE
    bsp.c                                    0x00000000   Number         0  bsp.o ABSOLUTE
    dac_const.c                              0x00000000   Number         0  dac_const.o ABSOLUTE
    dc.s                                     0x00000000   Number         0  dc.o ABSOLUTE
    init.c                                   0x00000000   Number         0  init.o ABSOLUTE
    main.c                                   0x00000000   Number         0  main.o ABSOLUTE
    misc.c                                   0x00000000   Number         0  misc.o ABSOLUTE
    ms5614t.c                                0x00000000   Number         0  ms5614t.o ABSOLUTE
    peak_detection.c                         0x00000000   Number         0  peak_detection.o ABSOLUTE
    pwr_const.c                              0x00000000   Number         0  pwr_const.o ABSOLUTE
    stm32f2xx_adc.c                          0x00000000   Number         0  stm32f2xx_adc.o ABSOLUTE
    stm32f2xx_can.c                          0x00000000   Number         0  stm32f2xx_can.o ABSOLUTE
    stm32f2xx_crc.c                          0x00000000   Number         0  stm32f2xx_crc.o ABSOLUTE
    stm32f2xx_cryp.c                         0x00000000   Number         0  stm32f2xx_cryp.o ABSOLUTE
    stm32f2xx_cryp_aes.c                     0x00000000   Number         0  stm32f2xx_cryp_aes.o ABSOLUTE
    stm32f2xx_cryp_des.c                     0x00000000   Number         0  stm32f2xx_cryp_des.o ABSOLUTE
    stm32f2xx_cryp_tdes.c                    0x00000000   Number         0  stm32f2xx_cryp_tdes.o ABSOLUTE
    stm32f2xx_dac.c                          0x00000000   Number         0  stm32f2xx_dac.o ABSOLUTE
    stm32f2xx_dbgmcu.c                       0x00000000   Number         0  stm32f2xx_dbgmcu.o ABSOLUTE
    stm32f2xx_dcmi.c                         0x00000000   Number         0  stm32f2xx_dcmi.o ABSOLUTE
    stm32f2xx_dma.c                          0x00000000   Number         0  stm32f2xx_dma.o ABSOLUTE
    stm32f2xx_exti.c                         0x00000000   Number         0  stm32f2xx_exti.o ABSOLUTE
    stm32f2xx_flash.c                        0x00000000   Number         0  stm32f2xx_flash.o ABSOLUTE
    stm32f2xx_fsmc.c                         0x00000000   Number         0  stm32f2xx_fsmc.o ABSOLUTE
    stm32f2xx_gpio.c                         0x00000000   Number         0  stm32f2xx_gpio.o ABSOLUTE
    stm32f2xx_hash.c                         0x00000000   Number         0  stm32f2xx_hash.o ABSOLUTE
    stm32f2xx_hash_md5.c                     0x00000000   Number         0  stm32f2xx_hash_md5.o ABSOLUTE
    stm32f2xx_hash_sha1.c                    0x00000000   Number         0  stm32f2xx_hash_sha1.o ABSOLUTE
    stm32f2xx_i2c.c                          0x00000000   Number         0  stm32f2xx_i2c.o ABSOLUTE
    stm32f2xx_it.c                           0x00000000   Number         0  stm32f2xx_it.o ABSOLUTE
    stm32f2xx_iwdg.c                         0x00000000   Number         0  stm32f2xx_iwdg.o ABSOLUTE
    stm32f2xx_pwr.c                          0x00000000   Number         0  stm32f2xx_pwr.o ABSOLUTE
    stm32f2xx_rcc.c                          0x00000000   Number         0  stm32f2xx_rcc.o ABSOLUTE
    stm32f2xx_rng.c                          0x00000000   Number         0  stm32f2xx_rng.o ABSOLUTE
    stm32f2xx_rtc.c                          0x00000000   Number         0  stm32f2xx_rtc.o ABSOLUTE
    stm32f2xx_sdio.c                         0x00000000   Number         0  stm32f2xx_sdio.o ABSOLUTE
    stm32f2xx_spi.c                          0x00000000   Number         0  stm32f2xx_spi.o ABSOLUTE
    stm32f2xx_syscfg.c                       0x00000000   Number         0  stm32f2xx_syscfg.o ABSOLUTE
    stm32f2xx_tim.c                          0x00000000   Number         0  stm32f2xx_tim.o ABSOLUTE
    stm32f2xx_usart.c                        0x00000000   Number         0  stm32f2xx_usart.o ABSOLUTE
    stm32f2xx_wwdg.c                         0x00000000   Number         0  stm32f2xx_wwdg.o ABSOLUTE
    system_stm32f2xx.c                       0x00000000   Number         0  system_stm32f2xx.o ABSOLUTE
    wave_const.c                             0x00000000   Number         0  wave_const.o ABSOLUTE
    RESET                                    0x08000000   Section      388  startup_stm32f2xx.o(RESET)
    !!!main                                  0x08000184   Section        8  __main.o(!!!main)
    !!!scatter                               0x0800018c   Section       92  __scatter.o(!!!scatter)
    !!handler_copy                           0x080001e8   Section       26  __scatter_copy.o(!!handler_copy)
    !!handler_null                           0x08000204   Section        2  __scatter.o(!!handler_null)
    !!handler_zi                             0x08000208   Section       28  __scatter_zi.o(!!handler_zi)
    .ARM.Collect$$libinit$$00000000          0x08000224   Section        2  libinit.o(.ARM.Collect$$libinit$$00000000)
    .ARM.Collect$$libinit$$00000002          0x08000226   Section        0  libinit2.o(.ARM.Collect$$libinit$$00000002)
    .ARM.Collect$$libinit$$00000004          0x08000226   Section        0  libinit2.o(.ARM.Collect$$libinit$$00000004)
    .ARM.Collect$$libinit$$00000006          0x08000226   Section        0  libinit2.o(.ARM.Collect$$libinit$$00000006)
    .ARM.Collect$$libinit$$0000000C          0x08000226   Section        0  libinit2.o(.ARM.Collect$$libinit$$0000000C)
    .ARM.Collect$$libinit$$0000000E          0x08000226   Section        0  libinit2.o(.ARM.Collect$$libinit$$0000000E)
    .ARM.Collect$$libinit$$00000010          0x08000226   Section        0  libinit2.o(.ARM.Collect$$libinit$$00000010)
    .ARM.Collect$$libinit$$00000013          0x08000226   Section        0  libinit2.o(.ARM.Collect$$libinit$$00000013)
    .ARM.Collect$$libinit$$00000015          0x08000226   Section        0  libinit2.o(.ARM.Collect$$libinit$$00000015)
    .ARM.Collect$$libinit$$00000017          0x08000226   Section        0  libinit2.o(.ARM.Collect$$libinit$$00000017)
    .ARM.Collect$$libinit$$00000019          0x08000226   Section        0  libinit2.o(.ARM.Collect$$libinit$$00000019)
    .ARM.Collect$$libinit$$0000001B          0x08000226   Section        0  libinit2.o(.ARM.Collect$$libinit$$0000001B)
    .ARM.Collect$$libinit$$0000001D          0x08000226   Section        0  libinit2.o(.ARM.Collect$$libinit$$0000001D)
    .ARM.Collect$$libinit$$0000001F          0x08000226   Section        0  libinit2.o(.ARM.Collect$$libinit$$0000001F)
    .ARM.Collect$$libinit$$00000021          0x08000226   Section        0  libinit2.o(.ARM.Collect$$libinit$$00000021)
    .ARM.Collect$$libinit$$00000023          0x08000226   Section        0  libinit2.o(.ARM.Collect$$libinit$$00000023)
    .ARM.Collect$$libinit$$00000025          0x08000226   Section        0  libinit2.o(.ARM.Collect$$libinit$$00000025)
    .ARM.Collect$$libinit$$00000027          0x08000226   Section        0  libinit2.o(.ARM.Collect$$libinit$$00000027)
    .ARM.Collect$$libinit$$0000002E          0x08000226   Section        0  libinit2.o(.ARM.Collect$$libinit$$0000002E)
    .ARM.Collect$$libinit$$00000030          0x08000226   Section        0  libinit2.o(.ARM.Collect$$libinit$$00000030)
    .ARM.Collect$$libinit$$00000032          0x08000226   Section        0  libinit2.o(.ARM.Collect$$libinit$$00000032)
    .ARM.Collect$$libinit$$00000034          0x08000226   Section        0  libinit2.o(.ARM.Collect$$libinit$$00000034)
    .ARM.Collect$$libinit$$00000035          0x08000226   Section        2  libinit2.o(.ARM.Collect$$libinit$$00000035)
    .ARM.Collect$$libshutdown$$00000000      0x08000228   Section        2  libshutdown.o(.ARM.Collect$$libshutdown$$00000000)
    .ARM.Collect$$libshutdown$$00000002      0x0800022a   Section        0  libshutdown2.o(.ARM.Collect$$libshutdown$$00000002)
    .ARM.Collect$$libshutdown$$00000004      0x0800022a   Section        0  libshutdown2.o(.ARM.Collect$$libshutdown$$00000004)
    .ARM.Collect$$libshutdown$$00000007      0x0800022a   Section        0  libshutdown2.o(.ARM.Collect$$libshutdown$$00000007)
    .ARM.Collect$$libshutdown$$0000000A      0x0800022a   Section        0  libshutdown2.o(.ARM.Collect$$libshutdown$$0000000A)
    .ARM.Collect$$libshutdown$$0000000C      0x0800022a   Section        0  libshutdown2.o(.ARM.Collect$$libshutdown$$0000000C)
    .ARM.Collect$$libshutdown$$0000000F      0x0800022a   Section        0  libshutdown2.o(.ARM.Collect$$libshutdown$$0000000F)
    .ARM.Collect$$libshutdown$$00000010      0x0800022a   Section        2  libshutdown2.o(.ARM.Collect$$libshutdown$$00000010)
    .ARM.Collect$$rtentry$$00000000          0x0800022c   Section        0  __rtentry.o(.ARM.Collect$$rtentry$$00000000)
    .ARM.Collect$$rtentry$$00000002          0x0800022c   Section        0  __rtentry2.o(.ARM.Collect$$rtentry$$00000002)
    .ARM.Collect$$rtentry$$00000004          0x0800022c   Section        6  __rtentry4.o(.ARM.Collect$$rtentry$$00000004)
    .ARM.Collect$$rtentry$$00000009          0x08000232   Section        0  __rtentry2.o(.ARM.Collect$$rtentry$$00000009)
    .ARM.Collect$$rtentry$$0000000A          0x08000232   Section        4  __rtentry2.o(.ARM.Collect$$rtentry$$0000000A)
    .ARM.Collect$$rtentry$$0000000C          0x08000236   Section        0  __rtentry2.o(.ARM.Collect$$rtentry$$0000000C)
    .ARM.Collect$$rtentry$$0000000D          0x08000236   Section        8  __rtentry2.o(.ARM.Collect$$rtentry$$0000000D)
    .ARM.Collect$$rtexit$$00000000           0x0800023e   Section        2  rtexit.o(.ARM.Collect$$rtexit$$00000000)
    .ARM.Collect$$rtexit$$00000002           0x08000240   Section        0  rtexit2.o(.ARM.Collect$$rtexit$$00000002)
    .ARM.Collect$$rtexit$$00000003           0x08000240   Section        4  rtexit2.o(.ARM.Collect$$rtexit$$00000003)
    .ARM.Collect$$rtexit$$00000004           0x08000244   Section        6  rtexit2.o(.ARM.Collect$$rtexit$$00000004)
    .text                                    0x0800024c   Section       64  startup_stm32f2xx.o(.text)
    .text                                    0x0800028c   Section      138  rt_memcpy_v6.o(.text)
    .text                                    0x08000316   Section       68  rt_memclr.o(.text)
    .text                                    0x0800035a   Section       78  rt_memclr_w.o(.text)
    .text                                    0x080003a8   Section        0  heapauxi.o(.text)
    .text                                    0x080003ae   Section      100  rt_memcpy_w.o(.text)
    .text                                    0x08000412   Section       74  sys_stackheap_outer.o(.text)
    .text                                    0x0800045c   Section        0  exit.o(.text)
    .text                                    0x08000470   Section        8  libspace.o(.text)
    .text                                    0x08000478   Section        0  sys_exit.o(.text)
    .text                                    0x08000484   Section        2  use_no_semi.o(.text)
    .text                                    0x08000486   Section        0  indicate_semi.o(.text)
    [Anonymous Symbol]                       0x08000488   Section        0  adc.o(.text.ADC_Loop_Start)
    [Anonymous Symbol]                       0x0800049c   Section        0  adc.o(.text.ADC_SPI_Cmd)
    [Anonymous Symbol]                       0x08000510   Section        0  adc.o(.text.ADC_SPI_Init)
    ADC_Select_Chs                           0x08000639   Thumb Code    22  adc.o(.text.ADC_Select_Chs)
    [Anonymous Symbol]                       0x08000638   Section        0  adc.o(.text.ADC_Select_Chs)
    [Anonymous Symbol]                       0x08000650   Section        0  adc.o(.text.ADC_Write_Loop)
    [Anonymous Symbol]                       0x0800065c   Section        0  init.o(.text.BUTTON_Config)
    [Anonymous Symbol]                       0x080006e0   Section        0  stm32f2xx_it.o(.text.BusFault_Handler)
    [Anonymous Symbol]                       0x080006e4   Section        0  ms5614t.o(.text.ClearRxBuff)
    [Anonymous Symbol]                       0x0800071c   Section        0  stm32f2xx_it.o(.text.DMA2_Stream7_IRQHandler)
    [Anonymous Symbol]                       0x08000754   Section        0  stm32f2xx_dma.o(.text.DMA_ClearFlag)
    [Anonymous Symbol]                       0x080007b8   Section        0  stm32f2xx_dma.o(.text.DMA_Cmd)
    [Anonymous Symbol]                       0x080007e4   Section        0  stm32f2xx_dma.o(.text.DMA_GetCmdStatus)
    [Anonymous Symbol]                       0x08000810   Section        0  stm32f2xx_dma.o(.text.DMA_GetFlagStatus)
    [Anonymous Symbol]                       0x08000894   Section        0  stm32f2xx_dma.o(.text.DMA_ITConfig)
    [Anonymous Symbol]                       0x08000908   Section        0  stm32f2xx_dma.o(.text.DMA_Init)
    [Anonymous Symbol]                       0x0800099c   Section        0  stm32f2xx_dma.o(.text.DMA_SetCurrDataCounter)
    [Anonymous Symbol]                       0x080009b0   Section        0  stm32f2xx_it.o(.text.DebugMon_Handler)
    [Anonymous Symbol]                       0x080009b4   Section        0  stm32f2xx_it.o(.text.EXTI1_IRQHandler)
    [Anonymous Symbol]                       0x080009ec   Section        0  stm32f2xx_exti.o(.text.EXTI_ClearITPendingBit)
    [Anonymous Symbol]                       0x08000a00   Section        0  stm32f2xx_exti.o(.text.EXTI_GetITStatus)
    [Anonymous Symbol]                       0x08000a4c   Section        0  stm32f2xx_exti.o(.text.EXTI_Init)
    [Anonymous Symbol]                       0x08000b38   Section        0  peak_detection.o(.text.FillPeaks)
    [Anonymous Symbol]                       0x08000efc   Section        0  peak_detection.o(.text.Find_Initial)
    [Anonymous Symbol]                       0x080010b0   Section        0  peak_detection.o(.text.Find_Peaks)
    [Anonymous Symbol]                       0x08001364   Section        0  stm32f2xx_gpio.o(.text.GPIO_Init)
    [Anonymous Symbol]                       0x0800145c   Section        0  stm32f2xx_gpio.o(.text.GPIO_PinAFConfig)
    [Anonymous Symbol]                       0x080014d0   Section        0  stm32f2xx_gpio.o(.text.GPIO_ResetBits)
    [Anonymous Symbol]                       0x080014e4   Section        0  stm32f2xx_gpio.o(.text.GPIO_SetBits)
    [Anonymous Symbol]                       0x080014f8   Section        0  stm32f2xx_it.o(.text.HardFault_Handler)
    [Anonymous Symbol]                       0x080014fc   Section        0  init.o(.text.LED_Config)
    [Anonymous Symbol]                       0x0800154c   Section        0  ms5614t.o(.text.MS5614T2_Init)
    [Anonymous Symbol]                       0x0800167c   Section        0  ms5614t.o(.text.MS5614T2_SetCode)
    [Anonymous Symbol]                       0x0800174c   Section        0  ms5614t.o(.text.MS5614T_Init)
    [Anonymous Symbol]                       0x08001874   Section        0  ms5614t.o(.text.MS5614T_SetCode)
    MakeFrame                                0x0800193d   Thumb Code    88  ms5614t.o(.text.MakeFrame)
    [Anonymous Symbol]                       0x0800193c   Section        0  ms5614t.o(.text.MakeFrame)
    [Anonymous Symbol]                       0x08001994   Section        0  stm32f2xx_it.o(.text.MemManage_Handler)
    [Anonymous Symbol]                       0x08001998   Section        0  stm32f2xx_it.o(.text.NMI_Handler)
    [Anonymous Symbol]                       0x0800199c   Section        0  init.o(.text.NVIC_Config)
    [Anonymous Symbol]                       0x080019a8   Section        0  misc.o(.text.NVIC_Init)
    [Anonymous Symbol]                       0x08001a74   Section        0  misc.o(.text.NVIC_PriorityGroupConfig)
    NVIC_SetPriority                         0x08001a91   Thumb Code    68  init.o(.text.NVIC_SetPriority)
    [Anonymous Symbol]                       0x08001a90   Section        0  init.o(.text.NVIC_SetPriority)
    [Anonymous Symbol]                       0x08001ad4   Section        0  stm32f2xx_it.o(.text.PendSV_Handler)
    [Anonymous Symbol]                       0x08001ad8   Section        0  stm32f2xx_rcc.o(.text.RCC_AHB1PeriphClockCmd)
    [Anonymous Symbol]                       0x08001b10   Section        0  stm32f2xx_rcc.o(.text.RCC_APB1PeriphClockCmd)
    [Anonymous Symbol]                       0x08001b48   Section        0  stm32f2xx_rcc.o(.text.RCC_APB1PeriphResetCmd)
    [Anonymous Symbol]                       0x08001b80   Section        0  stm32f2xx_rcc.o(.text.RCC_APB2PeriphClockCmd)
    [Anonymous Symbol]                       0x08001bb8   Section        0  stm32f2xx_rcc.o(.text.RCC_APB2PeriphResetCmd)
    [Anonymous Symbol]                       0x08001bf0   Section        0  stm32f2xx_rcc.o(.text.RCC_GetClocksFreq)
    SPI2_Send16                              0x08001d55   Thumb Code    74  ms5614t.o(.text.SPI2_Send16)
    [Anonymous Symbol]                       0x08001d54   Section        0  ms5614t.o(.text.SPI2_Send16)
    SPI3_Send16                              0x08001da1   Thumb Code    74  ms5614t.o(.text.SPI3_Send16)
    [Anonymous Symbol]                       0x08001da0   Section        0  ms5614t.o(.text.SPI3_Send16)
    [Anonymous Symbol]                       0x08001dec   Section        0  stm32f2xx_spi.o(.text.SPI_Cmd)
    [Anonymous Symbol]                       0x08001e18   Section        0  stm32f2xx_spi.o(.text.SPI_I2S_DeInit)
    [Anonymous Symbol]                       0x08001e98   Section        0  stm32f2xx_spi.o(.text.SPI_I2S_GetFlagStatus)
    [Anonymous Symbol]                       0x08001ed0   Section        0  stm32f2xx_spi.o(.text.SPI_I2S_ReceiveData)
    [Anonymous Symbol]                       0x08001edc   Section        0  stm32f2xx_spi.o(.text.SPI_I2S_SendData)
    [Anonymous Symbol]                       0x08001ef0   Section        0  stm32f2xx_spi.o(.text.SPI_Init)
    [Anonymous Symbol]                       0x08001f58   Section        0  stm32f2xx_it.o(.text.SVC_Handler)
    [Anonymous Symbol]                       0x08001f5c   Section        0  stm32f2xx_syscfg.o(.text.SYSCFG_EXTILineConfig)
    SetSysClock                              0x08001fb5   Thumb Code   276  system_stm32f2xx.o(.text.SetSysClock)
    [Anonymous Symbol]                       0x08001fb4   Section        0  system_stm32f2xx.o(.text.SetSysClock)
    SysTick_Config                           0x080020c9   Thumb Code    84  init.o(.text.SysTick_Config)
    [Anonymous Symbol]                       0x080020c8   Section        0  init.o(.text.SysTick_Config)
    [Anonymous Symbol]                       0x0800211c   Section        0  stm32f2xx_it.o(.text.SysTick_Handler)
    [Anonymous Symbol]                       0x08002120   Section        0  system_stm32f2xx.o(.text.SystemInit)
    [Anonymous Symbol]                       0x08002184   Section        0  stm32f2xx_it.o(.text.USART1_IRQHandler)
    [Anonymous Symbol]                       0x08002250   Section        0  stm32f2xx_usart.o(.text.USART_Cmd)
    [Anonymous Symbol]                       0x0800227c   Section        0  init.o(.text.USART_Config)
    [Anonymous Symbol]                       0x080023fc   Section        0  stm32f2xx_usart.o(.text.USART_DMACmd)
    [Anonymous Symbol]                       0x08002430   Section        0  init.o(.text.USART_DMA_Send)
    [Anonymous Symbol]                       0x08002488   Section        0  stm32f2xx_usart.o(.text.USART_GetITStatus)
    [Anonymous Symbol]                       0x08002538   Section        0  stm32f2xx_usart.o(.text.USART_ITConfig)
    [Anonymous Symbol]                       0x080025cc   Section        0  stm32f2xx_usart.o(.text.USART_Init)
    [Anonymous Symbol]                       0x08002730   Section        0  stm32f2xx_usart.o(.text.USART_ReceiveData)
    [Anonymous Symbol]                       0x08002740   Section        0  stm32f2xx_it.o(.text.UsageFault_Handler)
    [Anonymous Symbol]                       0x08002744   Section        0  init.o(.text.delay_us)
    [Anonymous Symbol]                       0x080027ac   Section        0  main.o(.text.main)
    [Anonymous Symbol]                       0x08002828   Section        0  ms5614t.o(.text.modify_table_loop)
    [Anonymous Symbol]                       0x080028a0   Section        0  ms5614t.o(.text.sampleVoltage)
    [Anonymous Symbol]                       0x0800291c   Section        0  ms5614t.o(.text.sendTxBuffer)
    short_delay                              0x08002991   Thumb Code    24  ms5614t.o(.text.short_delay)
    [Anonymous Symbol]                       0x08002990   Section        0  ms5614t.o(.text.short_delay)
    [Anonymous Symbol]                       0x080029a8   Section        0  ms5614t.o(.text.write_ms5614t_manual)
    [Anonymous Symbol]                       0x08002b10   Section        0  ms5614t.o(.text.write_ms5614t_table)
    x$fpl$d2f                                0x08002d94   Section       98  d2f.o(x$fpl$d2f)
    x$fpl$dadd                               0x08002df8   Section      336  daddsub_clz.o(x$fpl$dadd)
    _dadd1                                   0x08002e09   Thumb Code     0  daddsub_clz.o(x$fpl$dadd)
    x$fpl$dflt                               0x08002f48   Section       46  dflt_clz.o(x$fpl$dflt)
    x$fpl$dmul                               0x08002f78   Section      340  dmul.o(x$fpl$dmul)
    x$fpl$dnaninf                            0x080030cc   Section      156  dnaninf.o(x$fpl$dnaninf)
    x$fpl$dretinf                            0x08003168   Section       12  dretinf.o(x$fpl$dretinf)
    x$fpl$dsub                               0x08003174   Section      476  daddsub_clz.o(x$fpl$dsub)
    _dsub1                                   0x08003185   Thumb Code     0  daddsub_clz.o(x$fpl$dsub)
    x$fpl$fadd                               0x08003350   Section      196  faddsub_clz.o(x$fpl$fadd)
    _fadd1                                   0x0800335f   Thumb Code     0  faddsub_clz.o(x$fpl$fadd)
    _fdiv1                                   0x08003415   Thumb Code     0  fdiv.o(x$fpl$fdiv)
    x$fpl$fdiv                               0x08003414   Section      388  fdiv.o(x$fpl$fdiv)
    x$fpl$ffix                               0x08003598   Section       54  ffix.o(x$fpl$ffix)
    x$fpl$fflt                               0x080035d0   Section       48  fflt_clz.o(x$fpl$fflt)
    x$fpl$fmul                               0x08003600   Section      258  fmul.o(x$fpl$fmul)
    x$fpl$fnaninf                            0x08003702   Section      140  fnaninf.o(x$fpl$fnaninf)
    x$fpl$fretinf                            0x0800378e   Section       10  fretinf.o(x$fpl$fretinf)
    x$fpl$fsub                               0x08003798   Section      234  faddsub_clz.o(x$fpl$fsub)
    _fsub1                                   0x080037a7   Thumb Code     0  faddsub_clz.o(x$fpl$fsub)
    APBAHBPrescTable                         0x08003882   Data          16  stm32f2xx_rcc.o(.rodata.APBAHBPrescTable)
    [Anonymous Symbol]                       0x08003882   Section        0  stm32f2xx_rcc.o(.rodata.APBAHBPrescTable)
    x$fpl$usenofp                            0x08003882   Section        0  usenofp.o(x$fpl$usenofp)
    .bss                                     0x20000008   Section       96  libspace.o(.bss)
    Heap_Mem                                 0x2001ba50   Data         512  startup_stm32f2xx.o(HEAP)
    HEAP                                     0x2001ba50   Section      512  startup_stm32f2xx.o(HEAP)
    Stack_Mem                                0x2001bc50   Data        1024  startup_stm32f2xx.o(STACK)
    STACK                                    0x2001bc50   Section     1024  startup_stm32f2xx.o(STACK)
    __initial_sp                             0x2001c050   Data           0  startup_stm32f2xx.o(STACK)

    Global Symbols

    Symbol Name                              Value     Ov Type        Size  Object(Section)

    BuildAttributes$$THM_ISAv4$P$D$K$B$S$PE$A:L22UL41UL21$X:L11$S22US41US21$IEEE1$IW$~IW$USESV6$~STKCKD$USESV7$~SHL$OSPACE$ROPI$EBA8$UX$STANDARDLIB$REQ8$PRES8$EABIv2 0x00000000   Number         0  anon$$obj.o ABSOLUTE
    __fp_init_empty                          0x00000000   Number         0  fpinit_empty.o ABSOLUTE
    __ARM_exceptions_init                     - Undefined Weak Reference
    __alloca_initialize                       - Undefined Weak Reference
    __arm_preinit_                            - Undefined Weak Reference
    __arm_relocate_pie_                       - Undefined Weak Reference
    __cpp_initialize__aeabi_                  - Undefined Weak Reference
    __cxa_finalize                            - Undefined Weak Reference
    __rt_locale                               - Undefined Weak Reference
    __sigvec_lookup                           - Undefined Weak Reference
    _atexit_init                              - Undefined Weak Reference
    _call_atexit_fns                          - Undefined Weak Reference
    _clock_init                               - Undefined Weak Reference
    _fp_trap_init                             - Undefined Weak Reference
    _fp_trap_shutdown                         - Undefined Weak Reference
    _get_lc_collate                           - Undefined Weak Reference
    _get_lc_ctype                             - Undefined Weak Reference
    _get_lc_monetary                          - Undefined Weak Reference
    _get_lc_numeric                           - Undefined Weak Reference
    _get_lc_time                              - Undefined Weak Reference
    _getenv_init                              - Undefined Weak Reference
    _handle_redirection                       - Undefined Weak Reference
    _init_alloc                               - Undefined Weak Reference
    _init_user_alloc                          - Undefined Weak Reference
    _initio                                   - Undefined Weak Reference
    _rand_init                                - Undefined Weak Reference
    _signal_finish                            - Undefined Weak Reference
    _signal_init                              - Undefined Weak Reference
    _terminate_alloc                          - Undefined Weak Reference
    _terminate_user_alloc                     - Undefined Weak Reference
    _terminateio                              - Undefined Weak Reference
    __Vectors_Size                           0x00000184   Number         0  startup_stm32f2xx.o ABSOLUTE
    __Vectors                                0x08000000   Data           4  startup_stm32f2xx.o(RESET)
    __Vectors_End                            0x08000184   Data           0  startup_stm32f2xx.o(RESET)
    __main                                   0x08000185   Thumb Code     8  __main.o(!!!main)
    __scatterload                            0x0800018d   Thumb Code     0  __scatter.o(!!!scatter)
    __scatterload_rt2                        0x0800018d   Thumb Code    84  __scatter.o(!!!scatter)
    __scatterload_rt2_thumb_only             0x0800018d   Thumb Code     0  __scatter.o(!!!scatter)
    __scatterload_loop                       0x08000197   Thumb Code     0  __scatter.o(!!!scatter)
    __scatterload_copy                       0x080001e9   Thumb Code    26  __scatter_copy.o(!!handler_copy)
    __scatterload_null                       0x08000205   Thumb Code     2  __scatter.o(!!handler_null)
    __scatterload_zeroinit                   0x08000209   Thumb Code    28  __scatter_zi.o(!!handler_zi)
    __rt_lib_init                            0x08000225   Thumb Code     0  libinit.o(.ARM.Collect$$libinit$$00000000)
    __rt_lib_init_alloca_1                   0x08000227   Thumb Code     0  libinit2.o(.ARM.Collect$$libinit$$00000030)
    __rt_lib_init_argv_1                     0x08000227   Thumb Code     0  libinit2.o(.ARM.Collect$$libinit$$0000002E)
    __rt_lib_init_atexit_1                   0x08000227   Thumb Code     0  libinit2.o(.ARM.Collect$$libinit$$0000001D)
    __rt_lib_init_clock_1                    0x08000227   Thumb Code     0  libinit2.o(.ARM.Collect$$libinit$$00000023)
    __rt_lib_init_cpp_1                      0x08000227   Thumb Code     0  libinit2.o(.ARM.Collect$$libinit$$00000034)
    __rt_lib_init_exceptions_1               0x08000227   Thumb Code     0  libinit2.o(.ARM.Collect$$libinit$$00000032)
    __rt_lib_init_fp_1                       0x08000227   Thumb Code     0  libinit2.o(.ARM.Collect$$libinit$$00000002)
    __rt_lib_init_fp_trap_1                  0x08000227   Thumb Code     0  libinit2.o(.ARM.Collect$$libinit$$00000021)
    __rt_lib_init_getenv_1                   0x08000227   Thumb Code     0  libinit2.o(.ARM.Collect$$libinit$$00000025)
    __rt_lib_init_heap_1                     0x08000227   Thumb Code     0  libinit2.o(.ARM.Collect$$libinit$$0000000C)
    __rt_lib_init_lc_collate_1               0x08000227   Thumb Code     0  libinit2.o(.ARM.Collect$$libinit$$00000013)
    __rt_lib_init_lc_ctype_1                 0x08000227   Thumb Code     0  libinit2.o(.ARM.Collect$$libinit$$00000015)
    __rt_lib_init_lc_monetary_1              0x08000227   Thumb Code     0  libinit2.o(.ARM.Collect$$libinit$$00000017)
    __rt_lib_init_lc_numeric_1               0x08000227   Thumb Code     0  libinit2.o(.ARM.Collect$$libinit$$00000019)
    __rt_lib_init_lc_time_1                  0x08000227   Thumb Code     0  libinit2.o(.ARM.Collect$$libinit$$0000001B)
    __rt_lib_init_preinit_1                  0x08000227   Thumb Code     0  libinit2.o(.ARM.Collect$$libinit$$00000006)
    __rt_lib_init_rand_1                     0x08000227   Thumb Code     0  libinit2.o(.ARM.Collect$$libinit$$00000010)
    __rt_lib_init_relocate_pie_1             0x08000227   Thumb Code     0  libinit2.o(.ARM.Collect$$libinit$$00000004)
    __rt_lib_init_return                     0x08000227   Thumb Code     0  libinit2.o(.ARM.Collect$$libinit$$00000035)
    __rt_lib_init_signal_1                   0x08000227   Thumb Code     0  libinit2.o(.ARM.Collect$$libinit$$0000001F)
    __rt_lib_init_stdio_1                    0x08000227   Thumb Code     0  libinit2.o(.ARM.Collect$$libinit$$00000027)
    __rt_lib_init_user_alloc_1               0x08000227   Thumb Code     0  libinit2.o(.ARM.Collect$$libinit$$0000000E)
    __rt_lib_shutdown                        0x08000229   Thumb Code     0  libshutdown.o(.ARM.Collect$$libshutdown$$00000000)
    __rt_lib_shutdown_cpp_1                  0x0800022b   Thumb Code     0  libshutdown2.o(.ARM.Collect$$libshutdown$$00000002)
    __rt_lib_shutdown_fp_trap_1              0x0800022b   Thumb Code     0  libshutdown2.o(.ARM.Collect$$libshutdown$$00000007)
    __rt_lib_shutdown_heap_1                 0x0800022b   Thumb Code     0  libshutdown2.o(.ARM.Collect$$libshutdown$$0000000F)
    __rt_lib_shutdown_return                 0x0800022b   Thumb Code     0  libshutdown2.o(.ARM.Collect$$libshutdown$$00000010)
    __rt_lib_shutdown_signal_1               0x0800022b   Thumb Code     0  libshutdown2.o(.ARM.Collect$$libshutdown$$0000000A)
    __rt_lib_shutdown_stdio_1                0x0800022b   Thumb Code     0  libshutdown2.o(.ARM.Collect$$libshutdown$$00000004)
    __rt_lib_shutdown_user_alloc_1           0x0800022b   Thumb Code     0  libshutdown2.o(.ARM.Collect$$libshutdown$$0000000C)
    __rt_entry                               0x0800022d   Thumb Code     0  __rtentry.o(.ARM.Collect$$rtentry$$00000000)
    __rt_entry_presh_1                       0x0800022d   Thumb Code     0  __rtentry2.o(.ARM.Collect$$rtentry$$00000002)
    __rt_entry_sh                            0x0800022d   Thumb Code     0  __rtentry4.o(.ARM.Collect$$rtentry$$00000004)
    __rt_entry_li                            0x08000233   Thumb Code     0  __rtentry2.o(.ARM.Collect$$rtentry$$0000000A)
    __rt_entry_postsh_1                      0x08000233   Thumb Code     0  __rtentry2.o(.ARM.Collect$$rtentry$$00000009)
    __rt_entry_main                          0x08000237   Thumb Code     0  __rtentry2.o(.ARM.Collect$$rtentry$$0000000D)
    __rt_entry_postli_1                      0x08000237   Thumb Code     0  __rtentry2.o(.ARM.Collect$$rtentry$$0000000C)
    __rt_exit                                0x0800023f   Thumb Code     0  rtexit.o(.ARM.Collect$$rtexit$$00000000)
    __rt_exit_ls                             0x08000241   Thumb Code     0  rtexit2.o(.ARM.Collect$$rtexit$$00000003)
    __rt_exit_prels_1                        0x08000241   Thumb Code     0  rtexit2.o(.ARM.Collect$$rtexit$$00000002)
    __rt_exit_exit                           0x08000245   Thumb Code     0  rtexit2.o(.ARM.Collect$$rtexit$$00000004)
    Reset_Handler                            0x0800024d   Thumb Code     8  startup_stm32f2xx.o(.text)
    ADC_IRQHandler                           0x08000267   Thumb Code     0  startup_stm32f2xx.o(.text)
    CAN1_RX0_IRQHandler                      0x08000267   Thumb Code     0  startup_stm32f2xx.o(.text)
    CAN1_RX1_IRQHandler                      0x08000267   Thumb Code     0  startup_stm32f2xx.o(.text)
    CAN1_SCE_IRQHandler                      0x08000267   Thumb Code     0  startup_stm32f2xx.o(.text)
    CAN1_TX_IRQHandler                       0x08000267   Thumb Code     0  startup_stm32f2xx.o(.text)
    CAN2_RX0_IRQHandler                      0x08000267   Thumb Code     0  startup_stm32f2xx.o(.text)
    CAN2_RX1_IRQHandler                      0x08000267   Thumb Code     0  startup_stm32f2xx.o(.text)
    CAN2_SCE_IRQHandler                      0x08000267   Thumb Code     0  startup_stm32f2xx.o(.text)
    CAN2_TX_IRQHandler                       0x08000267   Thumb Code     0  startup_stm32f2xx.o(.text)
    CRYP_IRQHandler                          0x08000267   Thumb Code     0  startup_stm32f2xx.o(.text)
    DCMI_IRQHandler                          0x08000267   Thumb Code     0  startup_stm32f2xx.o(.text)
    DMA1_Stream0_IRQHandler                  0x08000267   Thumb Code     0  startup_stm32f2xx.o(.text)
    DMA1_Stream1_IRQHandler                  0x08000267   Thumb Code     0  startup_stm32f2xx.o(.text)
    DMA1_Stream2_IRQHandler                  0x08000267   Thumb Code     0  startup_stm32f2xx.o(.text)
    DMA1_Stream3_IRQHandler                  0x08000267   Thumb Code     0  startup_stm32f2xx.o(.text)
    DMA1_Stream4_IRQHandler                  0x08000267   Thumb Code     0  startup_stm32f2xx.o(.text)
    DMA1_Stream5_IRQHandler                  0x08000267   Thumb Code     0  startup_stm32f2xx.o(.text)
    DMA1_Stream6_IRQHandler                  0x08000267   Thumb Code     0  startup_stm32f2xx.o(.text)
    DMA1_Stream7_IRQHandler                  0x08000267   Thumb Code     0  startup_stm32f2xx.o(.text)
    DMA2_Stream0_IRQHandler                  0x08000267   Thumb Code     0  startup_stm32f2xx.o(.text)
    DMA2_Stream1_IRQHandler                  0x08000267   Thumb Code     0  startup_stm32f2xx.o(.text)
    DMA2_Stream2_IRQHandler                  0x08000267   Thumb Code     0  startup_stm32f2xx.o(.text)
    DMA2_Stream3_IRQHandler                  0x08000267   Thumb Code     0  startup_stm32f2xx.o(.text)
    DMA2_Stream4_IRQHandler                  0x08000267   Thumb Code     0  startup_stm32f2xx.o(.text)
    DMA2_Stream5_IRQHandler                  0x08000267   Thumb Code     0  startup_stm32f2xx.o(.text)
    DMA2_Stream6_IRQHandler                  0x08000267   Thumb Code     0  startup_stm32f2xx.o(.text)
    ETH_IRQHandler                           0x08000267   Thumb Code     0  startup_stm32f2xx.o(.text)
    ETH_WKUP_IRQHandler                      0x08000267   Thumb Code     0  startup_stm32f2xx.o(.text)
    EXTI0_IRQHandler                         0x08000267   Thumb Code     0  startup_stm32f2xx.o(.text)
    EXTI15_10_IRQHandler                     0x08000267   Thumb Code     0  startup_stm32f2xx.o(.text)
    EXTI2_IRQHandler                         0x08000267   Thumb Code     0  startup_stm32f2xx.o(.text)
    EXTI3_IRQHandler                         0x08000267   Thumb Code     0  startup_stm32f2xx.o(.text)
    EXTI4_IRQHandler                         0x08000267   Thumb Code     0  startup_stm32f2xx.o(.text)
    EXTI9_5_IRQHandler                       0x08000267   Thumb Code     0  startup_stm32f2xx.o(.text)
    FLASH_IRQHandler                         0x08000267   Thumb Code     0  startup_stm32f2xx.o(.text)
    FSMC_IRQHandler                          0x08000267   Thumb Code     0  startup_stm32f2xx.o(.text)
    HASH_RNG_IRQHandler                      0x08000267   Thumb Code     0  startup_stm32f2xx.o(.text)
    I2C1_ER_IRQHandler                       0x08000267   Thumb Code     0  startup_stm32f2xx.o(.text)
    I2C1_EV_IRQHandler                       0x08000267   Thumb Code     0  startup_stm32f2xx.o(.text)
    I2C2_ER_IRQHandler                       0x08000267   Thumb Code     0  startup_stm32f2xx.o(.text)
    I2C2_EV_IRQHandler                       0x08000267   Thumb Code     0  startup_stm32f2xx.o(.text)
    I2C3_ER_IRQHandler                       0x08000267   Thumb Code     0  startup_stm32f2xx.o(.text)
    I2C3_EV_IRQHandler                       0x08000267   Thumb Code     0  startup_stm32f2xx.o(.text)
    OTG_FS_IRQHandler                        0x08000267   Thumb Code     0  startup_stm32f2xx.o(.text)
    OTG_FS_WKUP_IRQHandler                   0x08000267   Thumb Code     0  startup_stm32f2xx.o(.text)
    OTG_HS_EP1_IN_IRQHandler                 0x08000267   Thumb Code     0  startup_stm32f2xx.o(.text)
    OTG_HS_EP1_OUT_IRQHandler                0x08000267   Thumb Code     0  startup_stm32f2xx.o(.text)
    OTG_HS_IRQHandler                        0x08000267   Thumb Code     0  startup_stm32f2xx.o(.text)
    OTG_HS_WKUP_IRQHandler                   0x08000267   Thumb Code     0  startup_stm32f2xx.o(.text)
    PVD_IRQHandler                           0x08000267   Thumb Code     0  startup_stm32f2xx.o(.text)
    RCC_IRQHandler                           0x08000267   Thumb Code     0  startup_stm32f2xx.o(.text)
    RTC_Alarm_IRQHandler                     0x08000267   Thumb Code     0  startup_stm32f2xx.o(.text)
    RTC_WKUP_IRQHandler                      0x08000267   Thumb Code     0  startup_stm32f2xx.o(.text)
    SDIO_IRQHandler                          0x08000267   Thumb Code     0  startup_stm32f2xx.o(.text)
    SPI1_IRQHandler                          0x08000267   Thumb Code     0  startup_stm32f2xx.o(.text)
    SPI2_IRQHandler                          0x08000267   Thumb Code     0  startup_stm32f2xx.o(.text)
    SPI3_IRQHandler                          0x08000267   Thumb Code     0  startup_stm32f2xx.o(.text)
    TAMP_STAMP_IRQHandler                    0x08000267   Thumb Code     0  startup_stm32f2xx.o(.text)
    TIM1_BRK_TIM9_IRQHandler                 0x08000267   Thumb Code     0  startup_stm32f2xx.o(.text)
    TIM1_CC_IRQHandler                       0x08000267   Thumb Code     0  startup_stm32f2xx.o(.text)
    TIM1_TRG_COM_TIM11_IRQHandler            0x08000267   Thumb Code     0  startup_stm32f2xx.o(.text)
    TIM1_UP_TIM10_IRQHandler                 0x08000267   Thumb Code     0  startup_stm32f2xx.o(.text)
    TIM2_IRQHandler                          0x08000267   Thumb Code     0  startup_stm32f2xx.o(.text)
    TIM3_IRQHandler                          0x08000267   Thumb Code     0  startup_stm32f2xx.o(.text)
    TIM4_IRQHandler                          0x08000267   Thumb Code     0  startup_stm32f2xx.o(.text)
    TIM5_IRQHandler                          0x08000267   Thumb Code     0  startup_stm32f2xx.o(.text)
    TIM6_DAC_IRQHandler                      0x08000267   Thumb Code     0  startup_stm32f2xx.o(.text)
    TIM7_IRQHandler                          0x08000267   Thumb Code     0  startup_stm32f2xx.o(.text)
    TIM8_BRK_TIM12_IRQHandler                0x08000267   Thumb Code     0  startup_stm32f2xx.o(.text)
    TIM8_CC_IRQHandler                       0x08000267   Thumb Code     0  startup_stm32f2xx.o(.text)
    TIM8_TRG_COM_TIM14_IRQHandler            0x08000267   Thumb Code     0  startup_stm32f2xx.o(.text)
    TIM8_UP_TIM13_IRQHandler                 0x08000267   Thumb Code     0  startup_stm32f2xx.o(.text)
    UART4_IRQHandler                         0x08000267   Thumb Code     0  startup_stm32f2xx.o(.text)
    UART5_IRQHandler                         0x08000267   Thumb Code     0  startup_stm32f2xx.o(.text)
    USART2_IRQHandler                        0x08000267   Thumb Code     0  startup_stm32f2xx.o(.text)
    USART3_IRQHandler                        0x08000267   Thumb Code     0  startup_stm32f2xx.o(.text)
    USART6_IRQHandler                        0x08000267   Thumb Code     0  startup_stm32f2xx.o(.text)
    WWDG_IRQHandler                          0x08000267   Thumb Code     0  startup_stm32f2xx.o(.text)
    __user_initial_stackheap                 0x08000269   Thumb Code     0  startup_stm32f2xx.o(.text)
    __aeabi_memcpy                           0x0800028d   Thumb Code     0  rt_memcpy_v6.o(.text)
    __rt_memcpy                              0x0800028d   Thumb Code   138  rt_memcpy_v6.o(.text)
    _memcpy_lastbytes                        0x080002f3   Thumb Code     0  rt_memcpy_v6.o(.text)
    __aeabi_memclr                           0x08000317   Thumb Code     0  rt_memclr.o(.text)
    __rt_memclr                              0x08000317   Thumb Code     0  rt_memclr.o(.text)
    _memset                                  0x0800031b   Thumb Code    64  rt_memclr.o(.text)
    __aeabi_memclr4                          0x0800035b   Thumb Code     0  rt_memclr_w.o(.text)
    __aeabi_memclr8                          0x0800035b   Thumb Code     0  rt_memclr_w.o(.text)
    __rt_memclr_w                            0x0800035b   Thumb Code     0  rt_memclr_w.o(.text)
    _memset_w                                0x0800035f   Thumb Code    74  rt_memclr_w.o(.text)
    __use_two_region_memory                  0x080003a9   Thumb Code     2  heapauxi.o(.text)
    __rt_heap_escrow$2region                 0x080003ab   Thumb Code     2  heapauxi.o(.text)
    __rt_heap_expand$2region                 0x080003ad   Thumb Code     2  heapauxi.o(.text)
    __aeabi_memcpy4                          0x080003af   Thumb Code     0  rt_memcpy_w.o(.text)
    __aeabi_memcpy8                          0x080003af   Thumb Code     0  rt_memcpy_w.o(.text)
    __rt_memcpy_w                            0x080003af   Thumb Code   100  rt_memcpy_w.o(.text)
    _memcpy_lastbytes_aligned                0x080003f7   Thumb Code     0  rt_memcpy_w.o(.text)
    __user_setup_stackheap                   0x08000413   Thumb Code    74  sys_stackheap_outer.o(.text)
    exit                                     0x0800045d   Thumb Code    18  exit.o(.text)
    __user_libspace                          0x08000471   Thumb Code     8  libspace.o(.text)
    __user_perproc_libspace                  0x08000471   Thumb Code     0  libspace.o(.text)
    __user_perthread_libspace                0x08000471   Thumb Code     0  libspace.o(.text)
    _sys_exit                                0x08000479   Thumb Code     8  sys_exit.o(.text)
    __I$use$semihosting                      0x08000485   Thumb Code     0  use_no_semi.o(.text)
    __use_no_semihosting_swi                 0x08000485   Thumb Code     2  use_no_semi.o(.text)
    __semihosting_library_function           0x08000487   Thumb Code     0  indicate_semi.o(.text)
    ADC_Loop_Start                           0x08000489   Thumb Code    20  adc.o(.text.ADC_Loop_Start)
    ADC_SPI_Cmd                              0x0800049d   Thumb Code   114  adc.o(.text.ADC_SPI_Cmd)
    ADC_SPI_Init                             0x08000511   Thumb Code   296  adc.o(.text.ADC_SPI_Init)
    ADC_Write_Loop                           0x08000651   Thumb Code    12  adc.o(.text.ADC_Write_Loop)
    BUTTON_Config                            0x0800065d   Thumb Code   132  init.o(.text.BUTTON_Config)
    BusFault_Handler                         0x080006e1   Thumb Code     4  stm32f2xx_it.o(.text.BusFault_Handler)
    ClearRxBuff                              0x080006e5   Thumb Code    54  ms5614t.o(.text.ClearRxBuff)
    DMA2_Stream7_IRQHandler                  0x0800071d   Thumb Code    56  stm32f2xx_it.o(.text.DMA2_Stream7_IRQHandler)
    DMA_ClearFlag                            0x08000755   Thumb Code    98  stm32f2xx_dma.o(.text.DMA_ClearFlag)
    DMA_Cmd                                  0x080007b9   Thumb Code    44  stm32f2xx_dma.o(.text.DMA_Cmd)
    DMA_GetCmdStatus                         0x080007e5   Thumb Code    44  stm32f2xx_dma.o(.text.DMA_GetCmdStatus)
    DMA_GetFlagStatus                        0x08000811   Thumb Code   130  stm32f2xx_dma.o(.text.DMA_GetFlagStatus)
    DMA_ITConfig                             0x08000895   Thumb Code   114  stm32f2xx_dma.o(.text.DMA_ITConfig)
    DMA_Init                                 0x08000909   Thumb Code   148  stm32f2xx_dma.o(.text.DMA_Init)
    DMA_SetCurrDataCounter                   0x0800099d   Thumb Code    20  stm32f2xx_dma.o(.text.DMA_SetCurrDataCounter)
    DebugMon_Handler                         0x080009b1   Thumb Code     2  stm32f2xx_it.o(.text.DebugMon_Handler)
    EXTI1_IRQHandler                         0x080009b5   Thumb Code    56  stm32f2xx_it.o(.text.EXTI1_IRQHandler)
    EXTI_ClearITPendingBit                   0x080009ed   Thumb Code    20  stm32f2xx_exti.o(.text.EXTI_ClearITPendingBit)
    EXTI_GetITStatus                         0x08000a01   Thumb Code    76  stm32f2xx_exti.o(.text.EXTI_GetITStatus)
    EXTI_Init                                0x08000a4d   Thumb Code   234  stm32f2xx_exti.o(.text.EXTI_Init)
    FillPeaks                                0x08000b39   Thumb Code   962  peak_detection.o(.text.FillPeaks)
    Find_Initial                             0x08000efd   Thumb Code   436  peak_detection.o(.text.Find_Initial)
    Find_Peaks                               0x080010b1   Thumb Code   690  peak_detection.o(.text.Find_Peaks)
    GPIO_Init                                0x08001365   Thumb Code   246  stm32f2xx_gpio.o(.text.GPIO_Init)
    GPIO_PinAFConfig                         0x0800145d   Thumb Code   114  stm32f2xx_gpio.o(.text.GPIO_PinAFConfig)
    GPIO_ResetBits                           0x080014d1   Thumb Code    20  stm32f2xx_gpio.o(.text.GPIO_ResetBits)
    GPIO_SetBits                             0x080014e5   Thumb Code    20  stm32f2xx_gpio.o(.text.GPIO_SetBits)
    HardFault_Handler                        0x080014f9   Thumb Code     4  stm32f2xx_it.o(.text.HardFault_Handler)
    LED_Config                               0x080014fd   Thumb Code    78  init.o(.text.LED_Config)
    MS5614T2_Init                            0x0800154d   Thumb Code   304  ms5614t.o(.text.MS5614T2_Init)
    MS5614T2_SetCode                         0x0800167d   Thumb Code   206  ms5614t.o(.text.MS5614T2_SetCode)
    MS5614T_Init                             0x0800174d   Thumb Code   296  ms5614t.o(.text.MS5614T_Init)
    MS5614T_SetCode                          0x08001875   Thumb Code   200  ms5614t.o(.text.MS5614T_SetCode)
    MemManage_Handler                        0x08001995   Thumb Code     4  stm32f2xx_it.o(.text.MemManage_Handler)
    NMI_Handler                              0x08001999   Thumb Code     2  stm32f2xx_it.o(.text.NMI_Handler)
    NVIC_Config                              0x0800199d   Thumb Code    12  init.o(.text.NVIC_Config)
    NVIC_Init                                0x080019a9   Thumb Code   202  misc.o(.text.NVIC_Init)
    NVIC_PriorityGroupConfig                 0x08001a75   Thumb Code    28  misc.o(.text.NVIC_PriorityGroupConfig)
    PendSV_Handler                           0x08001ad5   Thumb Code     2  stm32f2xx_it.o(.text.PendSV_Handler)
    RCC_AHB1PeriphClockCmd                   0x08001ad9   Thumb Code    56  stm32f2xx_rcc.o(.text.RCC_AHB1PeriphClockCmd)
    RCC_APB1PeriphClockCmd                   0x08001b11   Thumb Code    56  stm32f2xx_rcc.o(.text.RCC_APB1PeriphClockCmd)
    RCC_APB1PeriphResetCmd                   0x08001b49   Thumb Code    56  stm32f2xx_rcc.o(.text.RCC_APB1PeriphResetCmd)
    RCC_APB2PeriphClockCmd                   0x08001b81   Thumb Code    56  stm32f2xx_rcc.o(.text.RCC_APB2PeriphClockCmd)
    RCC_APB2PeriphResetCmd                   0x08001bb9   Thumb Code    56  stm32f2xx_rcc.o(.text.RCC_APB2PeriphResetCmd)
    RCC_GetClocksFreq                        0x08001bf1   Thumb Code   354  stm32f2xx_rcc.o(.text.RCC_GetClocksFreq)
    SPI_Cmd                                  0x08001ded   Thumb Code    44  stm32f2xx_spi.o(.text.SPI_Cmd)
    SPI_I2S_DeInit                           0x08001e19   Thumb Code   128  stm32f2xx_spi.o(.text.SPI_I2S_DeInit)
    SPI_I2S_GetFlagStatus                    0x08001e99   Thumb Code    54  stm32f2xx_spi.o(.text.SPI_I2S_GetFlagStatus)
    SPI_I2S_ReceiveData                      0x08001ed1   Thumb Code    12  stm32f2xx_spi.o(.text.SPI_I2S_ReceiveData)
    SPI_I2S_SendData                         0x08001edd   Thumb Code    20  stm32f2xx_spi.o(.text.SPI_I2S_SendData)
    SPI_Init                                 0x08001ef1   Thumb Code   104  stm32f2xx_spi.o(.text.SPI_Init)
    SVC_Handler                              0x08001f59   Thumb Code     2  stm32f2xx_it.o(.text.SVC_Handler)
    SYSCFG_EXTILineConfig                    0x08001f5d   Thumb Code    86  stm32f2xx_syscfg.o(.text.SYSCFG_EXTILineConfig)
    SysTick_Handler                          0x0800211d   Thumb Code     2  stm32f2xx_it.o(.text.SysTick_Handler)
    SystemInit                               0x08002121   Thumb Code   100  system_stm32f2xx.o(.text.SystemInit)
    USART1_IRQHandler                        0x08002185   Thumb Code   202  stm32f2xx_it.o(.text.USART1_IRQHandler)
    USART_Cmd                                0x08002251   Thumb Code    44  stm32f2xx_usart.o(.text.USART_Cmd)
    USART_Config                             0x0800227d   Thumb Code   382  init.o(.text.USART_Config)
    USART_DMACmd                             0x080023fd   Thumb Code    52  stm32f2xx_usart.o(.text.USART_DMACmd)
    USART_DMA_Send                           0x08002431   Thumb Code    88  init.o(.text.USART_DMA_Send)
    USART_GetITStatus                        0x08002489   Thumb Code   176  stm32f2xx_usart.o(.text.USART_GetITStatus)
    USART_ITConfig                           0x08002539   Thumb Code   146  stm32f2xx_usart.o(.text.USART_ITConfig)
    USART_Init                               0x080025cd   Thumb Code   354  stm32f2xx_usart.o(.text.USART_Init)
    USART_ReceiveData                        0x08002731   Thumb Code    16  stm32f2xx_usart.o(.text.USART_ReceiveData)
    UsageFault_Handler                       0x08002741   Thumb Code     4  stm32f2xx_it.o(.text.UsageFault_Handler)
    delay_us                                 0x08002745   Thumb Code   102  init.o(.text.delay_us)
    main                                     0x080027ad   Thumb Code   122  main.o(.text.main)
    modify_table_loop                        0x08002829   Thumb Code   120  ms5614t.o(.text.modify_table_loop)
    sampleVoltage                            0x080028a1   Thumb Code   124  ms5614t.o(.text.sampleVoltage)
    sendTxBuffer                             0x0800291d   Thumb Code   114  ms5614t.o(.text.sendTxBuffer)
    write_ms5614t_manual                     0x080029a9   Thumb Code   360  ms5614t.o(.text.write_ms5614t_manual)
    write_ms5614t_table                      0x08002b11   Thumb Code   642  ms5614t.o(.text.write_ms5614t_table)
    __aeabi_d2f                              0x08002d95   Thumb Code     0  d2f.o(x$fpl$d2f)
    _d2f                                     0x08002d95   Thumb Code    98  d2f.o(x$fpl$d2f)
    __aeabi_dadd                             0x08002df9   Thumb Code     0  daddsub_clz.o(x$fpl$dadd)
    _dadd                                    0x08002df9   Thumb Code   332  daddsub_clz.o(x$fpl$dadd)
    __aeabi_i2d                              0x08002f49   Thumb Code     0  dflt_clz.o(x$fpl$dflt)
    _dflt                                    0x08002f49   Thumb Code    46  dflt_clz.o(x$fpl$dflt)
    __aeabi_dmul                             0x08002f79   Thumb Code     0  dmul.o(x$fpl$dmul)
    _dmul                                    0x08002f79   Thumb Code   332  dmul.o(x$fpl$dmul)
    __fpl_dnaninf                            0x080030cd   Thumb Code   156  dnaninf.o(x$fpl$dnaninf)
    __fpl_dretinf                            0x08003169   Thumb Code    12  dretinf.o(x$fpl$dretinf)
    __aeabi_dsub                             0x08003175   Thumb Code     0  daddsub_clz.o(x$fpl$dsub)
    _dsub                                    0x08003175   Thumb Code   472  daddsub_clz.o(x$fpl$dsub)
    __aeabi_fadd                             0x08003351   Thumb Code     0  faddsub_clz.o(x$fpl$fadd)
    _fadd                                    0x08003351   Thumb Code   196  faddsub_clz.o(x$fpl$fadd)
    __aeabi_fdiv                             0x08003415   Thumb Code     0  fdiv.o(x$fpl$fdiv)
    _fdiv                                    0x08003415   Thumb Code   384  fdiv.o(x$fpl$fdiv)
    __aeabi_f2iz                             0x08003599   Thumb Code     0  ffix.o(x$fpl$ffix)
    _ffix                                    0x08003599   Thumb Code    54  ffix.o(x$fpl$ffix)
    __aeabi_i2f                              0x080035d1   Thumb Code     0  fflt_clz.o(x$fpl$fflt)
    _fflt                                    0x080035d1   Thumb Code    48  fflt_clz.o(x$fpl$fflt)
    __aeabi_fmul                             0x08003601   Thumb Code     0  fmul.o(x$fpl$fmul)
    _fmul                                    0x08003601   Thumb Code   258  fmul.o(x$fpl$fmul)
    __fpl_fnaninf                            0x08003703   Thumb Code   140  fnaninf.o(x$fpl$fnaninf)
    __fpl_fretinf                            0x0800378f   Thumb Code    10  fretinf.o(x$fpl$fretinf)
    __aeabi_fsub                             0x08003799   Thumb Code     0  faddsub_clz.o(x$fpl$fsub)
    _fsub                                    0x08003799   Thumb Code   234  faddsub_clz.o(x$fpl$fsub)
    __I$use$fp                               0x08003882   Number         0  usenofp.o(x$fpl$usenofp)
    Wave_DAC                                 0x08003892   Data       24000  dac_const.o(.rodata.Wave_DAC)
    Wave_DATA                                0x08009652   Data       16000  wave_const.o(.rodata.Wave_DATA)
    Region$$Table$$Base                      0x0800d4d4   Number         0  anon$$obj.o(Region$$Table)
    Region$$Table$$Limit                     0x0800d4f4   Number         0  anon$$obj.o(Region$$Table)
    SystemCoreClock                          0x20000000   Data           4  system_stm32f2xx.o(.data.SystemCoreClock)
    wave_time                                0x20000004   Data           2  ms5614t.o(.data.wave_time)
    __libspace_start                         0x20000008   Data          96  libspace.o(.bss)
    ReceEndFlag                              0x20000068   Data           1  stm32f2xx_it.o(.bss.ReceEndFlag)
    __temporary_stack_top$libspace           0x20000068   Data           0  libspace.o(.bss)
    aRxBuffer                                0x20000069   Data          13  stm32f2xx_it.o(.bss.aRxBuffer)
    adc1                                     0x20000076   Data        8000  peak_detection.o(.bss.adc1)
    adc2                                     0x20001fb6   Data        8000  peak_detection.o(.bss.adc2)
    adc3                                     0x20003ef6   Data        8000  peak_detection.o(.bss.adc3)
    adc4                                     0x20005e36   Data        8000  peak_detection.o(.bss.adc4)
    adc_norvec                               0x20007d78   Data       16000  peak_detection.o(.bss.adc_norvec)
    decimal_part                             0x2000bbf8   Data           4  peak_detection.o(.bss.decimal_part)
    getData                                  0x2000bbfc   Data           1  main.o(.bss.getData)
    int_part                                 0x2000bc00   Data           4  peak_detection.o(.bss.int_part)
    lastGet                                  0x2000bc04   Data           1  stm32f2xx_it.o(.bss.lastGet)
    peaks1                                   0x2000bc08   Data          60  peak_detection.o(.bss.peaks1)
    peaks2                                   0x2000bc44   Data          60  peak_detection.o(.bss.peaks2)
    peaks3                                   0x2000bc80   Data          60  peak_detection.o(.bss.peaks3)
    peaks4                                   0x2000bcbc   Data          60  peak_detection.o(.bss.peaks4)
    txBuffer                                 0x2000bcf8   Data       32071  main.o(.bss.txBuffer)
    txCount                                  0x20013a40   Data           2  main.o(.bss.txCount)
    tx_buffer                                0x20013a42   Data       32768  init.o(.bss.tx_buffer)
    uADCOriginvalues                         0x2001ba42   Data           8  ms5614t.o(.bss.uADCOriginvalues)
    uhRxCounter                              0x2001ba4a   Data           1  stm32f2xx_it.o(.bss.uhRxCounter)
    workState                                0x2001ba4b   Data           1  main.o(.bss.workState)



==============================================================================

Memory Map of the image

  Image Entry point : 0x08000185

  Load Region LR_IROM1 (Base: 0x08000000, Size: 0x0000d500, Max: 0x00080000, ABSOLUTE)

    Execution Region ER_IROM1 (Exec base: 0x08000000, Load base: 0x08000000, Size: 0x0000d4f4, Max: 0x00080000, ABSOLUTE)

    Exec Addr    Load Addr    Size         Type   Attr      Idx    E Section Name        Object

    0x08000000   0x08000000   0x00000184   Data   RO          198    RESET               startup_stm32f2xx.o
    0x08000184   0x08000184   0x00000008   Code   RO         1608  * !!!main             c_w.l(__main.o)
    0x0800018c   0x0800018c   0x0000005c   Code   RO         1822    !!!scatter          c_w.l(__scatter.o)
    0x080001e8   0x080001e8   0x0000001a   Code   RO         1826    !!handler_copy      c_w.l(__scatter_copy.o)
    0x08000202   0x08000202   0x00000002   PAD
    0x08000204   0x08000204   0x00000002   Code   RO         1823    !!handler_null      c_w.l(__scatter.o)
    0x08000206   0x08000206   0x00000002   PAD
    0x08000208   0x08000208   0x0000001c   Code   RO         1828    !!handler_zi        c_w.l(__scatter_zi.o)
    0x08000224   0x08000224   0x00000002   Code   RO         1684    .ARM.Collect$$libinit$$00000000  c_w.l(libinit.o)
    0x08000226   0x08000226   0x00000000   Code   RO         1691    .ARM.Collect$$libinit$$00000002  c_w.l(libinit2.o)
    0x08000226   0x08000226   0x00000000   Code   RO         1693    .ARM.Collect$$libinit$$00000004  c_w.l(libinit2.o)
    0x08000226   0x08000226   0x00000000   Code   RO         1695    .ARM.Collect$$libinit$$00000006  c_w.l(libinit2.o)
    0x08000226   0x08000226   0x00000000   Code   RO         1698    .ARM.Collect$$libinit$$0000000C  c_w.l(libinit2.o)
    0x08000226   0x08000226   0x00000000   Code   RO         1700    .ARM.Collect$$libinit$$0000000E  c_w.l(libinit2.o)
    0x08000226   0x08000226   0x00000000   Code   RO         1702    .ARM.Collect$$libinit$$00000010  c_w.l(libinit2.o)
    0x08000226   0x08000226   0x00000000   Code   RO         1705    .ARM.Collect$$libinit$$00000013  c_w.l(libinit2.o)
    0x08000226   0x08000226   0x00000000   Code   RO         1707    .ARM.Collect$$libinit$$00000015  c_w.l(libinit2.o)
    0x08000226   0x08000226   0x00000000   Code   RO         1709    .ARM.Collect$$libinit$$00000017  c_w.l(libinit2.o)
    0x08000226   0x08000226   0x00000000   Code   RO         1711    .ARM.Collect$$libinit$$00000019  c_w.l(libinit2.o)
    0x08000226   0x08000226   0x00000000   Code   RO         1713    .ARM.Collect$$libinit$$0000001B  c_w.l(libinit2.o)
    0x08000226   0x08000226   0x00000000   Code   RO         1715    .ARM.Collect$$libinit$$0000001D  c_w.l(libinit2.o)
    0x08000226   0x08000226   0x00000000   Code   RO         1717    .ARM.Collect$$libinit$$0000001F  c_w.l(libinit2.o)
    0x08000226   0x08000226   0x00000000   Code   RO         1719    .ARM.Collect$$libinit$$00000021  c_w.l(libinit2.o)
    0x08000226   0x08000226   0x00000000   Code   RO         1721    .ARM.Collect$$libinit$$00000023  c_w.l(libinit2.o)
    0x08000226   0x08000226   0x00000000   Code   RO         1723    .ARM.Collect$$libinit$$00000025  c_w.l(libinit2.o)
    0x08000226   0x08000226   0x00000000   Code   RO         1725    .ARM.Collect$$libinit$$00000027  c_w.l(libinit2.o)
    0x08000226   0x08000226   0x00000000   Code   RO         1729    .ARM.Collect$$libinit$$0000002E  c_w.l(libinit2.o)
    0x08000226   0x08000226   0x00000000   Code   RO         1731    .ARM.Collect$$libinit$$00000030  c_w.l(libinit2.o)
    0x08000226   0x08000226   0x00000000   Code   RO         1733    .ARM.Collect$$libinit$$00000032  c_w.l(libinit2.o)
    0x08000226   0x08000226   0x00000000   Code   RO         1735    .ARM.Collect$$libinit$$00000034  c_w.l(libinit2.o)
    0x08000226   0x08000226   0x00000002   Code   RO         1736    .ARM.Collect$$libinit$$00000035  c_w.l(libinit2.o)
    0x08000228   0x08000228   0x00000002   Code   RO         1758    .ARM.Collect$$libshutdown$$00000000  c_w.l(libshutdown.o)
    0x0800022a   0x0800022a   0x00000000   Code   RO         1773    .ARM.Collect$$libshutdown$$00000002  c_w.l(libshutdown2.o)
    0x0800022a   0x0800022a   0x00000000   Code   RO         1775    .ARM.Collect$$libshutdown$$00000004  c_w.l(libshutdown2.o)
    0x0800022a   0x0800022a   0x00000000   Code   RO         1778    .ARM.Collect$$libshutdown$$00000007  c_w.l(libshutdown2.o)
    0x0800022a   0x0800022a   0x00000000   Code   RO         1781    .ARM.Collect$$libshutdown$$0000000A  c_w.l(libshutdown2.o)
    0x0800022a   0x0800022a   0x00000000   Code   RO         1783    .ARM.Collect$$libshutdown$$0000000C  c_w.l(libshutdown2.o)
    0x0800022a   0x0800022a   0x00000000   Code   RO         1786    .ARM.Collect$$libshutdown$$0000000F  c_w.l(libshutdown2.o)
    0x0800022a   0x0800022a   0x00000002   Code   RO         1787    .ARM.Collect$$libshutdown$$00000010  c_w.l(libshutdown2.o)
    0x0800022c   0x0800022c   0x00000000   Code   RO         1648    .ARM.Collect$$rtentry$$00000000  c_w.l(__rtentry.o)
    0x0800022c   0x0800022c   0x00000000   Code   RO         1661    .ARM.Collect$$rtentry$$00000002  c_w.l(__rtentry2.o)
    0x0800022c   0x0800022c   0x00000006   Code   RO         1673    .ARM.Collect$$rtentry$$00000004  c_w.l(__rtentry4.o)
    0x08000232   0x08000232   0x00000000   Code   RO         1663    .ARM.Collect$$rtentry$$00000009  c_w.l(__rtentry2.o)
    0x08000232   0x08000232   0x00000004   Code   RO         1664    .ARM.Collect$$rtentry$$0000000A  c_w.l(__rtentry2.o)
    0x08000236   0x08000236   0x00000000   Code   RO         1666    .ARM.Collect$$rtentry$$0000000C  c_w.l(__rtentry2.o)
    0x08000236   0x08000236   0x00000008   Code   RO         1667    .ARM.Collect$$rtentry$$0000000D  c_w.l(__rtentry2.o)
    0x0800023e   0x0800023e   0x00000002   Code   RO         1688    .ARM.Collect$$rtexit$$00000000  c_w.l(rtexit.o)
    0x08000240   0x08000240   0x00000000   Code   RO         1738    .ARM.Collect$$rtexit$$00000002  c_w.l(rtexit2.o)
    0x08000240   0x08000240   0x00000004   Code   RO         1739    .ARM.Collect$$rtexit$$00000003  c_w.l(rtexit2.o)
    0x08000244   0x08000244   0x00000006   Code   RO         1740    .ARM.Collect$$rtexit$$00000004  c_w.l(rtexit2.o)
    0x0800024a   0x0800024a   0x00000002   PAD
    0x0800024c   0x0800024c   0x00000040   Code   RO          199    .text               startup_stm32f2xx.o
    0x0800028c   0x0800028c   0x0000008a   Code   RO         1600    .text               c_w.l(rt_memcpy_v6.o)
    0x08000316   0x08000316   0x00000044   Code   RO         1602    .text               c_w.l(rt_memclr.o)
    0x0800035a   0x0800035a   0x0000004e   Code   RO         1604    .text               c_w.l(rt_memclr_w.o)
    0x080003a8   0x080003a8   0x00000006   Code   RO         1606    .text               c_w.l(heapauxi.o)
    0x080003ae   0x080003ae   0x00000064   Code   RO         1649    .text               c_w.l(rt_memcpy_w.o)
    0x08000412   0x08000412   0x0000004a   Code   RO         1675    .text               c_w.l(sys_stackheap_outer.o)
    0x0800045c   0x0800045c   0x00000012   Code   RO         1677    .text               c_w.l(exit.o)
    0x0800046e   0x0800046e   0x00000002   PAD
    0x08000470   0x08000470   0x00000008   Code   RO         1685    .text               c_w.l(libspace.o)
    0x08000478   0x08000478   0x0000000c   Code   RO         1748    .text               c_w.l(sys_exit.o)
    0x08000484   0x08000484   0x00000002   Code   RO         1763    .text               c_w.l(use_no_semi.o)
    0x08000486   0x08000486   0x00000000   Code   RO         1765    .text               c_w.l(indicate_semi.o)
    0x08000486   0x08000486   0x00000002   PAD
    0x08000488   0x08000488   0x00000014   Code   RO          151    .text.ADC_Loop_Start  adc.o
    0x0800049c   0x0800049c   0x00000072   Code   RO          147    .text.ADC_SPI_Cmd   adc.o
    0x0800050e   0x0800050e   0x00000002   PAD
    0x08000510   0x08000510   0x00000128   Code   RO          145    .text.ADC_SPI_Init  adc.o
    0x08000638   0x08000638   0x00000016   Code   RO          155    .text.ADC_Select_Chs  adc.o
    0x0800064e   0x0800064e   0x00000002   PAD
    0x08000650   0x08000650   0x0000000c   Code   RO          153    .text.ADC_Write_Loop  adc.o
    0x0800065c   0x0800065c   0x00000084   Code   RO          121    .text.BUTTON_Config  init.o
    0x080006e0   0x080006e0   0x00000004   Code   RO           22    .text.BusFault_Handler  stm32f2xx_it.o
    0x080006e4   0x080006e4   0x00000036   Code   RO           75    .text.ClearRxBuff   ms5614t.o
    0x0800071a   0x0800071a   0x00000002   PAD
    0x0800071c   0x0800071c   0x00000038   Code   RO           38    .text.DMA2_Stream7_IRQHandler  stm32f2xx_it.o
    0x08000754   0x08000754   0x00000062   Code   RO          596    .text.DMA_ClearFlag  stm32f2xx_dma.o
    0x080007b6   0x080007b6   0x00000002   PAD
    0x080007b8   0x080007b8   0x0000002c   Code   RO          572    .text.DMA_Cmd       stm32f2xx_dma.o
    0x080007e4   0x080007e4   0x0000002c   Code   RO          590    .text.DMA_GetCmdStatus  stm32f2xx_dma.o
    0x08000810   0x08000810   0x00000082   Code   RO          594    .text.DMA_GetFlagStatus  stm32f2xx_dma.o
    0x08000892   0x08000892   0x00000002   PAD
    0x08000894   0x08000894   0x00000072   Code   RO          598    .text.DMA_ITConfig  stm32f2xx_dma.o
    0x08000906   0x08000906   0x00000002   PAD
    0x08000908   0x08000908   0x00000094   Code   RO          568    .text.DMA_Init      stm32f2xx_dma.o
    0x0800099c   0x0800099c   0x00000014   Code   RO          578    .text.DMA_SetCurrDataCounter  stm32f2xx_dma.o
    0x080009b0   0x080009b0   0x00000002   Code   RO           28    .text.DebugMon_Handler  stm32f2xx_it.o
    0x080009b2   0x080009b2   0x00000002   PAD
    0x080009b4   0x080009b4   0x00000038   Code   RO           34    .text.EXTI1_IRQHandler  stm32f2xx_it.o
    0x080009ec   0x080009ec   0x00000014   Code   RO          625    .text.EXTI_ClearITPendingBit  stm32f2xx_exti.o
    0x08000a00   0x08000a00   0x0000004c   Code   RO          623    .text.EXTI_GetITStatus  stm32f2xx_exti.o
    0x08000a4c   0x08000a4c   0x000000ea   Code   RO          613    .text.EXTI_Init     stm32f2xx_exti.o
    0x08000b36   0x08000b36   0x00000002   PAD
    0x08000b38   0x08000b38   0x000003c2   Code   RO           92    .text.FillPeaks     peak_detection.o
    0x08000efa   0x08000efa   0x00000002   PAD
    0x08000efc   0x08000efc   0x000001b4   Code   RO           90    .text.Find_Initial  peak_detection.o
    0x080010b0   0x080010b0   0x000002b2   Code   RO           88    .text.Find_Peaks    peak_detection.o
    0x08001362   0x08001362   0x00000002   PAD
    0x08001364   0x08001364   0x000000f6   Code   RO          748    .text.GPIO_Init     stm32f2xx_gpio.o
    0x0800145a   0x0800145a   0x00000002   PAD
    0x0800145c   0x0800145c   0x00000072   Code   RO          772    .text.GPIO_PinAFConfig  stm32f2xx_gpio.o
    0x080014ce   0x080014ce   0x00000002   PAD
    0x080014d0   0x080014d0   0x00000014   Code   RO          764    .text.GPIO_ResetBits  stm32f2xx_gpio.o
    0x080014e4   0x080014e4   0x00000014   Code   RO          762    .text.GPIO_SetBits  stm32f2xx_gpio.o
    0x080014f8   0x080014f8   0x00000004   Code   RO           18    .text.HardFault_Handler  stm32f2xx_it.o
    0x080014fc   0x080014fc   0x0000004e   Code   RO          123    .text.LED_Config    init.o
    0x0800154a   0x0800154a   0x00000002   PAD
    0x0800154c   0x0800154c   0x00000130   Code   RO           61    .text.MS5614T2_Init  ms5614t.o
    0x0800167c   0x0800167c   0x000000ce   Code   RO           63    .text.MS5614T2_SetCode  ms5614t.o
    0x0800174a   0x0800174a   0x00000002   PAD
    0x0800174c   0x0800174c   0x00000128   Code   RO           51    .text.MS5614T_Init  ms5614t.o
    0x08001874   0x08001874   0x000000c8   Code   RO           53    .text.MS5614T_SetCode  ms5614t.o
    0x0800193c   0x0800193c   0x00000058   Code   RO           55    .text.MakeFrame     ms5614t.o
    0x08001994   0x08001994   0x00000004   Code   RO           20    .text.MemManage_Handler  stm32f2xx_it.o
    0x08001998   0x08001998   0x00000002   Code   RO           16    .text.NMI_Handler   stm32f2xx_it.o
    0x0800199a   0x0800199a   0x00000002   PAD
    0x0800199c   0x0800199c   0x0000000c   Code   RO          117    .text.NVIC_Config   init.o
    0x080019a8   0x080019a8   0x000000ca   Code   RO          221    .text.NVIC_Init     misc.o
    0x08001a72   0x08001a72   0x00000002   PAD
    0x08001a74   0x08001a74   0x0000001c   Code   RO          219    .text.NVIC_PriorityGroupConfig  misc.o
    0x08001a90   0x08001a90   0x00000044   Code   RO          135    .text.NVIC_SetPriority  init.o
    0x08001ad4   0x08001ad4   0x00000002   Code   RO           30    .text.PendSV_Handler  stm32f2xx_it.o
    0x08001ad6   0x08001ad6   0x00000002   PAD
    0x08001ad8   0x08001ad8   0x00000038   Code   RO         1015    .text.RCC_AHB1PeriphClockCmd  stm32f2xx_rcc.o
    0x08001b10   0x08001b10   0x00000038   Code   RO         1021    .text.RCC_APB1PeriphClockCmd  stm32f2xx_rcc.o
    0x08001b48   0x08001b48   0x00000038   Code   RO         1031    .text.RCC_APB1PeriphResetCmd  stm32f2xx_rcc.o
    0x08001b80   0x08001b80   0x00000038   Code   RO         1023    .text.RCC_APB2PeriphClockCmd  stm32f2xx_rcc.o
    0x08001bb8   0x08001bb8   0x00000038   Code   RO         1033    .text.RCC_APB2PeriphResetCmd  stm32f2xx_rcc.o
    0x08001bf0   0x08001bf0   0x00000162   Code   RO         1005    .text.RCC_GetClocksFreq  stm32f2xx_rcc.o
    0x08001d52   0x08001d52   0x00000002   PAD
    0x08001d54   0x08001d54   0x0000004a   Code   RO           59    .text.SPI2_Send16   ms5614t.o
    0x08001d9e   0x08001d9e   0x00000002   PAD
    0x08001da0   0x08001da0   0x0000004a   Code   RO           65    .text.SPI3_Send16   ms5614t.o
    0x08001dea   0x08001dea   0x00000002   PAD
    0x08001dec   0x08001dec   0x0000002c   Code   RO         1256    .text.SPI_Cmd       stm32f2xx_spi.o
    0x08001e18   0x08001e18   0x00000080   Code   RO         1246    .text.SPI_I2S_DeInit  stm32f2xx_spi.o
    0x08001e98   0x08001e98   0x00000036   Code   RO         1286    .text.SPI_I2S_GetFlagStatus  stm32f2xx_spi.o
    0x08001ece   0x08001ece   0x00000002   PAD
    0x08001ed0   0x08001ed0   0x0000000c   Code   RO         1270    .text.SPI_I2S_ReceiveData  stm32f2xx_spi.o
    0x08001edc   0x08001edc   0x00000014   Code   RO         1272    .text.SPI_I2S_SendData  stm32f2xx_spi.o
    0x08001ef0   0x08001ef0   0x00000068   Code   RO         1248    .text.SPI_Init      stm32f2xx_spi.o
    0x08001f58   0x08001f58   0x00000002   Code   RO           26    .text.SVC_Handler   stm32f2xx_it.o
    0x08001f5a   0x08001f5a   0x00000002   PAD
    0x08001f5c   0x08001f5c   0x00000056   Code   RO         1305    .text.SYSCFG_EXTILineConfig  stm32f2xx_syscfg.o
    0x08001fb2   0x08001fb2   0x00000002   PAD
    0x08001fb4   0x08001fb4   0x00000114   Code   RO          184    .text.SetSysClock   system_stm32f2xx.o
    0x080020c8   0x080020c8   0x00000054   Code   RO          129    .text.SysTick_Config  init.o
    0x0800211c   0x0800211c   0x00000002   Code   RO           32    .text.SysTick_Handler  stm32f2xx_it.o
    0x0800211e   0x0800211e   0x00000002   PAD
    0x08002120   0x08002120   0x00000064   Code   RO          182    .text.SystemInit    system_stm32f2xx.o
    0x08002184   0x08002184   0x000000ca   Code   RO           36    .text.USART1_IRQHandler  stm32f2xx_it.o
    0x0800224e   0x0800224e   0x00000002   PAD
    0x08002250   0x08002250   0x0000002c   Code   RO         1521    .text.USART_Cmd     stm32f2xx_usart.o
    0x0800227c   0x0800227c   0x0000017e   Code   RO          119    .text.USART_Config  init.o
    0x080023fa   0x080023fa   0x00000002   PAD
    0x080023fc   0x080023fc   0x00000034   Code   RO         1557    .text.USART_DMACmd  stm32f2xx_usart.o
    0x08002430   0x08002430   0x00000058   Code   RO          125    .text.USART_DMA_Send  init.o
    0x08002488   0x08002488   0x000000b0   Code   RO         1565    .text.USART_GetITStatus  stm32f2xx_usart.o
    0x08002538   0x08002538   0x00000092   Code   RO         1559    .text.USART_ITConfig  stm32f2xx_usart.o
    0x080025ca   0x080025ca   0x00000002   PAD
    0x080025cc   0x080025cc   0x00000162   Code   RO         1513    .text.USART_Init    stm32f2xx_usart.o
    0x0800272e   0x0800272e   0x00000002   PAD
    0x08002730   0x08002730   0x00000010   Code   RO         1531    .text.USART_ReceiveData  stm32f2xx_usart.o
    0x08002740   0x08002740   0x00000004   Code   RO           24    .text.UsageFault_Handler  stm32f2xx_it.o
    0x08002744   0x08002744   0x00000066   Code   RO          127    .text.delay_us      init.o
    0x080027aa   0x080027aa   0x00000002   PAD
    0x080027ac   0x080027ac   0x0000007a   Code   RO            2    .text.main          main.o
    0x08002826   0x08002826   0x00000002   PAD
    0x08002828   0x08002828   0x00000078   Code   RO           73    .text.modify_table_loop  ms5614t.o
    0x080028a0   0x080028a0   0x0000007c   Code   RO           77    .text.sampleVoltage  ms5614t.o
    0x0800291c   0x0800291c   0x00000072   Code   RO           69    .text.sendTxBuffer  ms5614t.o
    0x0800298e   0x0800298e   0x00000002   PAD
    0x08002990   0x08002990   0x00000018   Code   RO           57    .text.short_delay   ms5614t.o
    0x080029a8   0x080029a8   0x00000168   Code   RO           71    .text.write_ms5614t_manual  ms5614t.o
    0x08002b10   0x08002b10   0x00000282   Code   RO           67    .text.write_ms5614t_table  ms5614t.o
    0x08002d92   0x08002d92   0x00000002   PAD
    0x08002d94   0x08002d94   0x00000062   Code   RO         1610    x$fpl$d2f           fz_ws.l(d2f.o)
    0x08002df6   0x08002df6   0x00000002   PAD
    0x08002df8   0x08002df8   0x00000150   Code   RO         1612    x$fpl$dadd          fz_ws.l(daddsub_clz.o)
    0x08002f48   0x08002f48   0x0000002e   Code   RO         1619    x$fpl$dflt          fz_ws.l(dflt_clz.o)
    0x08002f76   0x08002f76   0x00000002   PAD
    0x08002f78   0x08002f78   0x00000154   Code   RO         1624    x$fpl$dmul          fz_ws.l(dmul.o)
    0x080030cc   0x080030cc   0x0000009c   Code   RO         1651    x$fpl$dnaninf       fz_ws.l(dnaninf.o)
    0x08003168   0x08003168   0x0000000c   Code   RO         1653    x$fpl$dretinf       fz_ws.l(dretinf.o)
    0x08003174   0x08003174   0x000001dc   Code   RO         1614    x$fpl$dsub          fz_ws.l(daddsub_clz.o)
    0x08003350   0x08003350   0x000000c4   Code   RO         1626    x$fpl$fadd          fz_ws.l(faddsub_clz.o)
    0x08003414   0x08003414   0x00000184   Code   RO         1633    x$fpl$fdiv          fz_ws.l(fdiv.o)
    0x08003598   0x08003598   0x00000036   Code   RO         1636    x$fpl$ffix          fz_ws.l(ffix.o)
    0x080035ce   0x080035ce   0x00000002   PAD
    0x080035d0   0x080035d0   0x00000030   Code   RO         1641    x$fpl$fflt          fz_ws.l(fflt_clz.o)
    0x08003600   0x08003600   0x00000102   Code   RO         1646    x$fpl$fmul          fz_ws.l(fmul.o)
    0x08003702   0x08003702   0x0000008c   Code   RO         1655    x$fpl$fnaninf       fz_ws.l(fnaninf.o)
    0x0800378e   0x0800378e   0x0000000a   Code   RO         1657    x$fpl$fretinf       fz_ws.l(fretinf.o)
    0x08003798   0x08003798   0x000000ea   Code   RO         1628    x$fpl$fsub          fz_ws.l(faddsub_clz.o)
    0x08003882   0x08003882   0x00000000   Code   RO         1659    x$fpl$usenofp       fz_ws.l(usenofp.o)
    0x08003882   0x08003882   0x00000010   Data   RO         1053    .rodata.APBAHBPrescTable  stm32f2xx_rcc.o
    0x08003892   0x08003892   0x00005dc0   Data   RO          176    .rodata.Wave_DAC    dac_const.o
    0x08009652   0x08009652   0x00003e80   Data   RO          164    .rodata.Wave_DATA   wave_const.o
    0x0800d4d2   0x0800d4d2   0x00000002   PAD
    0x0800d4d4   0x0800d4d4   0x00000020   Data   RO         1821    Region$$Table       anon$$obj.o


    Execution Region RW_IRAM1 (Exec base: 0x20000000, Load base: 0x0800d4f8, Size: 0x0001c050, Max: 0x00020000, ABSOLUTE)

    Exec Addr    Load Addr    Size         Type   Attr      Idx    E Section Name        Object

    0x20000000   0x0800d4f8   0x00000004   Data   RW          188    .data.SystemCoreClock  system_stm32f2xx.o
    0x20000004   0x0800d4fc   0x00000002   Data   RW           79    .data.wave_time     ms5614t.o
    0x20000006   0x0800d4fe   0x00000002   PAD
    0x20000008        -       0x00000060   Zero   RW         1686    .bss                c_w.l(libspace.o)
    0x20000068        -       0x00000001   Zero   RW           40    .bss.ReceEndFlag    stm32f2xx_it.o
    0x20000069        -       0x0000000d   Zero   RW           43    .bss.aRxBuffer      stm32f2xx_it.o
    0x20000076        -       0x00001f40   Zero   RW           95    .bss.adc1           peak_detection.o
    0x20001fb6        -       0x00001f40   Zero   RW           96    .bss.adc2           peak_detection.o
    0x20003ef6        -       0x00001f40   Zero   RW           97    .bss.adc3           peak_detection.o
    0x20005e36        -       0x00001f40   Zero   RW           98    .bss.adc4           peak_detection.o
    0x20007d76   0x0800d4fe   0x00000002   PAD
    0x20007d78        -       0x00003e80   Zero   RW           99    .bss.adc_norvec     peak_detection.o
    0x2000bbf8        -       0x00000004   Zero   RW          105    .bss.decimal_part   peak_detection.o
    0x2000bbfc        -       0x00000001   Zero   RW            5    .bss.getData        main.o
    0x2000bbfd   0x0800d4fe   0x00000003   PAD
    0x2000bc00        -       0x00000004   Zero   RW          104    .bss.int_part       peak_detection.o
    0x2000bc04        -       0x00000001   Zero   RW           41    .bss.lastGet        stm32f2xx_it.o
    0x2000bc05   0x0800d4fe   0x00000003   PAD
    0x2000bc08        -       0x0000003c   Zero   RW          100    .bss.peaks1         peak_detection.o
    0x2000bc44        -       0x0000003c   Zero   RW          101    .bss.peaks2         peak_detection.o
    0x2000bc80        -       0x0000003c   Zero   RW          102    .bss.peaks3         peak_detection.o
    0x2000bcbc        -       0x0000003c   Zero   RW          103    .bss.peaks4         peak_detection.o
    0x2000bcf8        -       0x00007d47   Zero   RW            8    .bss.txBuffer       main.o
    0x20013a3f   0x0800d4fe   0x00000001   PAD
    0x20013a40        -       0x00000002   Zero   RW            7    .bss.txCount        main.o
    0x20013a42        -       0x00008000   Zero   RW          137    .bss.tx_buffer      init.o
    0x2001ba42        -       0x00000008   Zero   RW           80    .bss.uADCOriginvalues  ms5614t.o
    0x2001ba4a        -       0x00000001   Zero   RW           42    .bss.uhRxCounter    stm32f2xx_it.o
    0x2001ba4b        -       0x00000001   Zero   RW            6    .bss.workState      main.o
    0x2001ba4c   0x0800d4fe   0x00000004   PAD
    0x2001ba50        -       0x00000200   Zero   RW          197    HEAP                startup_stm32f2xx.o
    0x2001bc50        -       0x00000400   Zero   RW          196    STACK               startup_stm32f2xx.o


==============================================================================

Image component sizes


      Code (inc. data)   RO Data    RW Data    ZI Data      Debug   Object Name

       464          0          0          0          0       3324   adc.o
         0          0      24000          0          0        556   dac_const.o
       946          0          0          0      32768       8696   init.o
       122          0          0          0      32075       1255   main.o
       230          0          0          0          0       3033   misc.o
      2680          6          0          2          8       6513   ms5614t.o
      2088          0          0          0      48248       3516   peak_detection.o
        64         26        388          0       1536        856   startup_stm32f2xx.o
       598          0          0          0          0       5787   stm32f2xx_dma.o
       330          0          0          0          0       2767   stm32f2xx_exti.o
       400          0          0          0          0       4536   stm32f2xx_gpio.o
       340          0          0          0         16       2468   stm32f2xx_it.o
       634          0         16          0          0       9248   stm32f2xx_rcc.o
       362          0          0          0          0       7130   stm32f2xx_spi.o
        86          0          0          0          0       1976   stm32f2xx_syscfg.o
       788          0          0          0          0       7271   stm32f2xx_usart.o
       376          0          0          4          0       3088   system_stm32f2xx.o
         0          0      16000          0          0        559   wave_const.o

    ----------------------------------------------------------------------
     10572         32      40438          8     114664      72579   Object Totals
         0          0         32          0          0          0   (incl. Generated)
        64          0          2          2         13          0   (incl. Padding)

    ----------------------------------------------------------------------

      Code (inc. data)   RO Data    RW Data    ZI Data      Debug   Library Member Name

         8          0          0          0          0         68   __main.o
         0          0          0          0          0          0   __rtentry.o
        12          0          0          0          0          0   __rtentry2.o
         6          0          0          0          0          0   __rtentry4.o
        94          8          0          0          0          0   __scatter.o
        26          0          0          0          0          0   __scatter_copy.o
        28          0          0          0          0          0   __scatter_zi.o
        18          0          0          0          0         80   exit.o
         6          0          0          0          0        152   heapauxi.o
         0          0          0          0          0          0   indicate_semi.o
         2          0          0          0          0          0   libinit.o
         2          0          0          0          0          0   libinit2.o
         2          0          0          0          0          0   libshutdown.o
         2          0          0          0          0          0   libshutdown2.o
         8          4          0          0         96         68   libspace.o
        68          0          0          0          0         68   rt_memclr.o
        78          0          0          0          0         80   rt_memclr_w.o
       138          0          0          0          0         68   rt_memcpy_v6.o
       100          0          0          0          0         80   rt_memcpy_w.o
         2          0          0          0          0          0   rtexit.o
        10          0          0          0          0          0   rtexit2.o
        12          4          0          0          0         68   sys_exit.o
        74          0          0          0          0         80   sys_stackheap_outer.o
         2          0          0          0          0         68   use_no_semi.o
        98          4          0          0          0         92   d2f.o
       812         16          0          0          0        296   daddsub_clz.o
        46          0          0          0          0         68   dflt_clz.o
       340         12          0          0          0        104   dmul.o
       156          4          0          0          0         92   dnaninf.o
        12          0          0          0          0         68   dretinf.o
       430          8          0          0          0        168   faddsub_clz.o
       388         76          0          0          0         96   fdiv.o
        54          4          0          0          0         84   ffix.o
        48          0          0          0          0         68   fflt_clz.o
       258          4          0          0          0         84   fmul.o
       140          4          0          0          0         84   fnaninf.o
        10          0          0          0          0         68   fretinf.o
         0          0          0          0          0          0   usenofp.o

    ----------------------------------------------------------------------
      3506        148          0          0         96       2252   Library Totals
        16          0          0          0          0          0   (incl. Padding)

    ----------------------------------------------------------------------

      Code (inc. data)   RO Data    RW Data    ZI Data      Debug   Library Name

       698         16          0          0         96        880   c_w.l
      2792        132          0          0          0       1372   fz_ws.l

    ----------------------------------------------------------------------
      3506        148          0          0         96       2252   Library Totals

    ----------------------------------------------------------------------

==============================================================================


      Code (inc. data)   RO Data    RW Data    ZI Data      Debug   

     14078        180      40438          8     114760      73523   Grand Totals
     14078        180      40438          8     114760      73523   ELF Image Totals
     14078        180      40438          8          0          0   ROM Totals

==============================================================================

    Total RO  Size (Code + RO Data)                54516 (  53.24kB)
    Total RW  Size (RW Data + ZI Data)            114768 ( 112.08kB)
    Total ROM Size (Code + RO Data + RW Data)      54524 (  53.25kB)

==============================================================================

